Jun  1 07:04:06 debian kernel: [  164.811557] systemd: 34 output lines suppressed due to ratelimiting
Jun  1 07:13:20 debian kernel: [  719.640542] device-mapper: uevent: version 1.0.3
Jun  1 07:13:20 debian kernel: [  719.640698] device-mapper: ioctl: 4.39.0-ioctl (2018-04-03) initialised: dm-devel@redhat.com
Jun  1 07:13:26 debian kernel: [  725.418677] SGI XFS with ACLs, security attributes, realtime, no debug enabled
Jun  1 07:13:26 debian kernel: [  725.431059] JFS: nTxBlock = 8192, nTxLock = 65536
Jun  1 07:13:26 debian kernel: [  725.461470] QNX4 filesystem 0.2.3 registered.
Jun  1 07:13:26 debian kernel: [  725.537026] raid6: sse2x1   gen() 11881 MB/s
Jun  1 07:13:26 debian kernel: [  725.605081] raid6: sse2x1   xor()  8445 MB/s
Jun  1 07:13:26 debian kernel: [  725.673033] raid6: sse2x2   gen() 14819 MB/s
Jun  1 07:13:27 debian kernel: [  725.741072] raid6: sse2x2   xor()  9898 MB/s
Jun  1 07:13:27 debian kernel: [  725.809026] raid6: sse2x4   gen() 17047 MB/s
Jun  1 07:13:27 debian kernel: [  725.877025] raid6: sse2x4   xor()  9944 MB/s
Jun  1 07:13:27 debian kernel: [  725.945054] raid6: avx2x1   gen() 24242 MB/s
Jun  1 07:13:27 debian kernel: [  726.013061] raid6: avx2x1   xor() 16652 MB/s
Jun  1 07:13:27 debian kernel: [  726.081027] raid6: avx2x2   gen() 29545 MB/s
Jun  1 07:13:27 debian kernel: [  726.149031] raid6: avx2x2   xor() 18413 MB/s
Jun  1 07:13:27 debian kernel: [  726.217044] raid6: avx2x4   gen() 33343 MB/s
Jun  1 07:13:27 debian kernel: [  726.285022] raid6: avx2x4   xor() 19192 MB/s
Jun  1 07:13:27 debian kernel: [  726.285023] raid6: using algorithm avx2x4 gen() 33343 MB/s
Jun  1 07:13:27 debian kernel: [  726.285024] raid6: .... xor() 19192 MB/s, rmw enabled
Jun  1 07:13:27 debian kernel: [  726.285025] raid6: using avx2x2 recovery algorithm
Jun  1 07:13:27 debian kernel: [  726.287851] xor: automatically using best checksumming function   avx       
Jun  1 07:13:27 debian kernel: [  726.343819] Btrfs loaded, crc32c=crc32c-intel
Jun  1 07:13:27 debian kernel: [  726.351303] fuse init (API version 7.27)
Jun  1 07:15:24 debian kernel: [    0.000000] Linux version 4.19.0-9-amd64 (debian-kernel@lists.debian.org) (gcc version 8.3.0 (Debian 8.3.0-6)) #1 SMP Debian 4.19.118-2 (2020-04-29)
Jun  1 07:15:24 debian kernel: [    0.000000] Command line: BOOT_IMAGE=/boot/vmlinuz-4.19.0-9-amd64 root=UUID=cd2cb4ca-39bd-4522-919c-e4ceb81b5ae8 ro quiet
Jun  1 07:15:24 debian kernel: [    0.000000] x86/fpu: Supporting XSAVE feature 0x001: 'x87 floating point registers'
Jun  1 07:15:24 debian kernel: [    0.000000] x86/fpu: Supporting XSAVE feature 0x002: 'SSE registers'
Jun  1 07:15:24 debian kernel: [    0.000000] x86/fpu: Supporting XSAVE feature 0x004: 'AVX registers'
Jun  1 07:15:24 debian kernel: [    0.000000] x86/fpu: xstate_offset[2]:  576, xstate_sizes[2]:  256
Jun  1 07:15:24 debian kernel: [    0.000000] x86/fpu: Enabled xstate features 0x7, context size is 832 bytes, using 'standard' format.
Jun  1 07:15:24 debian kernel: [    0.000000] BIOS-provided physical RAM map:
Jun  1 07:15:24 debian kernel: [    0.000000] BIOS-e820: [mem 0x0000000000000000-0x000000000009fbff] usable
Jun  1 07:15:24 debian kernel: [    0.000000] BIOS-e820: [mem 0x000000000009fc00-0x000000000009ffff] reserved
Jun  1 07:15:24 debian kernel: [    0.000000] BIOS-e820: [mem 0x00000000000f0000-0x00000000000fffff] reserved
Jun  1 07:15:24 debian kernel: [    0.000000] BIOS-e820: [mem 0x0000000000100000-0x000000007ffeffff] usable
Jun  1 07:15:24 debian kernel: [    0.000000] BIOS-e820: [mem 0x000000007fff0000-0x000000007fffffff] ACPI data
Jun  1 07:15:24 debian kernel: [    0.000000] BIOS-e820: [mem 0x00000000fec00000-0x00000000fec00fff] reserved
Jun  1 07:15:24 debian kernel: [    0.000000] BIOS-e820: [mem 0x00000000fee00000-0x00000000fee00fff] reserved
Jun  1 07:15:24 debian kernel: [    0.000000] BIOS-e820: [mem 0x00000000fffc0000-0x00000000ffffffff] reserved
Jun  1 07:15:24 debian kernel: [    0.000000] NX (Execute Disable) protection: active
Jun  1 07:15:24 debian kernel: [    0.000000] SMBIOS 2.5 present.
Jun  1 07:15:24 debian kernel: [    0.000000] DMI: innotek GmbH VirtualBox/VirtualBox, BIOS VirtualBox 12/01/2006
Jun  1 07:15:24 debian kernel: [    0.000000] Hypervisor detected: KVM
Jun  1 07:15:24 debian kernel: [    0.000000] kvm-clock: Using msrs 4b564d01 and 4b564d00
Jun  1 07:15:24 debian kernel: [    0.000000] kvm-clock: cpu 0, msr 64fe8001, primary cpu clock
Jun  1 07:15:24 debian kernel: [    0.000000] kvm-clock: using sched offset of 839380558793 cycles
Jun  1 07:15:24 debian kernel: [    0.000001] clocksource: kvm-clock: mask: 0xffffffffffffffff max_cycles: 0x1cd42e4dffb, max_idle_ns: 881590591483 ns
Jun  1 07:15:24 debian kernel: [    0.000003] tsc: Detected 2592.008 MHz processor
Jun  1 07:15:24 debian kernel: [    0.001239] e820: update [mem 0x00000000-0x00000fff] usable ==> reserved
Jun  1 07:15:24 debian kernel: [    0.001240] e820: remove [mem 0x000a0000-0x000fffff] usable
Jun  1 07:15:24 debian kernel: [    0.001243] last_pfn = 0x7fff0 max_arch_pfn = 0x400000000
Jun  1 07:15:24 debian kernel: [    0.001251] MTRR default type: uncachable
Jun  1 07:15:24 debian kernel: [    0.001252] MTRR variable ranges disabled:
Jun  1 07:15:24 debian kernel: [    0.001252] Disabled
Jun  1 07:15:24 debian kernel: [    0.001253] x86/PAT: MTRRs disabled, skipping PAT initialization too.
Jun  1 07:15:24 debian kernel: [    0.001254] CPU MTRRs all blank - virtualized system.
Jun  1 07:15:24 debian kernel: [    0.001256] x86/PAT: Configuration [0-7]: WB  WT  UC- UC  WB  WT  UC- UC  
Jun  1 07:15:24 debian kernel: [    0.001311] found SMP MP-table at [mem 0x0009fff0-0x0009ffff]
Jun  1 07:15:24 debian kernel: [    0.062239] BRK [0x65201000, 0x65201fff] PGTABLE
Jun  1 07:15:24 debian kernel: [    0.062241] BRK [0x65202000, 0x65202fff] PGTABLE
Jun  1 07:15:24 debian kernel: [    0.062241] BRK [0x65203000, 0x65203fff] PGTABLE
Jun  1 07:15:24 debian kernel: [    0.062254] BRK [0x65204000, 0x65204fff] PGTABLE
Jun  1 07:15:24 debian kernel: [    0.062255] BRK [0x65205000, 0x65205fff] PGTABLE
Jun  1 07:15:24 debian kernel: [    0.062293] BRK [0x65206000, 0x65206fff] PGTABLE
Jun  1 07:15:24 debian kernel: [    0.062301] RAMDISK: [mem 0x34e8b000-0x3673cfff]
Jun  1 07:15:24 debian kernel: [    0.062308] ACPI: Early table checksum verification disabled
Jun  1 07:15:24 debian kernel: [    0.062325] ACPI: RSDP 0x00000000000E0000 000024 (v02 VBOX  )
Jun  1 07:15:24 debian kernel: [    0.062328] ACPI: XSDT 0x000000007FFF0030 00003C (v01 VBOX   VBOXXSDT 00000001 ASL  00000061)
Jun  1 07:15:24 debian kernel: [    0.062332] ACPI: FACP 0x000000007FFF00F0 0000F4 (v04 VBOX   VBOXFACP 00000001 ASL  00000061)
Jun  1 07:15:24 debian kernel: [    0.062336] ACPI: DSDT 0x000000007FFF0480 002325 (v02 VBOX   VBOXBIOS 00000002 INTL 20200214)
Jun  1 07:15:24 debian kernel: [    0.062339] ACPI: FACS 0x000000007FFF0200 000040
Jun  1 07:15:24 debian kernel: [    0.062341] ACPI: FACS 0x000000007FFF0200 000040
Jun  1 07:15:24 debian kernel: [    0.062343] ACPI: APIC 0x000000007FFF0240 00006C (v02 VBOX   VBOXAPIC 00000001 ASL  00000061)
Jun  1 07:15:24 debian kernel: [    0.062346] ACPI: SSDT 0x000000007FFF02B0 0001CC (v01 VBOX   VBOXCPUT 00000002 INTL 20200214)
Jun  1 07:15:24 debian kernel: [    0.062353] ACPI: Local APIC address 0xfee00000
Jun  1 07:15:24 debian kernel: [    0.062577] No NUMA configuration found
Jun  1 07:15:24 debian kernel: [    0.062578] Faking a node at [mem 0x0000000000000000-0x000000007ffeffff]
Jun  1 07:15:24 debian kernel: [    0.062580] NODE_DATA(0) allocated [mem 0x7ffeb000-0x7ffeffff]
Jun  1 07:15:24 debian kernel: [    0.062768] Zone ranges:
Jun  1 07:15:24 debian kernel: [    0.062769]   DMA      [mem 0x0000000000001000-0x0000000000ffffff]
Jun  1 07:15:24 debian kernel: [    0.062770]   DMA32    [mem 0x0000000001000000-0x000000007ffeffff]
Jun  1 07:15:24 debian kernel: [    0.062770]   Normal   empty
Jun  1 07:15:24 debian kernel: [    0.062771]   Device   empty
Jun  1 07:15:24 debian kernel: [    0.062771] Movable zone start for each node
Jun  1 07:15:24 debian kernel: [    0.062772] Early memory node ranges
Jun  1 07:15:24 debian kernel: [    0.062772]   node   0: [mem 0x0000000000001000-0x000000000009efff]
Jun  1 07:15:24 debian kernel: [    0.062773]   node   0: [mem 0x0000000000100000-0x000000007ffeffff]
Jun  1 07:15:24 debian kernel: [    0.063138] Zeroed struct page in unavailable ranges: 114 pages
Jun  1 07:15:24 debian kernel: [    0.063139] Initmem setup node 0 [mem 0x0000000000001000-0x000000007ffeffff]
Jun  1 07:15:24 debian kernel: [    0.063140] On node 0 totalpages: 524174
Jun  1 07:15:24 debian kernel: [    0.063141]   DMA zone: 64 pages used for memmap
Jun  1 07:15:24 debian kernel: [    0.063141]   DMA zone: 21 pages reserved
Jun  1 07:15:24 debian kernel: [    0.063142]   DMA zone: 3998 pages, LIFO batch:0
Jun  1 07:15:24 debian kernel: [    0.063205]   DMA32 zone: 8128 pages used for memmap
Jun  1 07:15:24 debian kernel: [    0.063206]   DMA32 zone: 520176 pages, LIFO batch:63
Jun  1 07:15:24 debian kernel: [    0.071522] ACPI: PM-Timer IO Port: 0x4008
Jun  1 07:15:24 debian kernel: [    0.071524] ACPI: Local APIC address 0xfee00000
Jun  1 07:15:24 debian kernel: [    0.071574] IOAPIC[0]: apic_id 4, version 32, address 0xfec00000, GSI 0-23
Jun  1 07:15:24 debian kernel: [    0.071577] ACPI: INT_SRC_OVR (bus 0 bus_irq 0 global_irq 2 dfl dfl)
Jun  1 07:15:24 debian kernel: [    0.071578] ACPI: INT_SRC_OVR (bus 0 bus_irq 9 global_irq 9 low level)
Jun  1 07:15:24 debian kernel: [    0.071579] ACPI: IRQ0 used by override.
Jun  1 07:15:24 debian kernel: [    0.071580] ACPI: IRQ9 used by override.
Jun  1 07:15:24 debian kernel: [    0.071581] Using ACPI (MADT) for SMP configuration information
Jun  1 07:15:24 debian kernel: [    0.071586] smpboot: Allowing 4 CPUs, 0 hotplug CPUs
Jun  1 07:15:24 debian kernel: [    0.071602] PM: Registered nosave memory: [mem 0x00000000-0x00000fff]
Jun  1 07:15:24 debian kernel: [    0.071603] PM: Registered nosave memory: [mem 0x0009f000-0x0009ffff]
Jun  1 07:15:24 debian kernel: [    0.071604] PM: Registered nosave memory: [mem 0x000a0000-0x000effff]
Jun  1 07:15:24 debian kernel: [    0.071604] PM: Registered nosave memory: [mem 0x000f0000-0x000fffff]
Jun  1 07:15:24 debian kernel: [    0.071605] [mem 0x80000000-0xfebfffff] available for PCI devices
Jun  1 07:15:24 debian kernel: [    0.071606] Booting paravirtualized kernel on KVM
Jun  1 07:15:24 debian kernel: [    0.071608] clocksource: refined-jiffies: mask: 0xffffffff max_cycles: 0xffffffff, max_idle_ns: 7645519600211568 ns
Jun  1 07:15:24 debian kernel: [    0.139483] random: get_random_bytes called from start_kernel+0x93/0x52c with crng_init=0
Jun  1 07:15:24 debian kernel: [    0.139487] setup_percpu: NR_CPUS:512 nr_cpumask_bits:512 nr_cpu_ids:4 nr_node_ids:1
Jun  1 07:15:24 debian kernel: [    0.139756] percpu: Embedded 45 pages/cpu s144408 r8192 d31720 u524288
Jun  1 07:15:24 debian kernel: [    0.139760] pcpu-alloc: s144408 r8192 d31720 u524288 alloc=1*2097152
Jun  1 07:15:24 debian kernel: [    0.139760] pcpu-alloc: [0] 0 1 2 3 
Jun  1 07:15:24 debian kernel: [    0.139778] PV qspinlock hash table entries: 256 (order: 0, 4096 bytes)
Jun  1 07:15:24 debian kernel: [    0.139782] Built 1 zonelists, mobility grouping on.  Total pages: 515961
Jun  1 07:15:24 debian kernel: [    0.139782] Policy zone: DMA32
Jun  1 07:15:24 debian kernel: [    0.139784] Kernel command line: BOOT_IMAGE=/boot/vmlinuz-4.19.0-9-amd64 root=UUID=cd2cb4ca-39bd-4522-919c-e4ceb81b5ae8 ro quiet
Jun  1 07:15:24 debian kernel: [    0.139881] Calgary: detecting Calgary via BIOS EBDA area
Jun  1 07:15:24 debian kernel: [    0.139882] Calgary: Unable to locate Rio Grande table in EBDA - bailing!
Jun  1 07:15:24 debian kernel: [    0.143989] Memory: 2012996K/2096696K available (10252K kernel code, 1241K rwdata, 3316K rodata, 1588K init, 2276K bss, 83700K reserved, 0K cma-reserved)
Jun  1 07:15:24 debian kernel: [    0.144230] SLUB: HWalign=64, Order=0-3, MinObjects=0, CPUs=4, Nodes=1
Jun  1 07:15:24 debian kernel: [    0.144234] Kernel/User page tables isolation: enabled
Jun  1 07:15:24 debian kernel: [    0.144276] ftrace: allocating 31879 entries in 125 pages
Jun  1 07:15:24 debian kernel: [    0.153806] rcu: Hierarchical RCU implementation.
Jun  1 07:15:24 debian kernel: [    0.153807] rcu: 	RCU restricting CPUs from NR_CPUS=512 to nr_cpu_ids=4.
Jun  1 07:15:24 debian kernel: [    0.153808] rcu: Adjusting geometry for rcu_fanout_leaf=16, nr_cpu_ids=4
Jun  1 07:15:24 debian kernel: [    0.155886] NR_IRQS: 33024, nr_irqs: 456, preallocated irqs: 16
Jun  1 07:15:24 debian kernel: [    0.163251] Console: colour VGA+ 80x25
Jun  1 07:15:24 debian kernel: [    0.163254] console [tty0] enabled
Jun  1 07:15:24 debian kernel: [    0.163266] ACPI: Core revision 20180810
Jun  1 07:15:24 debian kernel: [    0.163340] APIC: Switch to symmetric I/O mode setup
Jun  1 07:15:24 debian kernel: [    0.163524] x2apic enabled
Jun  1 07:15:24 debian kernel: [    0.163699] Switched APIC routing to physical x2apic.
Jun  1 07:15:24 debian kernel: [    0.164554] ..TIMER: vector=0x30 apic1=0 pin1=2 apic2=-1 pin2=-1
Jun  1 07:15:24 debian kernel: [    0.164571] clocksource: tsc-early: mask: 0xffffffffffffffff max_cycles: 0x255cbea3061, max_idle_ns: 440795313801 ns
Jun  1 07:15:24 debian kernel: [    0.164586] Calibrating delay loop (skipped) preset value.. 5184.01 BogoMIPS (lpj=10368032)
Jun  1 07:15:24 debian kernel: [    0.164588] pid_max: default: 32768 minimum: 301
Jun  1 07:15:24 debian kernel: [    0.164607] Security Framework initialized
Jun  1 07:15:24 debian kernel: [    0.164608] Yama: disabled by default; enable with sysctl kernel.yama.*
Jun  1 07:15:24 debian kernel: [    0.164620] AppArmor: AppArmor initialized
Jun  1 07:15:24 debian kernel: [    0.164983] Dentry cache hash table entries: 262144 (order: 9, 2097152 bytes)
Jun  1 07:15:24 debian kernel: [    0.165223] Inode-cache hash table entries: 131072 (order: 8, 1048576 bytes)
Jun  1 07:15:24 debian kernel: [    0.165232] Mount-cache hash table entries: 4096 (order: 3, 32768 bytes)
Jun  1 07:15:24 debian kernel: [    0.165235] Mountpoint-cache hash table entries: 4096 (order: 3, 32768 bytes)
Jun  1 07:15:24 debian kernel: [    0.165451] Last level iTLB entries: 4KB 64, 2MB 8, 4MB 8
Jun  1 07:15:24 debian kernel: [    0.165452] Last level dTLB entries: 4KB 64, 2MB 0, 4MB 0, 1GB 4
Jun  1 07:15:24 debian kernel: [    0.165453] Spectre V1 : Mitigation: usercopy/swapgs barriers and __user pointer sanitization
Jun  1 07:15:24 debian kernel: [    0.165454] Spectre V2 : Mitigation: Full generic retpoline
Jun  1 07:15:24 debian kernel: [    0.165454] Spectre V2 : Spectre v2 / SpectreRSB mitigation: Filling RSB on context switch
Jun  1 07:15:24 debian kernel: [    0.165455] Speculative Store Bypass: Vulnerable
Jun  1 07:15:24 debian kernel: [    0.165488] MDS: Mitigation: Clear CPU buffers
Jun  1 07:15:24 debian kernel: [    0.165614] Freeing SMP alternatives memory: 24K
Jun  1 07:15:24 debian kernel: [    0.276797] smpboot: CPU0: Intel(R) Core(TM) i7-6700HQ CPU @ 2.60GHz (family: 0x6, model: 0x5e, stepping: 0x3)
Jun  1 07:15:24 debian kernel: [    0.276879] Performance Events: unsupported p6 CPU model 94 no PMU driver, software events only.
Jun  1 07:15:24 debian kernel: [    0.276902] rcu: Hierarchical SRCU implementation.
Jun  1 07:15:24 debian kernel: [    0.277178] random: crng done (trusting CPU's manufacturer)
Jun  1 07:15:24 debian kernel: [    0.277190] NMI watchdog: Perf NMI watchdog permanently disabled
Jun  1 07:15:24 debian kernel: [    0.277231] smp: Bringing up secondary CPUs ...
Jun  1 07:15:24 debian kernel: [    0.277281] x86: Booting SMP configuration:
Jun  1 07:15:24 debian kernel: [    0.277281] .... node  #0, CPUs:      #1
Jun  1 07:15:24 debian kernel: [    0.012375] kvm-clock: cpu 1, msr 64fe8041, secondary cpu clock
Jun  1 07:15:24 debian kernel: [    0.279583]  #2
Jun  1 07:15:24 debian kernel: [    0.012375] kvm-clock: cpu 2, msr 64fe8081, secondary cpu clock
Jun  1 07:15:24 debian kernel: [    0.280630]  #3
Jun  1 07:15:24 debian kernel: [    0.012375] kvm-clock: cpu 3, msr 64fe80c1, secondary cpu clock
Jun  1 07:15:24 debian kernel: [    0.282916] smp: Brought up 1 node, 4 CPUs
Jun  1 07:15:24 debian kernel: [    0.282916] smpboot: Max logical packages: 1
Jun  1 07:15:24 debian kernel: [    0.282916] smpboot: Total of 4 processors activated (20736.06 BogoMIPS)
Jun  1 07:15:24 debian kernel: [    0.284575] devtmpfs: initialized
Jun  1 07:15:24 debian kernel: [    0.284631] x86/mm: Memory block size: 128MB
Jun  1 07:15:24 debian kernel: [    0.284844] clocksource: jiffies: mask: 0xffffffff max_cycles: 0xffffffff, max_idle_ns: 7645041785100000 ns
Jun  1 07:15:24 debian kernel: [    0.284844] futex hash table entries: 1024 (order: 4, 65536 bytes)
Jun  1 07:15:24 debian kernel: [    0.284844] pinctrl core: initialized pinctrl subsystem
Jun  1 07:15:24 debian kernel: [    0.285135] NET: Registered protocol family 16
Jun  1 07:15:24 debian kernel: [    0.285189] audit: initializing netlink subsys (disabled)
Jun  1 07:15:24 debian kernel: [    0.285208] audit: type=2000 audit(1591007353.072:1): state=initialized audit_enabled=0 res=1
Jun  1 07:15:24 debian kernel: [    0.285208] cpuidle: using governor ladder
Jun  1 07:15:24 debian kernel: [    0.285208] cpuidle: using governor menu
Jun  1 07:15:24 debian kernel: [    0.285208] ACPI: bus type PCI registered
Jun  1 07:15:24 debian kernel: [    0.285208] acpiphp: ACPI Hot Plug PCI Controller Driver version: 0.5
Jun  1 07:15:24 debian kernel: [    0.285208] PCI: Using configuration type 1 for base access
Jun  1 07:15:24 debian kernel: [    0.285208] HugeTLB registered 2.00 MiB page size, pre-allocated 0 pages
Jun  1 07:15:24 debian kernel: [    0.285208] ACPI: Added _OSI(Module Device)
Jun  1 07:15:24 debian kernel: [    0.285208] ACPI: Added _OSI(Processor Device)
Jun  1 07:15:24 debian kernel: [    0.285208] ACPI: Added _OSI(3.0 _SCP Extensions)
Jun  1 07:15:24 debian kernel: [    0.285208] ACPI: Added _OSI(Processor Aggregator Device)
Jun  1 07:15:24 debian kernel: [    0.285208] ACPI: Added _OSI(Linux-Dell-Video)
Jun  1 07:15:24 debian kernel: [    0.285208] ACPI: Added _OSI(Linux-Lenovo-NV-HDMI-Audio)
Jun  1 07:15:24 debian kernel: [    0.285805] ACPI: 2 ACPI AML tables successfully acquired and loaded
Jun  1 07:15:24 debian kernel: [    0.289332] ACPI: Interpreter enabled
Jun  1 07:15:24 debian kernel: [    0.289339] ACPI: (supports S0 S5)
Jun  1 07:15:24 debian kernel: [    0.289340] ACPI: Using IOAPIC for interrupt routing
Jun  1 07:15:24 debian kernel: [    0.289447] PCI: Using host bridge windows from ACPI; if necessary, use "pci=nocrs" and report a bug
Jun  1 07:15:24 debian kernel: [    0.289522] ACPI: Enabled 2 GPEs in block 00 to 07
Jun  1 07:15:24 debian kernel: [    0.292485] ACPI: PCI Root Bridge [PCI0] (domain 0000 [bus 00-ff])
Jun  1 07:15:24 debian kernel: [    0.292489] acpi PNP0A03:00: _OSC: OS supports [ASPM ClockPM Segments MSI]
Jun  1 07:15:24 debian kernel: [    0.292640] acpi PNP0A03:00: _OSC: not requesting OS control; OS requires [ExtendedConfig ASPM ClockPM MSI]
Jun  1 07:15:24 debian kernel: [    0.292645] acpi PNP0A03:00: fail to add MMCONFIG information, can't access extended PCI configuration space under this bridge.
Jun  1 07:15:24 debian kernel: [    0.292871] PCI host bridge to bus 0000:00
Jun  1 07:15:24 debian kernel: [    0.292873] pci_bus 0000:00: root bus resource [io  0x0000-0x0cf7 window]
Jun  1 07:15:24 debian kernel: [    0.292874] pci_bus 0000:00: root bus resource [io  0x0d00-0xffff window]
Jun  1 07:15:24 debian kernel: [    0.292875] pci_bus 0000:00: root bus resource [mem 0x000a0000-0x000bffff window]
Jun  1 07:15:24 debian kernel: [    0.292876] pci_bus 0000:00: root bus resource [mem 0x80000000-0xfdffffff window]
Jun  1 07:15:24 debian kernel: [    0.292877] pci_bus 0000:00: root bus resource [bus 00-ff]
Jun  1 07:15:24 debian kernel: [    0.292904] pci 0000:00:00.0: [8086:1237] type 00 class 0x060000
Jun  1 07:15:24 debian kernel: [    0.293314] pci 0000:00:01.0: [8086:7000] type 00 class 0x060100
Jun  1 07:15:24 debian kernel: [    0.293799] pci 0000:00:01.1: [8086:7111] type 00 class 0x01018a
Jun  1 07:15:24 debian kernel: [    0.294102] pci 0000:00:01.1: reg 0x20: [io  0xd000-0xd00f]
Jun  1 07:15:24 debian kernel: [    0.294202] pci 0000:00:01.1: legacy IDE quirk: reg 0x10: [io  0x01f0-0x01f7]
Jun  1 07:15:24 debian kernel: [    0.294203] pci 0000:00:01.1: legacy IDE quirk: reg 0x14: [io  0x03f6]
Jun  1 07:15:24 debian kernel: [    0.294203] pci 0000:00:01.1: legacy IDE quirk: reg 0x18: [io  0x0170-0x0177]
Jun  1 07:15:24 debian kernel: [    0.294204] pci 0000:00:01.1: legacy IDE quirk: reg 0x1c: [io  0x0376]
Jun  1 07:15:24 debian kernel: [    0.294369] pci 0000:00:02.0: [80ee:beef] type 00 class 0x030000
Jun  1 07:15:24 debian kernel: [    0.295710] pci 0000:00:02.0: reg 0x10: [mem 0xe0000000-0xe0ffffff pref]
Jun  1 07:15:24 debian kernel: [    0.302097] pci 0000:00:03.0: [8086:100e] type 00 class 0x020000
Jun  1 07:15:24 debian kernel: [    0.302966] pci 0000:00:03.0: reg 0x10: [mem 0xf0000000-0xf001ffff]
Jun  1 07:15:24 debian kernel: [    0.304658] pci 0000:00:03.0: reg 0x18: [io  0xd010-0xd017]
Jun  1 07:15:24 debian kernel: [    0.307975] pci 0000:00:04.0: [80ee:cafe] type 00 class 0x088000
Jun  1 07:15:24 debian kernel: [    0.308676] pci 0000:00:04.0: reg 0x10: [io  0xd020-0xd03f]
Jun  1 07:15:24 debian kernel: [    0.309418] pci 0000:00:04.0: reg 0x14: [mem 0xf0400000-0xf07fffff]
Jun  1 07:15:24 debian kernel: [    0.310170] pci 0000:00:04.0: reg 0x18: [mem 0xf0800000-0xf0803fff pref]
Jun  1 07:15:24 debian kernel: [    0.312934] pci 0000:00:05.0: [8086:2415] type 00 class 0x040100
Jun  1 07:15:24 debian kernel: [    0.313025] pci 0000:00:05.0: reg 0x10: [io  0xd100-0xd1ff]
Jun  1 07:15:24 debian kernel: [    0.313084] pci 0000:00:05.0: reg 0x14: [io  0xd200-0xd23f]
Jun  1 07:15:24 debian kernel: [    0.313474] pci 0000:00:06.0: [106b:003f] type 00 class 0x0c0310
Jun  1 07:15:24 debian kernel: [    0.314256] pci 0000:00:06.0: reg 0x10: [mem 0xf0804000-0xf0804fff]
Jun  1 07:15:24 debian kernel: [    0.319103] pci 0000:00:07.0: [8086:7113] type 00 class 0x068000
Jun  1 07:15:24 debian kernel: [    0.319509] pci 0000:00:07.0: quirk: [io  0x4000-0x403f] claimed by PIIX4 ACPI
Jun  1 07:15:24 debian kernel: [    0.319529] pci 0000:00:07.0: quirk: [io  0x4100-0x410f] claimed by PIIX4 SMB
Jun  1 07:15:24 debian kernel: [    0.319745] pci 0000:00:08.0: [8086:100e] type 00 class 0x020000
Jun  1 07:15:24 debian kernel: [    0.320664] pci 0000:00:08.0: reg 0x10: [mem 0xf0820000-0xf083ffff]
Jun  1 07:15:24 debian kernel: [    0.322164] pci 0000:00:08.0: reg 0x18: [io  0xd240-0xd247]
Jun  1 07:15:24 debian kernel: [    0.325153] pci 0000:00:0b.0: [8086:265c] type 00 class 0x0c0320
Jun  1 07:15:24 debian kernel: [    0.325957] pci 0000:00:0b.0: reg 0x10: [mem 0xf0840000-0xf0840fff]
Jun  1 07:15:24 debian kernel: [    0.331198] pci 0000:00:0d.0: [8086:2829] type 00 class 0x010601
Jun  1 07:15:24 debian kernel: [    0.332073] pci 0000:00:0d.0: reg 0x10: [io  0xd248-0xd24f]
Jun  1 07:15:24 debian kernel: [    0.332573] pci 0000:00:0d.0: reg 0x14: [io  0xd250-0xd253]
Jun  1 07:15:24 debian kernel: [    0.332654] pci 0000:00:0d.0: reg 0x18: [io  0xd258-0xd25f]
Jun  1 07:15:24 debian kernel: [    0.333429] pci 0000:00:0d.0: reg 0x1c: [io  0xd260-0xd263]
Jun  1 07:15:24 debian kernel: [    0.334200] pci 0000:00:0d.0: reg 0x20: [io  0xd270-0xd27f]
Jun  1 07:15:24 debian kernel: [    0.334992] pci 0000:00:0d.0: reg 0x24: [mem 0xf0842000-0xf0843fff]
Jun  1 07:15:24 debian kernel: [    0.337546] ACPI: PCI Interrupt Link [LNKA] (IRQs 5 9 10 *11)
Jun  1 07:15:24 debian kernel: [    0.337708] ACPI: PCI Interrupt Link [LNKB] (IRQs 5 9 *10 11)
Jun  1 07:15:24 debian kernel: [    0.337770] ACPI: PCI Interrupt Link [LNKC] (IRQs 5 *9 10 11)
Jun  1 07:15:24 debian kernel: [    0.337830] ACPI: PCI Interrupt Link [LNKD] (IRQs 5 9 10 *11)
Jun  1 07:15:24 debian kernel: [    0.338020] pci 0000:00:02.0: vgaarb: setting as boot VGA device
Jun  1 07:15:24 debian kernel: [    0.338020] pci 0000:00:02.0: vgaarb: VGA device added: decodes=io+mem,owns=io+mem,locks=none
Jun  1 07:15:24 debian kernel: [    0.338020] pci 0000:00:02.0: vgaarb: bridge control possible
Jun  1 07:15:24 debian kernel: [    0.338020] vgaarb: loaded
Jun  1 07:15:24 debian kernel: [    0.338020] pps_core: LinuxPPS API ver. 1 registered
Jun  1 07:15:24 debian kernel: [    0.338020] pps_core: Software ver. 5.3.6 - Copyright 2005-2007 Rodolfo Giometti <giometti@linux.it>
Jun  1 07:15:24 debian kernel: [    0.338020] PTP clock support registered
Jun  1 07:15:24 debian kernel: [    0.338020] EDAC MC: Ver: 3.0.0
Jun  1 07:15:24 debian kernel: [    0.338020] PCI: Using ACPI for IRQ routing
Jun  1 07:15:24 debian kernel: [    0.338020] PCI: pci_cache_line_size set to 64 bytes
Jun  1 07:15:24 debian kernel: [    0.338020] e820: reserve RAM buffer [mem 0x0009fc00-0x0009ffff]
Jun  1 07:15:24 debian kernel: [    0.338020] e820: reserve RAM buffer [mem 0x7fff0000-0x7fffffff]
Jun  1 07:15:24 debian kernel: [    0.338020] clocksource: Switched to clocksource kvm-clock
Jun  1 07:15:24 debian kernel: [    0.344579] VFS: Disk quotas dquot_6.6.0
Jun  1 07:15:24 debian kernel: [    0.344605] VFS: Dquot-cache hash table entries: 512 (order 0, 4096 bytes)
Jun  1 07:15:24 debian kernel: [    0.344691] AppArmor: AppArmor Filesystem Enabled
Jun  1 07:15:24 debian kernel: [    0.344707] pnp: PnP ACPI init
Jun  1 07:15:24 debian kernel: [    0.344835] pnp 00:00: Plug and Play ACPI device, IDs PNP0303 (active)
Jun  1 07:15:24 debian kernel: [    0.344900] pnp 00:01: Plug and Play ACPI device, IDs PNP0f03 (active)
Jun  1 07:15:24 debian kernel: [    0.345335] pnp: PnP ACPI: found 2 devices
Jun  1 07:15:24 debian kernel: [    0.354102] clocksource: acpi_pm: mask: 0xffffff max_cycles: 0xffffff, max_idle_ns: 2085701024 ns
Jun  1 07:15:24 debian kernel: [    0.354111] pci_bus 0000:00: resource 4 [io  0x0000-0x0cf7 window]
Jun  1 07:15:24 debian kernel: [    0.354112] pci_bus 0000:00: resource 5 [io  0x0d00-0xffff window]
Jun  1 07:15:24 debian kernel: [    0.354113] pci_bus 0000:00: resource 6 [mem 0x000a0000-0x000bffff window]
Jun  1 07:15:24 debian kernel: [    0.354114] pci_bus 0000:00: resource 7 [mem 0x80000000-0xfdffffff window]
Jun  1 07:15:24 debian kernel: [    0.354152] NET: Registered protocol family 2
Jun  1 07:15:24 debian kernel: [    0.354271] tcp_listen_portaddr_hash hash table entries: 1024 (order: 2, 16384 bytes)
Jun  1 07:15:24 debian kernel: [    0.354278] TCP established hash table entries: 16384 (order: 5, 131072 bytes)
Jun  1 07:15:24 debian kernel: [    0.354295] TCP bind hash table entries: 16384 (order: 6, 262144 bytes)
Jun  1 07:15:24 debian kernel: [    0.354314] TCP: Hash tables configured (established 16384 bind 16384)
Jun  1 07:15:24 debian kernel: [    0.354334] UDP hash table entries: 1024 (order: 3, 32768 bytes)
Jun  1 07:15:24 debian kernel: [    0.354339] UDP-Lite hash table entries: 1024 (order: 3, 32768 bytes)
Jun  1 07:15:24 debian kernel: [    0.354365] NET: Registered protocol family 1
Jun  1 07:15:24 debian kernel: [    0.354369] NET: Registered protocol family 44
Jun  1 07:15:24 debian kernel: [    0.354386] pci 0000:00:00.0: Limiting direct PCI/PCI transfers
Jun  1 07:15:24 debian kernel: [    0.354396] pci 0000:00:01.0: Activating ISA DMA hang workarounds
Jun  1 07:15:24 debian kernel: [    0.354434] pci 0000:00:02.0: Video device with shadowed ROM at [mem 0x000c0000-0x000dffff]
Jun  1 07:15:24 debian kernel: [    0.355957] PCI: CLS 0 bytes, default 64
Jun  1 07:15:24 debian kernel: [    0.355980] Unpacking initramfs...
Jun  1 07:15:24 debian kernel: [    0.679142] Freeing initrd memory: 25288K
Jun  1 07:15:24 debian kernel: [    0.679181] clocksource: tsc: mask: 0xffffffffffffffff max_cycles: 0x255cbea3061, max_idle_ns: 440795313801 ns
Jun  1 07:15:24 debian kernel: [    0.679210] platform rtc_cmos: registered platform RTC device (no PNP device found)
Jun  1 07:15:24 debian kernel: [    0.679730] Initialise system trusted keyrings
Jun  1 07:15:24 debian kernel: [    0.679737] Key type blacklist registered
Jun  1 07:15:24 debian kernel: [    0.679847] workingset: timestamp_bits=40 max_order=19 bucket_order=0
Jun  1 07:15:24 debian kernel: [    0.680781] zbud: loaded
Jun  1 07:15:24 debian kernel: [    0.787747] Key type asymmetric registered
Jun  1 07:15:24 debian kernel: [    0.787748] Asymmetric key parser 'x509' registered
Jun  1 07:15:24 debian kernel: [    0.787761] Block layer SCSI generic (bsg) driver version 0.4 loaded (major 247)
Jun  1 07:15:24 debian kernel: [    0.787820] io scheduler noop registered
Jun  1 07:15:24 debian kernel: [    0.787821] io scheduler deadline registered
Jun  1 07:15:24 debian kernel: [    0.787891] io scheduler cfq registered (default)
Jun  1 07:15:24 debian kernel: [    0.787892] io scheduler mq-deadline registered
Jun  1 07:15:24 debian kernel: [    0.788454] shpchp: Standard Hot Plug PCI Controller Driver version: 0.4
Jun  1 07:15:24 debian kernel: [    0.788462] intel_idle: Please enable MWAIT in BIOS SETUP
Jun  1 07:15:24 debian kernel: [    0.788793] Serial: 8250/16550 driver, 4 ports, IRQ sharing enabled
Jun  1 07:15:24 debian kernel: [    0.789509] Linux agpgart interface v0.103
Jun  1 07:15:24 debian kernel: [    0.789585] AMD IOMMUv2 driver by Joerg Roedel <jroedel@suse.de>
Jun  1 07:15:24 debian kernel: [    0.789585] AMD IOMMUv2 functionality not available on this system
Jun  1 07:15:24 debian kernel: [    0.790029] i8042: PNP: PS/2 Controller [PNP0303:PS2K,PNP0f03:PS2M] at 0x60,0x64 irq 1,12
Jun  1 07:15:24 debian kernel: [    0.790531] serio: i8042 KBD port at 0x60,0x64 irq 1
Jun  1 07:15:24 debian kernel: [    0.790535] serio: i8042 AUX port at 0x60,0x64 irq 12
Jun  1 07:15:24 debian kernel: [    0.790674] mousedev: PS/2 mouse device common for all mice
Jun  1 07:15:24 debian kernel: [    0.790928] rtc_cmos rtc_cmos: registered as rtc0
Jun  1 07:15:24 debian kernel: [    0.790952] rtc_cmos rtc_cmos: alarms up to one day, 114 bytes nvram
Jun  1 07:15:24 debian kernel: [    0.791336] ledtrig-cpu: registered to indicate activity on CPUs
Jun  1 07:15:24 debian kernel: [    0.791632] NET: Registered protocol family 10
Jun  1 07:15:24 debian kernel: [    0.791969] input: AT Translated Set 2 keyboard as /devices/platform/i8042/serio0/input/input0
Jun  1 07:15:24 debian kernel: [    0.798784] Segment Routing with IPv6
Jun  1 07:15:24 debian kernel: [    0.798800] mip6: Mobile IPv6
Jun  1 07:15:24 debian kernel: [    0.798801] NET: Registered protocol family 17
Jun  1 07:15:24 debian kernel: [    0.798868] mpls_gso: MPLS GSO support
Jun  1 07:15:24 debian kernel: [    0.799358] mce: Using 0 MCE banks
Jun  1 07:15:24 debian kernel: [    0.799370] sched_clock: Marking stable (790968457, 8375815)->(801078831, -1734559)
Jun  1 07:15:24 debian kernel: [    0.800366] registered taskstats version 1
Jun  1 07:15:24 debian kernel: [    0.800367] Loading compiled-in X.509 certificates
Jun  1 07:15:24 debian kernel: [    0.825797] Loaded X.509 cert 'Debian Secure Boot CA: 6ccece7e4c6c0d1f6149f3dd27dfcc5cbb419ea1'
Jun  1 07:15:24 debian kernel: [    0.825811] Loaded X.509 cert 'Debian Secure Boot Signer: 00a7468def'
Jun  1 07:15:24 debian kernel: [    0.825835] zswap: loaded using pool lzo/zbud
Jun  1 07:15:24 debian kernel: [    0.826563] AppArmor: AppArmor sha1 policy hashing enabled
Jun  1 07:15:24 debian kernel: [    0.826906] rtc_cmos rtc_cmos: setting system clock to 2020-06-01 10:15:15 UTC (1591006515)
Jun  1 07:15:24 debian kernel: [    0.828516] Freeing unused kernel image memory: 1588K
Jun  1 07:15:24 debian kernel: [    0.852846] Write protecting the kernel read-only data: 16384k
Jun  1 07:15:24 debian kernel: [    0.853667] Freeing unused kernel image memory: 2028K
Jun  1 07:15:24 debian kernel: [    0.853994] Freeing unused kernel image memory: 780K
Jun  1 07:15:24 debian kernel: [    0.861233] x86/mm: Checked W+X mappings: passed, no W+X pages found.
Jun  1 07:15:24 debian kernel: [    0.861234] x86/mm: Checking user space page tables
Jun  1 07:15:24 debian kernel: [    0.868829] x86/mm: Checked W+X mappings: passed, no W+X pages found.
Jun  1 07:15:24 debian kernel: [    0.868831] Run /init as init process
Jun  1 07:15:24 debian kernel: [    0.928859] e1000: Intel(R) PRO/1000 Network Driver - version 7.3.21-k8-NAPI
Jun  1 07:15:24 debian kernel: [    0.928860] e1000: Copyright (c) 1999-2006 Intel Corporation.
Jun  1 07:15:24 debian kernel: [    0.931664] SCSI subsystem initialized
Jun  1 07:15:24 debian kernel: [    0.943910] piix4_smbus 0000:00:07.0: SMBus Host Controller at 0x4100, revision 0
Jun  1 07:15:24 debian kernel: [    0.945557] libata version 3.00 loaded.
Jun  1 07:15:24 debian kernel: [    0.947698] cryptd: max_cpu_qlen set to 1000
Jun  1 07:15:24 debian kernel: [    0.952226] AVX2 version of gcm_enc/dec engaged.
Jun  1 07:15:24 debian kernel: [    0.952227] AES CTR mode by8 optimization enabled
Jun  1 07:15:24 debian kernel: [    0.952901] ata_piix 0000:00:01.1: version 2.13
Jun  1 07:15:24 debian kernel: [    0.952908] ACPI: bus type USB registered
Jun  1 07:15:24 debian kernel: [    0.952924] usbcore: registered new interface driver usbfs
Jun  1 07:15:24 debian kernel: [    0.952930] usbcore: registered new interface driver hub
Jun  1 07:15:24 debian kernel: [    0.952957] usbcore: registered new device driver usb
Jun  1 07:15:24 debian kernel: [    0.953551] scsi host0: ata_piix
Jun  1 07:15:24 debian kernel: [    0.953680] scsi host1: ata_piix
Jun  1 07:15:24 debian kernel: [    0.953735] ata1: PATA max UDMA/33 cmd 0x1f0 ctl 0x3f6 bmdma 0xd000 irq 14
Jun  1 07:15:24 debian kernel: [    0.953736] ata2: PATA max UDMA/33 cmd 0x170 ctl 0x376 bmdma 0xd008 irq 15
Jun  1 07:15:24 debian kernel: [    0.953808] ahci 0000:00:0d.0: version 3.0
Jun  1 07:15:24 debian kernel: [    0.954377] ahci 0000:00:0d.0: SSS flag set, parallel bus scan disabled
Jun  1 07:15:24 debian kernel: [    0.954503] ahci 0000:00:0d.0: AHCI 0001.0100 32 slots 2 ports 3 Gbps 0x3 impl SATA mode
Jun  1 07:15:24 debian kernel: [    0.954505] ahci 0000:00:0d.0: flags: 64bit ncq stag only ccc 
Jun  1 07:15:24 debian kernel: [    0.956093] ehci_hcd: USB 2.0 'Enhanced' Host Controller (EHCI) Driver
Jun  1 07:15:24 debian kernel: [    0.956649] ehci-pci: EHCI PCI platform driver
Jun  1 07:15:24 debian kernel: [    0.957122] ehci-pci 0000:00:0b.0: EHCI Host Controller
Jun  1 07:15:24 debian kernel: [    0.957126] ehci-pci 0000:00:0b.0: new USB bus registered, assigned bus number 1
Jun  1 07:15:24 debian kernel: [    0.957291] ehci-pci 0000:00:0b.0: irq 19, io mem 0xf0840000
Jun  1 07:15:24 debian kernel: [    0.957464] scsi host2: ahci
Jun  1 07:15:24 debian kernel: [    0.958860] ohci_hcd: USB 1.1 'Open' Host Controller (OHCI) Driver
Jun  1 07:15:24 debian kernel: [    0.959335] scsi host3: ahci
Jun  1 07:15:24 debian kernel: [    0.959399] ata3: SATA max UDMA/133 abar m8192@0xf0842000 port 0xf0842100 irq 21
Jun  1 07:15:24 debian kernel: [    0.959403] ata4: SATA max UDMA/133 abar m8192@0xf0842000 port 0xf0842180 irq 21
Jun  1 07:15:24 debian kernel: [    0.972730] ehci-pci 0000:00:0b.0: USB 2.0 started, EHCI 1.00
Jun  1 07:15:24 debian kernel: [    0.972820] usb usb1: New USB device found, idVendor=1d6b, idProduct=0002, bcdDevice= 4.19
Jun  1 07:15:24 debian kernel: [    0.972821] usb usb1: New USB device strings: Mfr=3, Product=2, SerialNumber=1
Jun  1 07:15:24 debian kernel: [    0.972822] usb usb1: Product: EHCI Host Controller
Jun  1 07:15:24 debian kernel: [    0.972823] usb usb1: Manufacturer: Linux 4.19.0-9-amd64 ehci_hcd
Jun  1 07:15:24 debian kernel: [    0.972824] usb usb1: SerialNumber: 0000:00:0b.0
Jun  1 07:15:24 debian kernel: [    0.973064] hub 1-0:1.0: USB hub found
Jun  1 07:15:24 debian kernel: [    0.973085] hub 1-0:1.0: 12 ports detected
Jun  1 07:15:24 debian kernel: [    0.974135] ohci-pci: OHCI PCI platform driver
Jun  1 07:15:24 debian kernel: [    0.974748] ohci-pci 0000:00:06.0: OHCI PCI host controller
Jun  1 07:15:24 debian kernel: [    0.974751] ohci-pci 0000:00:06.0: new USB bus registered, assigned bus number 2
Jun  1 07:15:24 debian kernel: [    0.974806] ohci-pci 0000:00:06.0: irq 22, io mem 0xf0804000
Jun  1 07:15:24 debian kernel: [    1.033227] usb usb2: New USB device found, idVendor=1d6b, idProduct=0001, bcdDevice= 4.19
Jun  1 07:15:24 debian kernel: [    1.033229] usb usb2: New USB device strings: Mfr=3, Product=2, SerialNumber=1
Jun  1 07:15:24 debian kernel: [    1.033230] usb usb2: Product: OHCI PCI host controller
Jun  1 07:15:24 debian kernel: [    1.033231] usb usb2: Manufacturer: Linux 4.19.0-9-amd64 ohci_hcd
Jun  1 07:15:24 debian kernel: [    1.033232] usb usb2: SerialNumber: 0000:00:06.0
Jun  1 07:15:24 debian kernel: [    1.033365] hub 2-0:1.0: USB hub found
Jun  1 07:15:24 debian kernel: [    1.033383] hub 2-0:1.0: 12 ports detected
Jun  1 07:15:24 debian kernel: [    1.145969] input: ImExPS/2 Generic Explorer Mouse as /devices/platform/i8042/serio1/input/input2
Jun  1 07:15:24 debian kernel: [    1.281776] ata3: SATA link up 3.0 Gbps (SStatus 123 SControl 300)
Jun  1 07:15:24 debian kernel: [    1.281993] ata3.00: ATA-6: VBOX HARDDISK, 1.0, max UDMA/133
Jun  1 07:15:24 debian kernel: [    1.281995] ata3.00: 20971520 sectors, multi 128: LBA48 NCQ (depth 32)
Jun  1 07:15:24 debian kernel: [    1.282322] ata3.00: configured for UDMA/133
Jun  1 07:15:24 debian kernel: [    1.282442] scsi 2:0:0:0: Direct-Access     ATA      VBOX HARDDISK    1.0  PQ: 0 ANSI: 5
Jun  1 07:15:24 debian kernel: [    1.315100] e1000 0000:00:03.0 eth0: (PCI:33MHz:32-bit) 08:00:27:ec:98:dc
Jun  1 07:15:24 debian kernel: [    1.315106] e1000 0000:00:03.0 eth0: Intel(R) PRO/1000 Network Connection
Jun  1 07:15:24 debian kernel: [    1.440664] usb 2-1: new full-speed USB device number 2 using ohci-pci
Jun  1 07:15:24 debian kernel: [    1.593067] ata4: SATA link up 3.0 Gbps (SStatus 123 SControl 300)
Jun  1 07:15:24 debian kernel: [    1.593326] ata4.00: ATA-6: VBOX HARDDISK, 1.0, max UDMA/133
Jun  1 07:15:24 debian kernel: [    1.593328] ata4.00: 16777216 sectors, multi 128: LBA48 NCQ (depth 32)
Jun  1 07:15:24 debian kernel: [    1.593754] ata4.00: configured for UDMA/133
Jun  1 07:15:24 debian kernel: [    1.593924] scsi 3:0:0:0: Direct-Access     ATA      VBOX HARDDISK    1.0  PQ: 0 ANSI: 5
Jun  1 07:15:24 debian kernel: [    1.599581] sd 2:0:0:0: [sda] 20971520 512-byte logical blocks: (10.7 GB/10.0 GiB)
Jun  1 07:15:24 debian kernel: [    1.599587] sd 2:0:0:0: [sda] Write Protect is off
Jun  1 07:15:24 debian kernel: [    1.599589] sd 2:0:0:0: [sda] Mode Sense: 00 3a 00 00
Jun  1 07:15:24 debian kernel: [    1.599596] sd 2:0:0:0: [sda] Write cache: enabled, read cache: enabled, doesn't support DPO or FUA
Jun  1 07:15:24 debian kernel: [    1.599693] sd 3:0:0:0: [sdb] 16777216 512-byte logical blocks: (8.59 GB/8.00 GiB)
Jun  1 07:15:24 debian kernel: [    1.599698] sd 3:0:0:0: [sdb] Write Protect is off
Jun  1 07:15:24 debian kernel: [    1.599699] sd 3:0:0:0: [sdb] Mode Sense: 00 3a 00 00
Jun  1 07:15:24 debian kernel: [    1.599706] sd 3:0:0:0: [sdb] Write cache: enabled, read cache: enabled, doesn't support DPO or FUA
Jun  1 07:15:24 debian kernel: [    1.625147]  sdb: sdb1
Jun  1 07:15:24 debian kernel: [    1.625338] sd 3:0:0:0: [sdb] Attached SCSI disk
Jun  1 07:15:24 debian kernel: [    1.632527]  sda: sda1 sda2 < sda5 >
Jun  1 07:15:24 debian kernel: [    1.632809] sd 2:0:0:0: [sda] Attached SCSI disk
Jun  1 07:15:24 debian kernel: [    1.659710] usb 2-1: New USB device found, idVendor=80ee, idProduct=0021, bcdDevice= 1.00
Jun  1 07:15:24 debian kernel: [    1.659712] usb 2-1: New USB device strings: Mfr=1, Product=3, SerialNumber=0
Jun  1 07:15:24 debian kernel: [    1.659713] usb 2-1: Product: USB Tablet
Jun  1 07:15:24 debian kernel: [    1.659714] usb 2-1: Manufacturer: VirtualBox
Jun  1 07:15:24 debian kernel: [    1.667954] hidraw: raw HID events driver (C) Jiri Kosina
Jun  1 07:15:24 debian kernel: [    1.679390] usbcore: registered new interface driver usbhid
Jun  1 07:15:24 debian kernel: [    1.679391] usbhid: USB HID core driver
Jun  1 07:15:24 debian kernel: [    1.681139] input: VirtualBox USB Tablet as /devices/pci0000:00/0000:00:06.0/usb2/2-1/2-1:1.0/0003:80EE:0021.0001/input/input3
Jun  1 07:15:24 debian kernel: [    1.681498] hid-generic 0003:80EE:0021.0001: input,hidraw0: USB HID v1.10 Mouse [VirtualBox USB Tablet] on usb-0000:00:06.0-1/input0
Jun  1 07:15:24 debian kernel: [    1.718915] e1000 0000:00:08.0 eth1: (PCI:33MHz:32-bit) 08:00:27:77:bf:f5
Jun  1 07:15:24 debian kernel: [    1.718918] e1000 0000:00:08.0 eth1: Intel(R) PRO/1000 Network Connection
Jun  1 07:15:24 debian kernel: [    1.720451] e1000 0000:00:08.0 enp0s8: renamed from eth1
Jun  1 07:15:24 debian kernel: [    1.741185] e1000 0000:00:03.0 enp0s3: renamed from eth0
Jun  1 07:15:24 debian kernel: [    1.868270] PM: Image not found (code -22)
Jun  1 07:15:24 debian kernel: [    2.296558] EXT4-fs (sda1): mounted filesystem with ordered data mode. Opts: (null)
Jun  1 07:15:24 debian kernel: [    6.313176] EXT4-fs (sda1): re-mounted. Opts: errors=remount-ro
Jun  1 07:15:24 debian kernel: [    7.138214] ACPI: AC Adapter [AC] (on-line)
Jun  1 07:15:24 debian kernel: [    7.143651] battery: ACPI: Battery Slot [BAT0] (battery present)
Jun  1 07:15:24 debian kernel: [    7.261873] input: Power Button as /devices/LNXSYSTM:00/LNXPWRBN:00/input/input4
Jun  1 07:15:24 debian kernel: [    7.261922] ACPI: Power Button [PWRF]
Jun  1 07:15:24 debian kernel: [    7.262069] input: Sleep Button as /devices/LNXSYSTM:00/LNXSLPBN:00/input/input5
Jun  1 07:15:24 debian kernel: [    7.262081] ACPI: Sleep Button [SLPF]
Jun  1 07:15:24 debian kernel: [    7.276622] ACPI: Video Device [GFX0] (multi-head: yes  rom: no  post: no)
Jun  1 07:15:24 debian kernel: [    7.276800] input: Video Bus as /devices/LNXSYSTM:00/LNXSYBUS:00/PNP0A03:00/LNXVIDEO:00/input/input6
Jun  1 07:15:24 debian kernel: [    7.294073] vboxguest: host-version: 6.1.6r137129 0x8000000f
Jun  1 07:15:24 debian kernel: [    7.294597] vbg_heartbeat_init: Setting up heartbeat to trigger every 2000 milliseconds
Jun  1 07:15:24 debian kernel: [    7.294667] input: VirtualBox mouse integration as /devices/pci0000:00/0000:00:04.0/input/input7
Jun  1 07:15:24 debian kernel: [    7.295770] vboxguest: misc device minor 58, IRQ 20, I/O port d020, MMIO at 0x00000000f0400000 (size 0x0000000000400000)
Jun  1 07:15:24 debian kernel: [    7.340015] sd 2:0:0:0: Attached scsi generic sg0 type 0
Jun  1 07:15:24 debian kernel: [    7.340140] sd 3:0:0:0: Attached scsi generic sg1 type 0
Jun  1 07:15:24 debian kernel: [    7.389355] input: PC Speaker as /devices/platform/pcspkr/input/input8
Jun  1 07:15:24 debian kernel: [    7.968416] RAPL PMU: API unit is 2^-32 Joules, 5 fixed counters, 10737418240 ms ovfl timer
Jun  1 07:15:24 debian kernel: [    7.968417] RAPL PMU: hw unit of domain pp0-core 2^-0 Joules
Jun  1 07:15:24 debian kernel: [    7.968418] RAPL PMU: hw unit of domain package 2^-0 Joules
Jun  1 07:15:24 debian kernel: [    7.968419] RAPL PMU: hw unit of domain dram 2^-0 Joules
Jun  1 07:15:24 debian kernel: [    7.968419] RAPL PMU: hw unit of domain pp1-gpu 2^-0 Joules
Jun  1 07:15:24 debian kernel: [    7.968420] RAPL PMU: hw unit of domain psys 2^-0 Joules
Jun  1 07:15:24 debian kernel: [    8.068769] vboxvideo: module is from the staging directory, the quality is unknown, you have been warned.
Jun  1 07:15:24 debian kernel: [    8.079974] [drm] VRAM 01000000
Jun  1 07:15:24 debian kernel: [    8.080506] [TTM] Zone  kernel: Available graphics memory: 1021352 kiB
Jun  1 07:15:24 debian kernel: [    8.080509] [TTM] Initializing pool allocator
Jun  1 07:15:24 debian kernel: [    8.080521] [TTM] Initializing DMA pool allocator
Jun  1 07:15:24 debian kernel: [    8.092931] fbcon: vboxdrmfb (fb0) is primary device
Jun  1 07:15:24 debian kernel: [    8.115267] Console: switching to colour frame buffer device 100x37
Jun  1 07:15:24 debian kernel: [    8.116983] vboxvideo 0000:00:02.0: fb0: vboxdrmfb frame buffer device
Jun  1 07:15:24 debian kernel: [    8.128782] [drm] Initialized vboxvideo 1.0.0 20130823 for 0000:00:02.0 on minor 0
Jun  1 07:15:24 debian kernel: [    8.981374] EXT4-fs (sdb1): mounted filesystem with ordered data mode. Opts: (null)
Jun  1 07:15:24 debian kernel: [    9.244829] snd_intel8x0 0000:00:05.0: white list rate for 1028:0177 is 48000
Jun  1 07:15:24 debian kernel: [    9.302227] Adding 2095100k swap on /dev/sda5.  Priority:-2 extents:1 across:2095100k FS
Jun  1 07:15:24 debian kernel: [    9.664620] audit: type=1400 audit(1591006524.332:2): apparmor="STATUS" operation="profile_load" profile="unconfined" name="nvidia_modprobe" pid=388 comm="apparmor_parser"
Jun  1 07:15:24 debian kernel: [    9.664628] audit: type=1400 audit(1591006524.332:3): apparmor="STATUS" operation="profile_load" profile="unconfined" name="nvidia_modprobe//kmod" pid=388 comm="apparmor_parser"
Jun  1 07:15:24 debian kernel: [    9.675096] audit: type=1400 audit(1591006524.344:4): apparmor="STATUS" operation="profile_load" profile="unconfined" name="/usr/bin/man" pid=389 comm="apparmor_parser"
Jun  1 07:15:24 debian kernel: [    9.675104] audit: type=1400 audit(1591006524.344:5): apparmor="STATUS" operation="profile_load" profile="unconfined" name="man_filter" pid=389 comm="apparmor_parser"
Jun  1 07:15:24 debian kernel: [    9.675109] audit: type=1400 audit(1591006524.344:6): apparmor="STATUS" operation="profile_load" profile="unconfined" name="man_groff" pid=389 comm="apparmor_parser"
Jun  1 07:15:25 debian kernel: [   10.826608] IPv6: ADDRCONF(NETDEV_UP): enp0s8: link is not ready
Jun  1 07:15:25 debian kernel: [   10.832166] IPv6: ADDRCONF(NETDEV_UP): enp0s3: link is not ready
Jun  1 07:15:25 debian kernel: [   10.833759] e1000: enp0s8 NIC Link is Up 1000 Mbps Full Duplex, Flow Control: RX
Jun  1 07:15:25 debian kernel: [   10.834796] IPv6: ADDRCONF(NETDEV_CHANGE): enp0s8: link becomes ready
Jun  1 07:15:25 debian kernel: [   10.841615] e1000: enp0s3 NIC Link is Up 1000 Mbps Full Duplex, Flow Control: RX
Jun  1 07:15:25 debian kernel: [   10.842425] IPv6: ADDRCONF(NETDEV_CHANGE): enp0s3: link becomes ready
Jun  1 09:17:59 debian kernel: [ 7366.189263] INPUT:DROP:IN=enp0s3 OUT= MAC=08:00:27:ec:98:dc:52:54:00:12:35:02:08:00 SRC=10.0.2.3 DST=10.0.2.15 LEN=82 TOS=0x00 PREC=0x00 TTL=64 ID=38305 PROTO=UDP SPT=53 DPT=39057 LEN=62 
Jun  1 09:18:04 debian kernel: [ 7371.166927] INPUT:DROP:IN=enp0s3 OUT= MAC=08:00:27:ec:98:dc:52:54:00:12:35:02:08:00 SRC=10.0.2.3 DST=10.0.2.15 LEN=82 TOS=0x00 PREC=0x00 TTL=64 ID=38306 PROTO=UDP SPT=53 DPT=39057 LEN=62 
Jun  1 09:18:09 debian kernel: [ 7376.231777] INPUT:DROP:IN=enp0s3 OUT= MAC=08:00:27:ec:98:dc:52:54:00:12:35:02:08:00 SRC=10.0.2.3 DST=10.0.2.15 LEN=127 TOS=0x00 PREC=0x00 TTL=64 ID=38307 PROTO=UDP SPT=53 DPT=40597 LEN=107 
Jun  1 09:18:09 debian kernel: [ 7376.231852] INPUT:DROP:IN=enp0s3 OUT= MAC=08:00:27:ec:98:dc:52:54:00:12:35:02:08:00 SRC=10.0.2.3 DST=10.0.2.15 LEN=139 TOS=0x00 PREC=0x00 TTL=64 ID=38308 PROTO=UDP SPT=53 DPT=40597 LEN=119 
Jun  1 09:18:14 debian kernel: [ 7381.262499] INPUT:DROP:IN=enp0s3 OUT= MAC=08:00:27:ec:98:dc:52:54:00:12:35:02:08:00 SRC=10.0.2.3 DST=10.0.2.15 LEN=127 TOS=0x00 PREC=0x00 TTL=64 ID=38309 PROTO=UDP SPT=53 DPT=40597 LEN=107 
Jun  1 09:18:14 debian kernel: [ 7381.263009] INPUT:DROP:IN=enp0s3 OUT= MAC=08:00:27:ec:98:dc:52:54:00:12:35:02:08:00 SRC=10.0.2.3 DST=10.0.2.15 LEN=139 TOS=0x00 PREC=0x00 TTL=64 ID=38310 PROTO=UDP SPT=53 DPT=40597 LEN=119 
Jun  1 09:25:34 debian kernel: [ 7820.899739] INPUT:DROP:IN=enp0s8 OUT= MAC=08:00:27:77:bf:f5:08:00:27:8a:cf:61:08:00 SRC=192.168.56.100 DST=192.168.56.101 LEN=576 TOS=0x00 PREC=0x00 TTL=255 ID=35 PROTO=UDP SPT=67 DPT=68 LEN=556 
Jun  1 09:29:24 debian kernel: [ 8050.840743] INPUT:DROP:IN=enp0s8 OUT= MAC=08:00:27:77:bf:f5:08:00:27:8a:cf:61:08:00 SRC=192.168.56.100 DST=192.168.56.101 LEN=576 TOS=0x00 PREC=0x00 TTL=255 ID=36 PROTO=UDP SPT=67 DPT=68 LEN=556 
Jun  1 09:29:57 debian kernel: [ 8084.426818] INPUT:DROP:IN=enp0s8 OUT= MAC=08:00:27:77:bf:f5:0a:00:27:00:00:00:08:00 SRC=192.168.56.1 DST=192.168.56.101 LEN=52 TOS=0x10 PREC=0x00 TTL=64 ID=3816 DF PROTO=TCP SPT=54326 DPT=22 WINDOW=501 RES=0x00 ACK URGP=0 
Jun  1 09:29:58 debian kernel: [ 8085.234435] INPUT:DROP:IN=enp0s8 OUT= MAC=08:00:27:77:bf:f5:0a:00:27:00:00:00:08:00 SRC=192.168.56.1 DST=192.168.56.101 LEN=88 TOS=0x10 PREC=0x00 TTL=64 ID=3817 DF PROTO=TCP SPT=54326 DPT=22 WINDOW=501 RES=0x00 ACK PSH URGP=0 
Jun  1 09:29:58 debian kernel: [ 8085.235895] INPUT:DROP:IN=enp0s8 OUT= MAC=08:00:27:77:bf:f5:0a:00:27:00:00:00:08:00 SRC=192.168.56.1 DST=192.168.56.101 LEN=52 TOS=0x10 PREC=0x00 TTL=64 ID=3818 DF PROTO=TCP SPT=54326 DPT=22 WINDOW=501 RES=0x00 ACK URGP=0 
Jun  1 09:29:58 debian kernel: [ 8085.393891] INPUT:DROP:IN=enp0s8 OUT= MAC=08:00:27:77:bf:f5:0a:00:27:00:00:00:08:00 SRC=192.168.56.1 DST=192.168.56.101 LEN=88 TOS=0x10 PREC=0x00 TTL=64 ID=3819 DF PROTO=TCP SPT=54326 DPT=22 WINDOW=501 RES=0x00 ACK PSH URGP=0 
Jun  1 09:29:58 debian kernel: [ 8085.395976] INPUT:DROP:IN=enp0s8 OUT= MAC=08:00:27:77:bf:f5:0a:00:27:00:00:00:08:00 SRC=192.168.56.1 DST=192.168.56.101 LEN=52 TOS=0x10 PREC=0x00 TTL=64 ID=3820 DF PROTO=TCP SPT=54326 DPT=22 WINDOW=501 RES=0x00 ACK URGP=0 
Jun  1 09:29:58 debian kernel: [ 8085.620338] INPUT:DROP:IN=enp0s8 OUT= MAC=08:00:27:77:bf:f5:0a:00:27:00:00:00:08:00 SRC=192.168.56.1 DST=192.168.56.101 LEN=88 TOS=0x10 PREC=0x00 TTL=64 ID=3821 DF PROTO=TCP SPT=54326 DPT=22 WINDOW=501 RES=0x00 ACK PSH URGP=0 
Jun  1 09:29:58 debian kernel: [ 8085.621421] INPUT:DROP:IN=enp0s8 OUT= MAC=08:00:27:77:bf:f5:0a:00:27:00:00:00:08:00 SRC=192.168.56.1 DST=192.168.56.101 LEN=52 TOS=0x10 PREC=0x00 TTL=64 ID=3822 DF PROTO=TCP SPT=54326 DPT=22 WINDOW=501 RES=0x00 ACK URGP=0 
Jun  1 09:29:59 debian kernel: [ 8085.755103] INPUT:DROP:IN=enp0s8 OUT= MAC=08:00:27:77:bf:f5:0a:00:27:00:00:00:08:00 SRC=192.168.56.1 DST=192.168.56.101 LEN=88 TOS=0x10 PREC=0x00 TTL=64 ID=3823 DF PROTO=TCP SPT=54326 DPT=22 WINDOW=501 RES=0x00 ACK PSH URGP=0 
Jun  1 09:29:59 debian kernel: [ 8085.756152] INPUT:DROP:IN=enp0s8 OUT= MAC=08:00:27:77:bf:f5:0a:00:27:00:00:00:08:00 SRC=192.168.56.1 DST=192.168.56.101 LEN=52 TOS=0x10 PREC=0x00 TTL=64 ID=3824 DF PROTO=TCP SPT=54326 DPT=22 WINDOW=501 RES=0x00 ACK URGP=0 
Jun  1 09:29:59 debian kernel: [ 8085.759591] INPUT:DROP:IN=enp0s8 OUT= MAC=08:00:27:77:bf:f5:0a:00:27:00:00:00:08:00 SRC=192.168.56.1 DST=192.168.56.101 LEN=52 TOS=0x10 PREC=0x00 TTL=64 ID=3825 DF PROTO=TCP SPT=54326 DPT=22 WINDOW=501 RES=0x00 ACK URGP=0 
Jun  1 09:29:59 debian kernel: [ 8085.761132] INPUT:DROP:IN=enp0s8 OUT= MAC=08:00:27:77:bf:f5:0a:00:27:00:00:00:08:00 SRC=192.168.56.1 DST=192.168.56.101 LEN=52 TOS=0x10 PREC=0x00 TTL=64 ID=3826 DF PROTO=TCP SPT=54326 DPT=22 WINDOW=501 RES=0x00 ACK URGP=0 
Jun  1 09:29:59 debian kernel: [ 8085.761217] INPUT:DROP:IN=enp0s8 OUT= MAC=08:00:27:77:bf:f5:0a:00:27:00:00:00:08:00 SRC=192.168.56.1 DST=192.168.56.101 LEN=52 TOS=0x10 PREC=0x00 TTL=64 ID=3827 DF PROTO=TCP SPT=54326 DPT=22 WINDOW=501 RES=0x00 ACK URGP=0 
Jun  1 09:29:59 debian kernel: [ 8085.761428] INPUT:DROP:IN=enp0s8 OUT= MAC=08:00:27:77:bf:f5:0a:00:27:00:00:00:08:00 SRC=192.168.56.1 DST=192.168.56.101 LEN=52 TOS=0x10 PREC=0x00 TTL=64 ID=3828 DF PROTO=TCP SPT=54326 DPT=22 WINDOW=501 RES=0x00 ACK URGP=0 
Jun  1 09:29:59 debian kernel: [ 8085.761839] INPUT:DROP:IN=enp0s8 OUT= MAC=08:00:27:77:bf:f5:0a:00:27:00:00:00:08:00 SRC=192.168.56.1 DST=192.168.56.101 LEN=52 TOS=0x10 PREC=0x00 TTL=64 ID=3829 DF PROTO=TCP SPT=54326 DPT=22 WINDOW=501 RES=0x00 ACK URGP=0 
Jun  1 09:30:04 debian kernel: [ 8091.456585] INPUT:DROP:IN=enp0s8 OUT= MAC=08:00:27:77:bf:f5:0a:00:27:00:00:00:08:00 SRC=192.168.56.1 DST=192.168.56.101 LEN=96 TOS=0x10 PREC=0x00 TTL=64 ID=3830 DF PROTO=TCP SPT=54326 DPT=22 WINDOW=501 RES=0x00 ACK PSH URGP=0 
Jun  1 09:30:04 debian kernel: [ 8091.457492] INPUT:DROP:IN=enp0s8 OUT= MAC=08:00:27:77:bf:f5:0a:00:27:00:00:00:08:00 SRC=192.168.56.1 DST=192.168.56.101 LEN=52 TOS=0x10 PREC=0x00 TTL=64 ID=3831 DF PROTO=TCP SPT=54326 DPT=22 WINDOW=501 RES=0x00 ACK URGP=0 
Jun  1 09:30:04 debian kernel: [ 8091.683532] INPUT:DROP:IN=enp0s8 OUT= MAC=08:00:27:77:bf:f5:0a:00:27:00:00:00:08:00 SRC=192.168.56.1 DST=192.168.56.101 LEN=96 TOS=0x10 PREC=0x00 TTL=64 ID=3832 DF PROTO=TCP SPT=54326 DPT=22 WINDOW=501 RES=0x00 ACK PSH URGP=0 
Jun  1 09:30:04 debian kernel: [ 8091.686587] INPUT:DROP:IN=enp0s8 OUT= MAC=08:00:27:77:bf:f5:0a:00:27:00:00:00:08:00 SRC=192.168.56.1 DST=192.168.56.101 LEN=52 TOS=0x10 PREC=0x00 TTL=64 ID=3833 DF PROTO=TCP SPT=54326 DPT=22 WINDOW=501 RES=0x00 ACK URGP=0 
Jun  1 09:30:04 debian kernel: [ 8091.686720] INPUT:DROP:IN=enp0s8 OUT= MAC=08:00:27:77:bf:f5:0a:00:27:00:00:00:08:00 SRC=192.168.56.1 DST=192.168.56.101 LEN=88 TOS=0x10 PREC=0x00 TTL=64 ID=3834 DF PROTO=TCP SPT=54326 DPT=22 WINDOW=501 RES=0x00 ACK PSH URGP=0 
Jun  1 09:30:05 debian kernel: [ 8092.365721] INPUT:DROP:IN=enp0s8 OUT= MAC=08:00:27:77:bf:f5:0a:00:27:00:00:00:08:00 SRC=192.168.56.1 DST=192.168.56.101 LEN=96 TOS=0x10 PREC=0x00 TTL=64 ID=3835 DF PROTO=TCP SPT=54326 DPT=22 WINDOW=501 RES=0x00 ACK PSH URGP=0 
Jun  1 09:30:05 debian kernel: [ 8092.367058] INPUT:DROP:IN=enp0s8 OUT= MAC=08:00:27:77:bf:f5:0a:00:27:00:00:00:08:00 SRC=192.168.56.1 DST=192.168.56.101 LEN=52 TOS=0x10 PREC=0x00 TTL=64 ID=3836 DF PROTO=TCP SPT=54326 DPT=22 WINDOW=501 RES=0x00 ACK URGP=0 
Jun  1 09:30:06 debian kernel: [ 8092.743830] INPUT:DROP:IN=enp0s8 OUT= MAC=08:00:27:77:bf:f5:0a:00:27:00:00:00:08:00 SRC=192.168.56.1 DST=192.168.56.101 LEN=96 TOS=0x10 PREC=0x00 TTL=64 ID=3837 DF PROTO=TCP SPT=54326 DPT=22 WINDOW=501 RES=0x00 ACK PSH URGP=0 
Jun  1 09:30:06 debian kernel: [ 8092.746182] INPUT:DROP:IN=enp0s8 OUT= MAC=08:00:27:77:bf:f5:0a:00:27:00:00:00:08:00 SRC=192.168.56.1 DST=192.168.56.101 LEN=52 TOS=0x10 PREC=0x00 TTL=64 ID=3838 DF PROTO=TCP SPT=54326 DPT=22 WINDOW=501 RES=0x00 ACK URGP=0 
Jun  1 09:30:06 debian kernel: [ 8093.414608] INPUT:DROP:IN=enp0s8 OUT= MAC=08:00:27:77:bf:f5:0a:00:27:00:00:00:08:00 SRC=192.168.56.1 DST=192.168.56.101 LEN=96 TOS=0x10 PREC=0x00 TTL=64 ID=3839 DF PROTO=TCP SPT=54326 DPT=22 WINDOW=501 RES=0x00 ACK PSH URGP=0 
Jun  1 09:30:06 debian kernel: [ 8093.415353] INPUT:DROP:IN=enp0s8 OUT= MAC=08:00:27:77:bf:f5:0a:00:27:00:00:00:08:00 SRC=192.168.56.1 DST=192.168.56.101 LEN=52 TOS=0x10 PREC=0x00 TTL=64 ID=3840 DF PROTO=TCP SPT=54326 DPT=22 WINDOW=501 RES=0x00 ACK URGP=0 
Jun  1 09:30:07 debian kernel: [ 8093.793745] INPUT:DROP:IN=enp0s8 OUT= MAC=08:00:27:77:bf:f5:0a:00:27:00:00:00:08:00 SRC=192.168.56.1 DST=192.168.56.101 LEN=96 TOS=0x10 PREC=0x00 TTL=64 ID=3841 DF PROTO=TCP SPT=54326 DPT=22 WINDOW=501 RES=0x00 ACK PSH URGP=0 
Jun  1 09:30:07 debian kernel: [ 8093.986473] INPUT:DROP:IN=enp0s8 OUT= MAC=08:00:27:77:bf:f5:0a:00:27:00:00:00:08:00 SRC=192.168.56.1 DST=192.168.56.101 LEN=96 TOS=0x10 PREC=0x00 TTL=64 ID=3842 DF PROTO=TCP SPT=54326 DPT=22 WINDOW=501 RES=0x00 ACK PSH URGP=0 
Jun  1 09:30:07 debian kernel: [ 8093.987921] INPUT:DROP:IN=enp0s8 OUT= MAC=08:00:27:77:bf:f5:0a:00:27:00:00:00:08:00 SRC=192.168.56.1 DST=192.168.56.101 LEN=52 TOS=0x10 PREC=0x00 TTL=64 ID=3843 DF PROTO=TCP SPT=54326 DPT=22 WINDOW=501 RES=0x00 ACK URGP=0 
Jun  1 09:30:07 debian kernel: [ 8094.513349] INPUT:DROP:IN=enp0s8 OUT= MAC=08:00:27:77:bf:f5:0a:00:27:00:00:00:08:00 SRC=192.168.56.1 DST=192.168.56.101 LEN=96 TOS=0x10 PREC=0x00 TTL=64 ID=3844 DF PROTO=TCP SPT=54326 DPT=22 WINDOW=501 RES=0x00 ACK PSH URGP=0 
Jun  1 09:30:07 debian kernel: [ 8094.514265] INPUT:DROP:IN=enp0s8 OUT= MAC=08:00:27:77:bf:f5:0a:00:27:00:00:00:08:00 SRC=192.168.56.1 DST=192.168.56.101 LEN=52 TOS=0x10 PREC=0x00 TTL=64 ID=3845 DF PROTO=TCP SPT=54326 DPT=22 WINDOW=501 RES=0x00 ACK URGP=0 
Jun  1 09:30:08 debian kernel: [ 8094.832982] INPUT:DROP:IN=enp0s8 OUT= MAC=08:00:27:77:bf:f5:0a:00:27:00:00:00:08:00 SRC=192.168.56.1 DST=192.168.56.101 LEN=96 TOS=0x10 PREC=0x00 TTL=64 ID=3846 DF PROTO=TCP SPT=54326 DPT=22 WINDOW=501 RES=0x00 ACK PSH URGP=0 
Jun  1 09:30:08 debian kernel: [ 8094.833727] INPUT:DROP:IN=enp0s8 OUT= MAC=08:00:27:77:bf:f5:0a:00:27:00:00:00:08:00 SRC=192.168.56.1 DST=192.168.56.101 LEN=52 TOS=0x10 PREC=0x00 TTL=64 ID=3847 DF PROTO=TCP SPT=54326 DPT=22 WINDOW=501 RES=0x00 ACK URGP=0 
Jun  1 09:30:08 debian kernel: [ 8095.243532] INPUT:DROP:IN=enp0s8 OUT= MAC=08:00:27:77:bf:f5:0a:00:27:00:00:00:08:00 SRC=192.168.56.1 DST=192.168.56.101 LEN=96 TOS=0x10 PREC=0x00 TTL=64 ID=3848 DF PROTO=TCP SPT=54326 DPT=22 WINDOW=501 RES=0x00 ACK PSH URGP=0 
Jun  1 09:30:08 debian kernel: [ 8095.245602] INPUT:DROP:IN=enp0s8 OUT= MAC=08:00:27:77:bf:f5:0a:00:27:00:00:00:08:00 SRC=192.168.56.1 DST=192.168.56.101 LEN=52 TOS=0x10 PREC=0x00 TTL=64 ID=3849 DF PROTO=TCP SPT=54326 DPT=22 WINDOW=501 RES=0x00 ACK URGP=0 
Jun  1 09:30:08 debian kernel: [ 8095.522917] INPUT:DROP:IN=enp0s8 OUT= MAC=08:00:27:77:bf:f5:0a:00:27:00:00:00:08:00 SRC=192.168.56.1 DST=192.168.56.101 LEN=96 TOS=0x10 PREC=0x00 TTL=64 ID=3850 DF PROTO=TCP SPT=54326 DPT=22 WINDOW=501 RES=0x00 ACK PSH URGP=0 
Jun  1 09:30:08 debian kernel: [ 8095.524636] INPUT:DROP:IN=enp0s8 OUT= MAC=08:00:27:77:bf:f5:0a:00:27:00:00:00:08:00 SRC=192.168.56.1 DST=192.168.56.101 LEN=52 TOS=0x10 PREC=0x00 TTL=64 ID=3851 DF PROTO=TCP SPT=54326 DPT=22 WINDOW=501 RES=0x00 ACK URGP=0 
Jun  1 09:30:09 debian kernel: [ 8095.782668] INPUT:DROP:IN=enp0s8 OUT= MAC=08:00:27:77:bf:f5:0a:00:27:00:00:00:08:00 SRC=192.168.56.1 DST=192.168.56.101 LEN=96 TOS=0x10 PREC=0x00 TTL=64 ID=3852 DF PROTO=TCP SPT=54326 DPT=22 WINDOW=501 RES=0x00 ACK PSH URGP=0 
Jun  1 09:30:09 debian kernel: [ 8095.784109] INPUT:DROP:IN=enp0s8 OUT= MAC=08:00:27:77:bf:f5:0a:00:27:00:00:00:08:00 SRC=192.168.56.1 DST=192.168.56.101 LEN=52 TOS=0x10 PREC=0x00 TTL=64 ID=3853 DF PROTO=TCP SPT=54326 DPT=22 WINDOW=501 RES=0x00 ACK URGP=0 
Jun  1 09:30:09 debian kernel: [ 8096.603304] INPUT:DROP:IN=enp0s8 OUT= MAC=08:00:27:77:bf:f5:0a:00:27:00:00:00:08:00 SRC=192.168.56.1 DST=192.168.56.101 LEN=88 TOS=0x10 PREC=0x00 TTL=64 ID=3854 DF PROTO=TCP SPT=54326 DPT=22 WINDOW=501 RES=0x00 ACK PSH URGP=0 
Jun  1 09:30:09 debian kernel: [ 8096.605041] INPUT:DROP:IN=enp0s8 OUT= MAC=08:00:27:77:bf:f5:0a:00:27:00:00:00:08:00 SRC=192.168.56.1 DST=192.168.56.101 LEN=52 TOS=0x10 PREC=0x00 TTL=64 ID=3855 DF PROTO=TCP SPT=54326 DPT=22 WINDOW=501 RES=0x00 ACK URGP=0 
Jun  1 09:30:09 debian kernel: [ 8096.614893] INPUT:DROP:IN=enp0s8 OUT= MAC=08:00:27:77:bf:f5:0a:00:27:00:00:00:08:00 SRC=192.168.56.1 DST=192.168.56.101 LEN=52 TOS=0x10 PREC=0x00 TTL=64 ID=3856 DF PROTO=TCP SPT=54326 DPT=22 WINDOW=501 RES=0x00 ACK URGP=0 
Jun  1 09:30:09 debian kernel: [ 8096.615040] INPUT:DROP:IN=enp0s8 OUT= MAC=08:00:27:77:bf:f5:0a:00:27:00:00:00:08:00 SRC=192.168.56.1 DST=192.168.56.101 LEN=52 TOS=0x10 PREC=0x00 TTL=64 ID=3857 DF PROTO=TCP SPT=54326 DPT=22 WINDOW=501 RES=0x00 ACK URGP=0 
Jun  1 09:30:09 debian kernel: [ 8096.617437] INPUT:DROP:IN=enp0s8 OUT= MAC=08:00:27:77:bf:f5:0a:00:27:00:00:00:08:00 SRC=192.168.56.1 DST=192.168.56.101 LEN=52 TOS=0x10 PREC=0x00 TTL=64 ID=3858 DF PROTO=TCP SPT=54326 DPT=22 WINDOW=501 RES=0x00 ACK URGP=0 
Jun  1 09:30:09 debian kernel: [ 8096.617583] INPUT:DROP:IN=enp0s8 OUT= MAC=08:00:27:77:bf:f5:0a:00:27:00:00:00:08:00 SRC=192.168.56.1 DST=192.168.56.101 LEN=52 TOS=0x10 PREC=0x00 TTL=64 ID=3859 DF PROTO=TCP SPT=54326 DPT=22 WINDOW=501 RES=0x00 ACK URGP=0 
Jun  1 09:30:09 debian kernel: [ 8096.620644] INPUT:DROP:IN=enp0s8 OUT= MAC=08:00:27:77:bf:f5:0a:00:27:00:00:00:08:00 SRC=192.168.56.1 DST=192.168.56.101 LEN=52 TOS=0x10 PREC=0x00 TTL=64 ID=3860 DF PROTO=TCP SPT=54326 DPT=22 WINDOW=501 RES=0x00 ACK URGP=0 
Jun  1 09:30:09 debian kernel: [ 8096.620901] INPUT:DROP:IN=enp0s8 OUT= MAC=08:00:27:77:bf:f5:0a:00:27:00:00:00:08:00 SRC=192.168.56.1 DST=192.168.56.101 LEN=52 TOS=0x10 PREC=0x00 TTL=64 ID=3861 DF PROTO=TCP SPT=54326 DPT=22 WINDOW=501 RES=0x00 ACK URGP=0 
Jun  1 09:30:09 debian kernel: [ 8096.621156] INPUT:DROP:IN=enp0s8 OUT= MAC=08:00:27:77:bf:f5:0a:00:27:00:00:00:08:00 SRC=192.168.56.1 DST=192.168.56.101 LEN=52 TOS=0x10 PREC=0x00 TTL=64 ID=3862 DF PROTO=TCP SPT=54326 DPT=22 WINDOW=501 RES=0x00 ACK URGP=0 
Jun  1 09:30:09 debian kernel: [ 8096.623143] INPUT:DROP:IN=enp0s8 OUT= MAC=08:00:27:77:bf:f5:0a:00:27:00:00:00:08:00 SRC=192.168.56.1 DST=192.168.56.101 LEN=52 TOS=0x10 PREC=0x00 TTL=64 ID=3863 DF PROTO=TCP SPT=54326 DPT=22 WINDOW=501 RES=0x00 ACK URGP=0 
Jun  1 09:30:09 debian kernel: [ 8096.623420] INPUT:DROP:IN=enp0s8 OUT= MAC=08:00:27:77:bf:f5:0a:00:27:00:00:00:08:00 SRC=192.168.56.1 DST=192.168.56.101 LEN=52 TOS=0x10 PREC=0x00 TTL=64 ID=3864 DF PROTO=TCP SPT=54326 DPT=22 WINDOW=501 RES=0x00 ACK URGP=0 
Jun  1 09:30:09 debian kernel: [ 8096.625411] INPUT:DROP:IN=enp0s8 OUT= MAC=08:00:27:77:bf:f5:0a:00:27:00:00:00:08:00 SRC=192.168.56.1 DST=192.168.56.101 LEN=52 TOS=0x10 PREC=0x00 TTL=64 ID=3865 DF PROTO=TCP SPT=54326 DPT=22 WINDOW=501 RES=0x00 ACK URGP=0 
Jun  1 09:30:09 debian kernel: [ 8096.625626] INPUT:DROP:IN=enp0s8 OUT= MAC=08:00:27:77:bf:f5:0a:00:27:00:00:00:08:00 SRC=192.168.56.1 DST=192.168.56.101 LEN=52 TOS=0x10 PREC=0x00 TTL=64 ID=3866 DF PROTO=TCP SPT=54326 DPT=22 WINDOW=501 RES=0x00 ACK URGP=0 
Jun  1 09:30:09 debian kernel: [ 8096.627434] INPUT:DROP:IN=enp0s8 OUT= MAC=08:00:27:77:bf:f5:0a:00:27:00:00:00:08:00 SRC=192.168.56.1 DST=192.168.56.101 LEN=52 TOS=0x10 PREC=0x00 TTL=64 ID=3867 DF PROTO=TCP SPT=54326 DPT=22 WINDOW=501 RES=0x00 ACK URGP=0 
Jun  1 09:30:09 debian kernel: [ 8096.627771] INPUT:DROP:IN=enp0s8 OUT= MAC=08:00:27:77:bf:f5:0a:00:27:00:00:00:08:00 SRC=192.168.56.1 DST=192.168.56.101 LEN=52 TOS=0x10 PREC=0x00 TTL=64 ID=3868 DF PROTO=TCP SPT=54326 DPT=22 WINDOW=501 RES=0x00 ACK URGP=0 
Jun  1 09:30:09 debian kernel: [ 8096.629483] INPUT:DROP:IN=enp0s8 OUT= MAC=08:00:27:77:bf:f5:0a:00:27:00:00:00:08:00 SRC=192.168.56.1 DST=192.168.56.101 LEN=52 TOS=0x10 PREC=0x00 TTL=64 ID=3869 DF PROTO=TCP SPT=54326 DPT=22 WINDOW=501 RES=0x00 ACK URGP=0 
Jun  1 09:30:09 debian kernel: [ 8096.629630] INPUT:DROP:IN=enp0s8 OUT= MAC=08:00:27:77:bf:f5:0a:00:27:00:00:00:08:00 SRC=192.168.56.1 DST=192.168.56.101 LEN=52 TOS=0x10 PREC=0x00 TTL=64 ID=3870 DF PROTO=TCP SPT=54326 DPT=22 WINDOW=501 RES=0x00 ACK URGP=0 
Jun  1 09:30:09 debian kernel: [ 8096.631535] INPUT:DROP:IN=enp0s8 OUT= MAC=08:00:27:77:bf:f5:0a:00:27:00:00:00:08:00 SRC=192.168.56.1 DST=192.168.56.101 LEN=52 TOS=0x10 PREC=0x00 TTL=64 ID=3871 DF PROTO=TCP SPT=54326 DPT=22 WINDOW=501 RES=0x00 ACK URGP=0 
Jun  1 09:30:09 debian kernel: [ 8096.634603] INPUT:DROP:IN=enp0s8 OUT= MAC=08:00:27:77:bf:f5:0a:00:27:00:00:00:08:00 SRC=192.168.56.1 DST=192.168.56.101 LEN=52 TOS=0x10 PREC=0x00 TTL=64 ID=3872 DF PROTO=TCP SPT=54326 DPT=22 WINDOW=501 RES=0x00 ACK URGP=0 
Jun  1 09:30:09 debian kernel: [ 8096.636491] INPUT:DROP:IN=enp0s8 OUT= MAC=08:00:27:77:bf:f5:0a:00:27:00:00:00:08:00 SRC=192.168.56.1 DST=192.168.56.101 LEN=52 TOS=0x10 PREC=0x00 TTL=64 ID=3873 DF PROTO=TCP SPT=54326 DPT=22 WINDOW=501 RES=0x00 ACK URGP=0 
Jun  1 09:30:09 debian kernel: [ 8096.636512] INPUT:DROP:IN=enp0s8 OUT= MAC=08:00:27:77:bf:f5:0a:00:27:00:00:00:08:00 SRC=192.168.56.1 DST=192.168.56.101 LEN=52 TOS=0x10 PREC=0x00 TTL=64 ID=3874 DF PROTO=TCP SPT=54326 DPT=22 WINDOW=501 RES=0x00 ACK URGP=0 
Jun  1 09:30:09 debian kernel: [ 8096.636679] INPUT:DROP:IN=enp0s8 OUT= MAC=08:00:27:77:bf:f5:0a:00:27:00:00:00:08:00 SRC=192.168.56.1 DST=192.168.56.101 LEN=52 TOS=0x10 PREC=0x00 TTL=64 ID=3875 DF PROTO=TCP SPT=54326 DPT=22 WINDOW=501 RES=0x00 ACK URGP=0 
Jun  1 09:30:09 debian kernel: [ 8096.636786] INPUT:DROP:IN=enp0s8 OUT= MAC=08:00:27:77:bf:f5:0a:00:27:00:00:00:08:00 SRC=192.168.56.1 DST=192.168.56.101 LEN=52 TOS=0x10 PREC=0x00 TTL=64 ID=3876 DF PROTO=TCP SPT=54326 DPT=22 WINDOW=501 RES=0x00 ACK URGP=0 
Jun  1 09:30:09 debian kernel: [ 8096.639213] INPUT:DROP:IN=enp0s8 OUT= MAC=08:00:27:77:bf:f5:0a:00:27:00:00:00:08:00 SRC=192.168.56.1 DST=192.168.56.101 LEN=52 TOS=0x10 PREC=0x00 TTL=64 ID=3877 DF PROTO=TCP SPT=54326 DPT=22 WINDOW=501 RES=0x00 ACK URGP=0 
Jun  1 09:30:09 debian kernel: [ 8096.639241] INPUT:DROP:IN=enp0s8 OUT= MAC=08:00:27:77:bf:f5:0a:00:27:00:00:00:08:00 SRC=192.168.56.1 DST=192.168.56.101 LEN=52 TOS=0x10 PREC=0x00 TTL=64 ID=3878 DF PROTO=TCP SPT=54326 DPT=22 WINDOW=501 RES=0x00 ACK URGP=0 
Jun  1 09:30:09 debian kernel: [ 8096.639501] INPUT:DROP:IN=enp0s8 OUT= MAC=08:00:27:77:bf:f5:0a:00:27:00:00:00:08:00 SRC=192.168.56.1 DST=192.168.56.101 LEN=52 TOS=0x10 PREC=0x00 TTL=64 ID=3879 DF PROTO=TCP SPT=54326 DPT=22 WINDOW=501 RES=0x00 ACK URGP=0 
Jun  1 09:30:09 debian kernel: [ 8096.642216] INPUT:DROP:IN=enp0s8 OUT= MAC=08:00:27:77:bf:f5:0a:00:27:00:00:00:08:00 SRC=192.168.56.1 DST=192.168.56.101 LEN=52 TOS=0x10 PREC=0x00 TTL=64 ID=3880 DF PROTO=TCP SPT=54326 DPT=22 WINDOW=501 RES=0x00 ACK URGP=0 
Jun  1 09:30:09 debian kernel: [ 8096.642323] INPUT:DROP:IN=enp0s8 OUT= MAC=08:00:27:77:bf:f5:0a:00:27:00:00:00:08:00 SRC=192.168.56.1 DST=192.168.56.101 LEN=52 TOS=0x10 PREC=0x00 TTL=64 ID=3881 DF PROTO=TCP SPT=54326 DPT=22 WINDOW=501 RES=0x00 ACK URGP=0 
Jun  1 09:30:09 debian kernel: [ 8096.644643] INPUT:DROP:IN=enp0s8 OUT= MAC=08:00:27:77:bf:f5:0a:00:27:00:00:00:08:00 SRC=192.168.56.1 DST=192.168.56.101 LEN=52 TOS=0x10 PREC=0x00 TTL=64 ID=3882 DF PROTO=TCP SPT=54326 DPT=22 WINDOW=501 RES=0x00 ACK URGP=0 
Jun  1 09:30:09 debian kernel: [ 8096.644809] INPUT:DROP:IN=enp0s8 OUT= MAC=08:00:27:77:bf:f5:0a:00:27:00:00:00:08:00 SRC=192.168.56.1 DST=192.168.56.101 LEN=52 TOS=0x10 PREC=0x00 TTL=64 ID=3883 DF PROTO=TCP SPT=54326 DPT=22 WINDOW=501 RES=0x00 ACK URGP=0 
Jun  1 09:30:09 debian kernel: [ 8096.647247] INPUT:DROP:IN=enp0s8 OUT= MAC=08:00:27:77:bf:f5:0a:00:27:00:00:00:08:00 SRC=192.168.56.1 DST=192.168.56.101 LEN=52 TOS=0x10 PREC=0x00 TTL=64 ID=3884 DF PROTO=TCP SPT=54326 DPT=22 WINDOW=501 RES=0x00 ACK URGP=0 
Jun  1 09:30:09 debian kernel: [ 8096.647308] INPUT:DROP:IN=enp0s8 OUT= MAC=08:00:27:77:bf:f5:0a:00:27:00:00:00:08:00 SRC=192.168.56.1 DST=192.168.56.101 LEN=52 TOS=0x10 PREC=0x00 TTL=64 ID=3885 DF PROTO=TCP SPT=54326 DPT=22 WINDOW=501 RES=0x00 ACK URGP=0 
Jun  1 09:30:09 debian kernel: [ 8096.650769] INPUT:DROP:IN=enp0s8 OUT= MAC=08:00:27:77:bf:f5:0a:00:27:00:00:00:08:00 SRC=192.168.56.1 DST=192.168.56.101 LEN=52 TOS=0x10 PREC=0x00 TTL=64 ID=3886 DF PROTO=TCP SPT=54326 DPT=22 WINDOW=501 RES=0x00 ACK URGP=0 
Jun  1 09:30:09 debian kernel: [ 8096.651172] INPUT:DROP:IN=enp0s8 OUT= MAC=08:00:27:77:bf:f5:0a:00:27:00:00:00:08:00 SRC=192.168.56.1 DST=192.168.56.101 LEN=52 TOS=0x10 PREC=0x00 TTL=64 ID=3887 DF PROTO=TCP SPT=54326 DPT=22 WINDOW=501 RES=0x00 ACK URGP=0 
Jun  1 09:30:09 debian kernel: [ 8096.653755] INPUT:DROP:IN=enp0s8 OUT= MAC=08:00:27:77:bf:f5:0a:00:27:00:00:00:08:00 SRC=192.168.56.1 DST=192.168.56.101 LEN=52 TOS=0x10 PREC=0x00 TTL=64 ID=3888 DF PROTO=TCP SPT=54326 DPT=22 WINDOW=501 RES=0x00 ACK URGP=0 
Jun  1 09:30:09 debian kernel: [ 8096.653991] INPUT:DROP:IN=enp0s8 OUT= MAC=08:00:27:77:bf:f5:0a:00:27:00:00:00:08:00 SRC=192.168.56.1 DST=192.168.56.101 LEN=52 TOS=0x10 PREC=0x00 TTL=64 ID=3889 DF PROTO=TCP SPT=54326 DPT=22 WINDOW=501 RES=0x00 ACK URGP=0 
Jun  1 09:30:09 debian kernel: [ 8096.654268] INPUT:DROP:IN=enp0s8 OUT= MAC=08:00:27:77:bf:f5:0a:00:27:00:00:00:08:00 SRC=192.168.56.1 DST=192.168.56.101 LEN=52 TOS=0x10 PREC=0x00 TTL=64 ID=3890 DF PROTO=TCP SPT=54326 DPT=22 WINDOW=501 RES=0x00 ACK URGP=0 
Jun  1 09:30:09 debian kernel: [ 8096.654485] INPUT:DROP:IN=enp0s8 OUT= MAC=08:00:27:77:bf:f5:0a:00:27:00:00:00:08:00 SRC=192.168.56.1 DST=192.168.56.101 LEN=52 TOS=0x10 PREC=0x00 TTL=64 ID=3891 DF PROTO=TCP SPT=54326 DPT=22 WINDOW=501 RES=0x00 ACK URGP=0 
Jun  1 09:30:09 debian kernel: [ 8096.656545] INPUT:DROP:IN=enp0s8 OUT= MAC=08:00:27:77:bf:f5:0a:00:27:00:00:00:08:00 SRC=192.168.56.1 DST=192.168.56.101 LEN=52 TOS=0x10 PREC=0x00 TTL=64 ID=3892 DF PROTO=TCP SPT=54326 DPT=22 WINDOW=501 RES=0x00 ACK URGP=0 
Jun  1 09:30:09 debian kernel: [ 8096.656720] INPUT:DROP:IN=enp0s8 OUT= MAC=08:00:27:77:bf:f5:0a:00:27:00:00:00:08:00 SRC=192.168.56.1 DST=192.168.56.101 LEN=52 TOS=0x10 PREC=0x00 TTL=64 ID=3893 DF PROTO=TCP SPT=54326 DPT=22 WINDOW=501 RES=0x00 ACK URGP=0 
Jun  1 09:30:09 debian kernel: [ 8096.656960] INPUT:DROP:IN=enp0s8 OUT= MAC=08:00:27:77:bf:f5:0a:00:27:00:00:00:08:00 SRC=192.168.56.1 DST=192.168.56.101 LEN=52 TOS=0x10 PREC=0x00 TTL=64 ID=3894 DF PROTO=TCP SPT=54326 DPT=22 WINDOW=501 RES=0x00 ACK URGP=0 
Jun  1 09:30:09 debian kernel: [ 8096.657069] INPUT:DROP:IN=enp0s8 OUT= MAC=08:00:27:77:bf:f5:0a:00:27:00:00:00:08:00 SRC=192.168.56.1 DST=192.168.56.101 LEN=52 TOS=0x10 PREC=0x00 TTL=64 ID=3895 DF PROTO=TCP SPT=54326 DPT=22 WINDOW=501 RES=0x00 ACK URGP=0 
Jun  1 09:30:09 debian kernel: [ 8096.660524] INPUT:DROP:IN=enp0s8 OUT= MAC=08:00:27:77:bf:f5:0a:00:27:00:00:00:08:00 SRC=192.168.56.1 DST=192.168.56.101 LEN=52 TOS=0x10 PREC=0x00 TTL=64 ID=3896 DF PROTO=TCP SPT=54326 DPT=22 WINDOW=501 RES=0x00 ACK URGP=0 
Jun  1 09:30:09 debian kernel: [ 8096.660643] INPUT:DROP:IN=enp0s8 OUT= MAC=08:00:27:77:bf:f5:0a:00:27:00:00:00:08:00 SRC=192.168.56.1 DST=192.168.56.101 LEN=52 TOS=0x10 PREC=0x00 TTL=64 ID=3897 DF PROTO=TCP SPT=54326 DPT=22 WINDOW=501 RES=0x00 ACK URGP=0 
Jun  1 09:30:09 debian kernel: [ 8096.663121] INPUT:DROP:IN=enp0s8 OUT= MAC=08:00:27:77:bf:f5:0a:00:27:00:00:00:08:00 SRC=192.168.56.1 DST=192.168.56.101 LEN=52 TOS=0x10 PREC=0x00 TTL=64 ID=3898 DF PROTO=TCP SPT=54326 DPT=22 WINDOW=501 RES=0x00 ACK URGP=0 
Jun  1 09:30:09 debian kernel: [ 8096.663295] INPUT:DROP:IN=enp0s8 OUT= MAC=08:00:27:77:bf:f5:0a:00:27:00:00:00:08:00 SRC=192.168.56.1 DST=192.168.56.101 LEN=52 TOS=0x10 PREC=0x00 TTL=64 ID=3899 DF PROTO=TCP SPT=54326 DPT=22 WINDOW=501 RES=0x00 ACK URGP=0 
Jun  1 09:30:09 debian kernel: [ 8096.665455] INPUT:DROP:IN=enp0s8 OUT= MAC=08:00:27:77:bf:f5:0a:00:27:00:00:00:08:00 SRC=192.168.56.1 DST=192.168.56.101 LEN=52 TOS=0x10 PREC=0x00 TTL=64 ID=3900 DF PROTO=TCP SPT=54326 DPT=22 WINDOW=501 RES=0x00 ACK URGP=0 
Jun  1 09:30:09 debian kernel: [ 8096.665527] INPUT:DROP:IN=enp0s8 OUT= MAC=08:00:27:77:bf:f5:0a:00:27:00:00:00:08:00 SRC=192.168.56.1 DST=192.168.56.101 LEN=52 TOS=0x10 PREC=0x00 TTL=64 ID=3901 DF PROTO=TCP SPT=54326 DPT=22 WINDOW=501 RES=0x00 ACK URGP=0 
Jun  1 09:30:09 debian kernel: [ 8096.668411] INPUT:DROP:IN=enp0s8 OUT= MAC=08:00:27:77:bf:f5:0a:00:27:00:00:00:08:00 SRC=192.168.56.1 DST=192.168.56.101 LEN=52 TOS=0x10 PREC=0x00 TTL=64 ID=3902 DF PROTO=TCP SPT=54326 DPT=22 WINDOW=501 RES=0x00 ACK URGP=0 
Jun  1 09:30:09 debian kernel: [ 8096.668591] INPUT:DROP:IN=enp0s8 OUT= MAC=08:00:27:77:bf:f5:0a:00:27:00:00:00:08:00 SRC=192.168.56.1 DST=192.168.56.101 LEN=52 TOS=0x10 PREC=0x00 TTL=64 ID=3903 DF PROTO=TCP SPT=54326 DPT=22 WINDOW=501 RES=0x00 ACK URGP=0 
Jun  1 09:30:09 debian kernel: [ 8096.670492] INPUT:DROP:IN=enp0s8 OUT= MAC=08:00:27:77:bf:f5:0a:00:27:00:00:00:08:00 SRC=192.168.56.1 DST=192.168.56.101 LEN=52 TOS=0x10 PREC=0x00 TTL=64 ID=3904 DF PROTO=TCP SPT=54326 DPT=22 WINDOW=501 RES=0x00 ACK URGP=0 
Jun  1 09:30:09 debian kernel: [ 8096.670588] INPUT:DROP:IN=enp0s8 OUT= MAC=08:00:27:77:bf:f5:0a:00:27:00:00:00:08:00 SRC=192.168.56.1 DST=192.168.56.101 LEN=52 TOS=0x10 PREC=0x00 TTL=64 ID=3905 DF PROTO=TCP SPT=54326 DPT=22 WINDOW=501 RES=0x00 ACK URGP=0 
Jun  1 09:30:09 debian kernel: [ 8096.670833] INPUT:DROP:IN=enp0s8 OUT= MAC=08:00:27:77:bf:f5:0a:00:27:00:00:00:08:00 SRC=192.168.56.1 DST=192.168.56.101 LEN=52 TOS=0x10 PREC=0x00 TTL=64 ID=3906 DF PROTO=TCP SPT=54326 DPT=22 WINDOW=501 RES=0x00 ACK URGP=0 
Jun  1 09:30:09 debian kernel: [ 8096.673036] INPUT:DROP:IN=enp0s8 OUT= MAC=08:00:27:77:bf:f5:0a:00:27:00:00:00:08:00 SRC=192.168.56.1 DST=192.168.56.101 LEN=52 TOS=0x10 PREC=0x00 TTL=64 ID=3907 DF PROTO=TCP SPT=54326 DPT=22 WINDOW=501 RES=0x00 ACK URGP=0 
Jun  1 09:30:09 debian kernel: [ 8096.673162] INPUT:DROP:IN=enp0s8 OUT= MAC=08:00:27:77:bf:f5:0a:00:27:00:00:00:08:00 SRC=192.168.56.1 DST=192.168.56.101 LEN=52 TOS=0x10 PREC=0x00 TTL=64 ID=3908 DF PROTO=TCP SPT=54326 DPT=22 WINDOW=501 RES=0x00 ACK URGP=0 
Jun  1 09:30:09 debian kernel: [ 8096.675624] INPUT:DROP:IN=enp0s8 OUT= MAC=08:00:27:77:bf:f5:0a:00:27:00:00:00:08:00 SRC=192.168.56.1 DST=192.168.56.101 LEN=52 TOS=0x10 PREC=0x00 TTL=64 ID=3909 DF PROTO=TCP SPT=54326 DPT=22 WINDOW=501 RES=0x00 ACK URGP=0 
Jun  1 09:30:09 debian kernel: [ 8096.675796] INPUT:DROP:IN=enp0s8 OUT= MAC=08:00:27:77:bf:f5:0a:00:27:00:00:00:08:00 SRC=192.168.56.1 DST=192.168.56.101 LEN=52 TOS=0x10 PREC=0x00 TTL=64 ID=3910 DF PROTO=TCP SPT=54326 DPT=22 WINDOW=501 RES=0x00 ACK URGP=0 
Jun  1 09:30:09 debian kernel: [ 8096.678647] INPUT:DROP:IN=enp0s8 OUT= MAC=08:00:27:77:bf:f5:0a:00:27:00:00:00:08:00 SRC=192.168.56.1 DST=192.168.56.101 LEN=52 TOS=0x10 PREC=0x00 TTL=64 ID=3911 DF PROTO=TCP SPT=54326 DPT=22 WINDOW=501 RES=0x00 ACK URGP=0 
Jun  1 09:30:09 debian kernel: [ 8096.680432] INPUT:DROP:IN=enp0s8 OUT= MAC=08:00:27:77:bf:f5:0a:00:27:00:00:00:08:00 SRC=192.168.56.1 DST=192.168.56.101 LEN=52 TOS=0x10 PREC=0x00 TTL=64 ID=3912 DF PROTO=TCP SPT=54326 DPT=22 WINDOW=501 RES=0x00 ACK URGP=0 
Jun  1 09:30:09 debian kernel: [ 8096.680598] INPUT:DROP:IN=enp0s8 OUT= MAC=08:00:27:77:bf:f5:0a:00:27:00:00:00:08:00 SRC=192.168.56.1 DST=192.168.56.101 LEN=52 TOS=0x10 PREC=0x00 TTL=64 ID=3913 DF PROTO=TCP SPT=54326 DPT=22 WINDOW=501 RES=0x00 ACK URGP=0 
Jun  1 09:30:09 debian kernel: [ 8096.682368] INPUT:DROP:IN=enp0s8 OUT= MAC=08:00:27:77:bf:f5:0a:00:27:00:00:00:08:00 SRC=192.168.56.1 DST=192.168.56.101 LEN=52 TOS=0x10 PREC=0x00 TTL=64 ID=3914 DF PROTO=TCP SPT=54326 DPT=22 WINDOW=501 RES=0x00 ACK URGP=0 
Jun  1 09:30:09 debian kernel: [ 8096.682544] INPUT:DROP:IN=enp0s8 OUT= MAC=08:00:27:77:bf:f5:0a:00:27:00:00:00:08:00 SRC=192.168.56.1 DST=192.168.56.101 LEN=52 TOS=0x10 PREC=0x00 TTL=64 ID=3915 DF PROTO=TCP SPT=54326 DPT=22 WINDOW=501 RES=0x00 ACK URGP=0 
Jun  1 09:30:09 debian kernel: [ 8096.684887] INPUT:DROP:IN=enp0s8 OUT= MAC=08:00:27:77:bf:f5:0a:00:27:00:00:00:08:00 SRC=192.168.56.1 DST=192.168.56.101 LEN=52 TOS=0x10 PREC=0x00 TTL=64 ID=3916 DF PROTO=TCP SPT=54326 DPT=22 WINDOW=501 RES=0x00 ACK URGP=0 
Jun  1 09:30:09 debian kernel: [ 8096.685063] INPUT:DROP:IN=enp0s8 OUT= MAC=08:00:27:77:bf:f5:0a:00:27:00:00:00:08:00 SRC=192.168.56.1 DST=192.168.56.101 LEN=52 TOS=0x10 PREC=0x00 TTL=64 ID=3917 DF PROTO=TCP SPT=54326 DPT=22 WINDOW=501 RES=0x00 ACK URGP=0 
Jun  1 09:30:09 debian kernel: [ 8096.686868] INPUT:DROP:IN=enp0s8 OUT= MAC=08:00:27:77:bf:f5:0a:00:27:00:00:00:08:00 SRC=192.168.56.1 DST=192.168.56.101 LEN=52 TOS=0x10 PREC=0x00 TTL=64 ID=3918 DF PROTO=TCP SPT=54326 DPT=22 WINDOW=501 RES=0x00 ACK URGP=0 
Jun  1 09:30:09 debian kernel: [ 8096.687082] INPUT:DROP:IN=enp0s8 OUT= MAC=08:00:27:77:bf:f5:0a:00:27:00:00:00:08:00 SRC=192.168.56.1 DST=192.168.56.101 LEN=52 TOS=0x10 PREC=0x00 TTL=64 ID=3919 DF PROTO=TCP SPT=54326 DPT=22 WINDOW=501 RES=0x00 ACK URGP=0 
Jun  1 09:30:09 debian kernel: [ 8096.688992] INPUT:DROP:IN=enp0s8 OUT= MAC=08:00:27:77:bf:f5:0a:00:27:00:00:00:08:00 SRC=192.168.56.1 DST=192.168.56.101 LEN=52 TOS=0x10 PREC=0x00 TTL=64 ID=3920 DF PROTO=TCP SPT=54326 DPT=22 WINDOW=501 RES=0x00 ACK URGP=0 
Jun  1 09:30:09 debian kernel: [ 8096.689163] INPUT:DROP:IN=enp0s8 OUT= MAC=08:00:27:77:bf:f5:0a:00:27:00:00:00:08:00 SRC=192.168.56.1 DST=192.168.56.101 LEN=52 TOS=0x10 PREC=0x00 TTL=64 ID=3921 DF PROTO=TCP SPT=54326 DPT=22 WINDOW=501 RES=0x00 ACK URGP=0 
Jun  1 09:30:10 debian kernel: [ 8096.693402] INPUT:DROP:IN=enp0s8 OUT= MAC=08:00:27:77:bf:f5:0a:00:27:00:00:00:08:00 SRC=192.168.56.1 DST=192.168.56.101 LEN=52 TOS=0x10 PREC=0x00 TTL=64 ID=3922 DF PROTO=TCP SPT=54326 DPT=22 WINDOW=501 RES=0x00 ACK URGP=0 
Jun  1 09:30:10 debian kernel: [ 8096.693503] INPUT:DROP:IN=enp0s8 OUT= MAC=08:00:27:77:bf:f5:0a:00:27:00:00:00:08:00 SRC=192.168.56.1 DST=192.168.56.101 LEN=52 TOS=0x10 PREC=0x00 TTL=64 ID=3923 DF PROTO=TCP SPT=54326 DPT=22 WINDOW=501 RES=0x00 ACK URGP=0 
Jun  1 09:30:10 debian kernel: [ 8096.697784] INPUT:DROP:IN=enp0s8 OUT= MAC=08:00:27:77:bf:f5:0a:00:27:00:00:00:08:00 SRC=192.168.56.1 DST=192.168.56.101 LEN=52 TOS=0x10 PREC=0x00 TTL=64 ID=3924 DF PROTO=TCP SPT=54326 DPT=22 WINDOW=501 RES=0x00 ACK URGP=0 
Jun  1 09:30:10 debian kernel: [ 8096.697852] INPUT:DROP:IN=enp0s8 OUT= MAC=08:00:27:77:bf:f5:0a:00:27:00:00:00:08:00 SRC=192.168.56.1 DST=192.168.56.101 LEN=52 TOS=0x10 PREC=0x00 TTL=64 ID=3925 DF PROTO=TCP SPT=54326 DPT=22 WINDOW=501 RES=0x00 ACK URGP=0 
Jun  1 09:30:10 debian kernel: [ 8096.697879] INPUT:DROP:IN=enp0s8 OUT= MAC=08:00:27:77:bf:f5:0a:00:27:00:00:00:08:00 SRC=192.168.56.1 DST=192.168.56.101 LEN=52 TOS=0x10 PREC=0x00 TTL=64 ID=3926 DF PROTO=TCP SPT=54326 DPT=22 WINDOW=501 RES=0x00 ACK URGP=0 
Jun  1 09:30:10 debian kernel: [ 8096.701509] INPUT:DROP:IN=enp0s8 OUT= MAC=08:00:27:77:bf:f5:0a:00:27:00:00:00:08:00 SRC=192.168.56.1 DST=192.168.56.101 LEN=52 TOS=0x10 PREC=0x00 TTL=64 ID=3927 DF PROTO=TCP SPT=54326 DPT=22 WINDOW=501 RES=0x00 ACK URGP=0 
Jun  1 09:30:10 debian kernel: [ 8096.706103] INPUT:DROP:IN=enp0s8 OUT= MAC=08:00:27:77:bf:f5:0a:00:27:00:00:00:08:00 SRC=192.168.56.1 DST=192.168.56.101 LEN=52 TOS=0x10 PREC=0x00 TTL=64 ID=3928 DF PROTO=TCP SPT=54326 DPT=22 WINDOW=501 RES=0x00 ACK URGP=0 
Jun  1 09:30:10 debian kernel: [ 8096.706162] INPUT:DROP:IN=enp0s8 OUT= MAC=08:00:27:77:bf:f5:0a:00:27:00:00:00:08:00 SRC=192.168.56.1 DST=192.168.56.101 LEN=52 TOS=0x10 PREC=0x00 TTL=64 ID=3929 DF PROTO=TCP SPT=54326 DPT=22 WINDOW=501 RES=0x00 ACK URGP=0 
Jun  1 09:30:10 debian kernel: [ 8096.709744] INPUT:DROP:IN=enp0s8 OUT= MAC=08:00:27:77:bf:f5:0a:00:27:00:00:00:08:00 SRC=192.168.56.1 DST=192.168.56.101 LEN=52 TOS=0x10 PREC=0x00 TTL=64 ID=3930 DF PROTO=TCP SPT=54326 DPT=22 WINDOW=501 RES=0x00 ACK URGP=0 
Jun  1 09:30:10 debian kernel: [ 8096.715694] INPUT:DROP:IN=enp0s8 OUT= MAC=08:00:27:77:bf:f5:0a:00:27:00:00:00:08:00 SRC=192.168.56.1 DST=192.168.56.101 LEN=52 TOS=0x10 PREC=0x00 TTL=64 ID=3931 DF PROTO=TCP SPT=54326 DPT=22 WINDOW=501 RES=0x00 ACK URGP=0 
Jun  1 09:30:10 debian kernel: [ 8096.716272] INPUT:DROP:IN=enp0s8 OUT= MAC=08:00:27:77:bf:f5:0a:00:27:00:00:00:08:00 SRC=192.168.56.1 DST=192.168.56.101 LEN=52 TOS=0x10 PREC=0x00 TTL=64 ID=3932 DF PROTO=TCP SPT=54326 DPT=22 WINDOW=501 RES=0x00 ACK URGP=0 
Jun  1 09:30:10 debian kernel: [ 8096.719071] INPUT:DROP:IN=enp0s8 OUT= MAC=08:00:27:77:bf:f5:0a:00:27:00:00:00:08:00 SRC=192.168.56.1 DST=192.168.56.101 LEN=52 TOS=0x10 PREC=0x00 TTL=64 ID=3933 DF PROTO=TCP SPT=54326 DPT=22 WINDOW=501 RES=0x00 ACK URGP=0 
Jun  1 09:30:10 debian kernel: [ 8096.721499] INPUT:DROP:IN=enp0s8 OUT= MAC=08:00:27:77:bf:f5:0a:00:27:00:00:00:08:00 SRC=192.168.56.1 DST=192.168.56.101 LEN=52 TOS=0x10 PREC=0x00 TTL=64 ID=3934 DF PROTO=TCP SPT=54326 DPT=22 WINDOW=501 RES=0x00 ACK URGP=0 
Jun  1 09:30:10 debian kernel: [ 8096.724002] INPUT:DROP:IN=enp0s8 OUT= MAC=08:00:27:77:bf:f5:0a:00:27:00:00:00:08:00 SRC=192.168.56.1 DST=192.168.56.101 LEN=52 TOS=0x10 PREC=0x00 TTL=64 ID=3935 DF PROTO=TCP SPT=54326 DPT=22 WINDOW=501 RES=0x00 ACK URGP=0 
Jun  1 09:30:10 debian kernel: [ 8096.724220] INPUT:DROP:IN=enp0s8 OUT= MAC=08:00:27:77:bf:f5:0a:00:27:00:00:00:08:00 SRC=192.168.56.1 DST=192.168.56.101 LEN=52 TOS=0x10 PREC=0x00 TTL=64 ID=3936 DF PROTO=TCP SPT=54326 DPT=22 WINDOW=501 RES=0x00 ACK URGP=0 
Jun  1 09:30:10 debian kernel: [ 8096.726719] INPUT:DROP:IN=enp0s8 OUT= MAC=08:00:27:77:bf:f5:0a:00:27:00:00:00:08:00 SRC=192.168.56.1 DST=192.168.56.101 LEN=52 TOS=0x10 PREC=0x00 TTL=64 ID=3937 DF PROTO=TCP SPT=54326 DPT=22 WINDOW=501 RES=0x00 ACK URGP=0 
Jun  1 09:30:10 debian kernel: [ 8096.726994] INPUT:DROP:IN=enp0s8 OUT= MAC=08:00:27:77:bf:f5:0a:00:27:00:00:00:08:00 SRC=192.168.56.1 DST=192.168.56.101 LEN=52 TOS=0x10 PREC=0x00 TTL=64 ID=3938 DF PROTO=TCP SPT=54326 DPT=22 WINDOW=501 RES=0x00 ACK URGP=0 
Jun  1 09:30:10 debian kernel: [ 8096.729179] INPUT:DROP:IN=enp0s8 OUT= MAC=08:00:27:77:bf:f5:0a:00:27:00:00:00:08:00 SRC=192.168.56.1 DST=192.168.56.101 LEN=52 TOS=0x10 PREC=0x00 TTL=64 ID=3939 DF PROTO=TCP SPT=54326 DPT=22 WINDOW=501 RES=0x00 ACK URGP=0 
Jun  1 09:30:10 debian kernel: [ 8096.729395] INPUT:DROP:IN=enp0s8 OUT= MAC=08:00:27:77:bf:f5:0a:00:27:00:00:00:08:00 SRC=192.168.56.1 DST=192.168.56.101 LEN=52 TOS=0x10 PREC=0x00 TTL=64 ID=3940 DF PROTO=TCP SPT=54326 DPT=22 WINDOW=501 RES=0x00 ACK URGP=0 
Jun  1 09:30:10 debian kernel: [ 8096.729655] INPUT:DROP:IN=enp0s8 OUT= MAC=08:00:27:77:bf:f5:0a:00:27:00:00:00:08:00 SRC=192.168.56.1 DST=192.168.56.101 LEN=52 TOS=0x10 PREC=0x00 TTL=64 ID=3941 DF PROTO=TCP SPT=54326 DPT=22 WINDOW=501 RES=0x00 ACK URGP=0 
Jun  1 09:30:10 debian kernel: [ 8096.733185] INPUT:DROP:IN=enp0s8 OUT= MAC=08:00:27:77:bf:f5:0a:00:27:00:00:00:08:00 SRC=192.168.56.1 DST=192.168.56.101 LEN=52 TOS=0x10 PREC=0x00 TTL=64 ID=3942 DF PROTO=TCP SPT=54326 DPT=22 WINDOW=501 RES=0x00 ACK URGP=0 
Jun  1 09:30:10 debian kernel: [ 8096.733622] INPUT:DROP:IN=enp0s8 OUT= MAC=08:00:27:77:bf:f5:0a:00:27:00:00:00:08:00 SRC=192.168.56.1 DST=192.168.56.101 LEN=52 TOS=0x10 PREC=0x00 TTL=64 ID=3943 DF PROTO=TCP SPT=54326 DPT=22 WINDOW=501 RES=0x00 ACK URGP=0 
Jun  1 09:30:10 debian kernel: [ 8096.737643] INPUT:DROP:IN=enp0s8 OUT= MAC=08:00:27:77:bf:f5:0a:00:27:00:00:00:08:00 SRC=192.168.56.1 DST=192.168.56.101 LEN=52 TOS=0x10 PREC=0x00 TTL=64 ID=3944 DF PROTO=TCP SPT=54326 DPT=22 WINDOW=501 RES=0x00 ACK URGP=0 
Jun  1 09:30:10 debian kernel: [ 8096.741173] INPUT:DROP:IN=enp0s8 OUT= MAC=08:00:27:77:bf:f5:0a:00:27:00:00:00:08:00 SRC=192.168.56.1 DST=192.168.56.101 LEN=52 TOS=0x10 PREC=0x00 TTL=64 ID=3945 DF PROTO=TCP SPT=54326 DPT=22 WINDOW=501 RES=0x00 ACK URGP=0 
Jun  1 09:30:10 debian kernel: [ 8096.741340] INPUT:DROP:IN=enp0s8 OUT= MAC=08:00:27:77:bf:f5:0a:00:27:00:00:00:08:00 SRC=192.168.56.1 DST=192.168.56.101 LEN=52 TOS=0x10 PREC=0x00 TTL=64 ID=3946 DF PROTO=TCP SPT=54326 DPT=22 WINDOW=501 RES=0x00 ACK URGP=0 
Jun  1 09:30:10 debian kernel: [ 8096.741493] INPUT:DROP:IN=enp0s8 OUT= MAC=08:00:27:77:bf:f5:0a:00:27:00:00:00:08:00 SRC=192.168.56.1 DST=192.168.56.101 LEN=52 TOS=0x10 PREC=0x00 TTL=64 ID=3947 DF PROTO=TCP SPT=54326 DPT=22 WINDOW=501 RES=0x00 ACK URGP=0 
Jun  1 09:30:10 debian kernel: [ 8096.742791] INPUT:DROP:IN=enp0s8 OUT= MAC=08:00:27:77:bf:f5:0a:00:27:00:00:00:08:00 SRC=192.168.56.1 DST=192.168.56.101 LEN=52 TOS=0x10 PREC=0x00 TTL=64 ID=3948 DF PROTO=TCP SPT=54326 DPT=22 WINDOW=501 RES=0x00 ACK URGP=0 
Jun  1 09:30:10 debian kernel: [ 8096.742883] INPUT:DROP:IN=enp0s8 OUT= MAC=08:00:27:77:bf:f5:0a:00:27:00:00:00:08:00 SRC=192.168.56.1 DST=192.168.56.101 LEN=52 TOS=0x10 PREC=0x00 TTL=64 ID=3949 DF PROTO=TCP SPT=54326 DPT=22 WINDOW=501 RES=0x00 ACK URGP=0 
Jun  1 09:30:10 debian kernel: [ 8096.744215] INPUT:DROP:IN=enp0s8 OUT= MAC=08:00:27:77:bf:f5:0a:00:27:00:00:00:08:00 SRC=192.168.56.1 DST=192.168.56.101 LEN=52 TOS=0x10 PREC=0x00 TTL=64 ID=3950 DF PROTO=TCP SPT=54326 DPT=22 WINDOW=501 RES=0x00 ACK URGP=0 
Jun  1 09:30:10 debian kernel: [ 8096.744344] INPUT:DROP:IN=enp0s8 OUT= MAC=08:00:27:77:bf:f5:0a:00:27:00:00:00:08:00 SRC=192.168.56.1 DST=192.168.56.101 LEN=52 TOS=0x10 PREC=0x00 TTL=64 ID=3951 DF PROTO=TCP SPT=54326 DPT=22 WINDOW=501 RES=0x00 ACK URGP=0 
Jun  1 09:30:10 debian kernel: [ 8096.747831] INPUT:DROP:IN=enp0s8 OUT= MAC=08:00:27:77:bf:f5:0a:00:27:00:00:00:08:00 SRC=192.168.56.1 DST=192.168.56.101 LEN=52 TOS=0x10 PREC=0x00 TTL=64 ID=3952 DF PROTO=TCP SPT=54326 DPT=22 WINDOW=501 RES=0x00 ACK URGP=0 
Jun  1 09:30:10 debian kernel: [ 8096.748463] INPUT:DROP:IN=enp0s8 OUT= MAC=08:00:27:77:bf:f5:0a:00:27:00:00:00:08:00 SRC=192.168.56.1 DST=192.168.56.101 LEN=52 TOS=0x10 PREC=0x00 TTL=64 ID=3953 DF PROTO=TCP SPT=54326 DPT=22 WINDOW=501 RES=0x00 ACK URGP=0 
Jun  1 09:30:10 debian kernel: [ 8096.749390] INPUT:DROP:IN=enp0s8 OUT= MAC=08:00:27:77:bf:f5:0a:00:27:00:00:00:08:00 SRC=192.168.56.1 DST=192.168.56.101 LEN=52 TOS=0x10 PREC=0x00 TTL=64 ID=3954 DF PROTO=TCP SPT=54326 DPT=22 WINDOW=501 RES=0x00 ACK URGP=0 
Jun  1 09:30:10 debian kernel: [ 8096.751083] INPUT:DROP:IN=enp0s8 OUT= MAC=08:00:27:77:bf:f5:0a:00:27:00:00:00:08:00 SRC=192.168.56.1 DST=192.168.56.101 LEN=52 TOS=0x10 PREC=0x00 TTL=64 ID=3955 DF PROTO=TCP SPT=54326 DPT=22 WINDOW=501 RES=0x00 ACK URGP=0 
Jun  1 09:30:10 debian kernel: [ 8096.751123] INPUT:DROP:IN=enp0s8 OUT= MAC=08:00:27:77:bf:f5:0a:00:27:00:00:00:08:00 SRC=192.168.56.1 DST=192.168.56.101 LEN=52 TOS=0x10 PREC=0x00 TTL=64 ID=3956 DF PROTO=TCP SPT=54326 DPT=22 WINDOW=501 RES=0x00 ACK URGP=0 
Jun  1 09:30:10 debian kernel: [ 8096.753060] INPUT:DROP:IN=enp0s8 OUT= MAC=08:00:27:77:bf:f5:0a:00:27:00:00:00:08:00 SRC=192.168.56.1 DST=192.168.56.101 LEN=52 TOS=0x10 PREC=0x00 TTL=64 ID=3957 DF PROTO=TCP SPT=54326 DPT=22 WINDOW=501 RES=0x00 ACK URGP=0 
Jun  1 09:30:10 debian kernel: [ 8096.754391] INPUT:DROP:IN=enp0s8 OUT= MAC=08:00:27:77:bf:f5:0a:00:27:00:00:00:08:00 SRC=192.168.56.1 DST=192.168.56.101 LEN=52 TOS=0x10 PREC=0x00 TTL=64 ID=3958 DF PROTO=TCP SPT=54326 DPT=22 WINDOW=501 RES=0x00 ACK URGP=0 
Jun  1 09:30:10 debian kernel: [ 8096.754466] INPUT:DROP:IN=enp0s8 OUT= MAC=08:00:27:77:bf:f5:0a:00:27:00:00:00:08:00 SRC=192.168.56.1 DST=192.168.56.101 LEN=52 TOS=0x10 PREC=0x00 TTL=64 ID=3959 DF PROTO=TCP SPT=54326 DPT=22 WINDOW=501 RES=0x00 ACK URGP=0 
Jun  1 09:30:10 debian kernel: [ 8096.755566] INPUT:DROP:IN=enp0s8 OUT= MAC=08:00:27:77:bf:f5:0a:00:27:00:00:00:08:00 SRC=192.168.56.1 DST=192.168.56.101 LEN=52 TOS=0x10 PREC=0x00 TTL=64 ID=3960 DF PROTO=TCP SPT=54326 DPT=22 WINDOW=501 RES=0x00 ACK URGP=0 
Jun  1 09:30:10 debian kernel: [ 8096.755579] INPUT:DROP:IN=enp0s8 OUT= MAC=08:00:27:77:bf:f5:0a:00:27:00:00:00:08:00 SRC=192.168.56.1 DST=192.168.56.101 LEN=52 TOS=0x10 PREC=0x00 TTL=64 ID=3961 DF PROTO=TCP SPT=54326 DPT=22 WINDOW=501 RES=0x00 ACK URGP=0 
Jun  1 09:30:10 debian kernel: [ 8096.756815] INPUT:DROP:IN=enp0s8 OUT= MAC=08:00:27:77:bf:f5:0a:00:27:00:00:00:08:00 SRC=192.168.56.1 DST=192.168.56.101 LEN=52 TOS=0x10 PREC=0x00 TTL=64 ID=3962 DF PROTO=TCP SPT=54326 DPT=22 WINDOW=501 RES=0x00 ACK URGP=0 
Jun  1 09:30:10 debian kernel: [ 8096.757315] INPUT:DROP:IN=enp0s8 OUT= MAC=08:00:27:77:bf:f5:0a:00:27:00:00:00:08:00 SRC=192.168.56.1 DST=192.168.56.101 LEN=52 TOS=0x10 PREC=0x00 TTL=64 ID=3963 DF PROTO=TCP SPT=54326 DPT=22 WINDOW=501 RES=0x00 ACK URGP=0 
Jun  1 09:30:10 debian kernel: [ 8096.758341] INPUT:DROP:IN=enp0s8 OUT= MAC=08:00:27:77:bf:f5:0a:00:27:00:00:00:08:00 SRC=192.168.56.1 DST=192.168.56.101 LEN=52 TOS=0x10 PREC=0x00 TTL=64 ID=3964 DF PROTO=TCP SPT=54326 DPT=22 WINDOW=501 RES=0x00 ACK URGP=0 
Jun  1 09:30:10 debian kernel: [ 8096.759660] INPUT:DROP:IN=enp0s8 OUT= MAC=08:00:27:77:bf:f5:0a:00:27:00:00:00:08:00 SRC=192.168.56.1 DST=192.168.56.101 LEN=52 TOS=0x10 PREC=0x00 TTL=64 ID=3965 DF PROTO=TCP SPT=54326 DPT=22 WINDOW=501 RES=0x00 ACK URGP=0 
Jun  1 09:30:10 debian kernel: [ 8096.759704] INPUT:DROP:IN=enp0s8 OUT= MAC=08:00:27:77:bf:f5:0a:00:27:00:00:00:08:00 SRC=192.168.56.1 DST=192.168.56.101 LEN=52 TOS=0x10 PREC=0x00 TTL=64 ID=3966 DF PROTO=TCP SPT=54326 DPT=22 WINDOW=501 RES=0x00 ACK URGP=0 
Jun  1 09:30:10 debian kernel: [ 8096.760696] INPUT:DROP:IN=enp0s8 OUT= MAC=08:00:27:77:bf:f5:0a:00:27:00:00:00:08:00 SRC=192.168.56.1 DST=192.168.56.101 LEN=52 TOS=0x10 PREC=0x00 TTL=64 ID=3967 DF PROTO=TCP SPT=54326 DPT=22 WINDOW=501 RES=0x00 ACK URGP=0 
Jun  1 09:30:10 debian kernel: [ 8097.265151] INPUT:DROP:IN=enp0s8 OUT= MAC=08:00:27:77:bf:f5:0a:00:27:00:00:00:08:00 SRC=192.168.56.1 DST=192.168.56.101 LEN=52 TOS=0x10 PREC=0x00 TTL=64 ID=3968 DF PROTO=TCP SPT=54326 DPT=22 WINDOW=501 RES=0x00 ACK URGP=0 
Jun  1 09:30:10 debian kernel: [ 8097.265715] INPUT:DROP:IN=enp0s8 OUT= MAC=08:00:27:77:bf:f5:0a:00:27:00:00:00:08:00 SRC=192.168.56.1 DST=192.168.56.101 LEN=52 TOS=0x10 PREC=0x00 TTL=64 ID=3969 DF PROTO=TCP SPT=54326 DPT=22 WINDOW=501 RES=0x00 ACK URGP=0 
Jun  1 09:30:10 debian kernel: [ 8097.272908] INPUT:DROP:IN=enp0s8 OUT= MAC=08:00:27:77:bf:f5:0a:00:27:00:00:00:08:00 SRC=192.168.56.1 DST=192.168.56.101 LEN=52 TOS=0x10 PREC=0x00 TTL=64 ID=3970 DF PROTO=TCP SPT=54326 DPT=22 WINDOW=501 RES=0x00 ACK URGP=0 
Jun  1 09:30:10 debian kernel: [ 8097.273362] INPUT:DROP:IN=enp0s8 OUT= MAC=08:00:27:77:bf:f5:0a:00:27:00:00:00:08:00 SRC=192.168.56.1 DST=192.168.56.101 LEN=52 TOS=0x10 PREC=0x00 TTL=64 ID=3971 DF PROTO=TCP SPT=54326 DPT=22 WINDOW=501 RES=0x00 ACK URGP=0 
Jun  1 09:30:10 debian kernel: [ 8097.278314] INPUT:DROP:IN=enp0s8 OUT= MAC=08:00:27:77:bf:f5:0a:00:27:00:00:00:08:00 SRC=192.168.56.1 DST=192.168.56.101 LEN=52 TOS=0x10 PREC=0x00 TTL=64 ID=3972 DF PROTO=TCP SPT=54326 DPT=22 WINDOW=501 RES=0x00 ACK URGP=0 
Jun  1 09:30:10 debian kernel: [ 8097.279083] INPUT:DROP:IN=enp0s8 OUT= MAC=08:00:27:77:bf:f5:0a:00:27:00:00:00:08:00 SRC=192.168.56.1 DST=192.168.56.101 LEN=52 TOS=0x10 PREC=0x00 TTL=64 ID=3973 DF PROTO=TCP SPT=54326 DPT=22 WINDOW=501 RES=0x00 ACK URGP=0 
Jun  1 09:30:10 debian kernel: [ 8097.284959] INPUT:DROP:IN=enp0s8 OUT= MAC=08:00:27:77:bf:f5:0a:00:27:00:00:00:08:00 SRC=192.168.56.1 DST=192.168.56.101 LEN=52 TOS=0x10 PREC=0x00 TTL=64 ID=3974 DF PROTO=TCP SPT=54326 DPT=22 WINDOW=501 RES=0x00 ACK URGP=0 
Jun  1 09:30:10 debian kernel: [ 8097.285404] INPUT:DROP:IN=enp0s8 OUT= MAC=08:00:27:77:bf:f5:0a:00:27:00:00:00:08:00 SRC=192.168.56.1 DST=192.168.56.101 LEN=52 TOS=0x10 PREC=0x00 TTL=64 ID=3975 DF PROTO=TCP SPT=54326 DPT=22 WINDOW=501 RES=0x00 ACK URGP=0 
Jun  1 09:30:10 debian kernel: [ 8097.290439] INPUT:DROP:IN=enp0s8 OUT= MAC=08:00:27:77:bf:f5:0a:00:27:00:00:00:08:00 SRC=192.168.56.1 DST=192.168.56.101 LEN=52 TOS=0x10 PREC=0x00 TTL=64 ID=3976 DF PROTO=TCP SPT=54326 DPT=22 WINDOW=501 RES=0x00 ACK URGP=0 
Jun  1 09:30:10 debian kernel: [ 8097.290546] INPUT:DROP:IN=enp0s8 OUT= MAC=08:00:27:77:bf:f5:0a:00:27:00:00:00:08:00 SRC=192.168.56.1 DST=192.168.56.101 LEN=88 TOS=0x10 PREC=0x00 TTL=64 ID=3977 DF PROTO=TCP SPT=54326 DPT=22 WINDOW=501 RES=0x00 ACK PSH URGP=0 
Jun  1 09:30:10 debian kernel: [ 8097.290771] INPUT:DROP:IN=enp0s8 OUT= MAC=08:00:27:77:bf:f5:0a:00:27:00:00:00:08:00 SRC=192.168.56.1 DST=192.168.56.101 LEN=52 TOS=0x10 PREC=0x00 TTL=64 ID=3978 DF PROTO=TCP SPT=54326 DPT=22 WINDOW=501 RES=0x00 ACK URGP=0 
Jun  1 09:30:10 debian kernel: [ 8097.295630] INPUT:DROP:IN=enp0s8 OUT= MAC=08:00:27:77:bf:f5:0a:00:27:00:00:00:08:00 SRC=192.168.56.1 DST=192.168.56.101 LEN=52 TOS=0x10 PREC=0x00 TTL=64 ID=3979 DF PROTO=TCP SPT=54326 DPT=22 WINDOW=501 RES=0x00 ACK URGP=0 
Jun  1 09:30:10 debian kernel: [ 8097.296379] INPUT:DROP:IN=enp0s8 OUT= MAC=08:00:27:77:bf:f5:0a:00:27:00:00:00:08:00 SRC=192.168.56.1 DST=192.168.56.101 LEN=52 TOS=0x10 PREC=0x00 TTL=64 ID=3980 DF PROTO=TCP SPT=54326 DPT=22 WINDOW=501 RES=0x00 ACK URGP=0 
Jun  1 09:30:10 debian kernel: [ 8097.301971] INPUT:DROP:IN=enp0s8 OUT= MAC=08:00:27:77:bf:f5:0a:00:27:00:00:00:08:00 SRC=192.168.56.1 DST=192.168.56.101 LEN=52 TOS=0x10 PREC=0x00 TTL=64 ID=3981 DF PROTO=TCP SPT=54326 DPT=22 WINDOW=501 RES=0x00 ACK URGP=0 
Jun  1 09:30:10 debian kernel: [ 8097.302231] INPUT:DROP:IN=enp0s8 OUT= MAC=08:00:27:77:bf:f5:0a:00:27:00:00:00:08:00 SRC=192.168.56.1 DST=192.168.56.101 LEN=52 TOS=0x10 PREC=0x00 TTL=64 ID=3982 DF PROTO=TCP SPT=54326 DPT=22 WINDOW=501 RES=0x00 ACK URGP=0 
Jun  1 09:30:10 debian kernel: [ 8097.302586] INPUT:DROP:IN=enp0s8 OUT= MAC=08:00:27:77:bf:f5:0a:00:27:00:00:00:08:00 SRC=192.168.56.1 DST=192.168.56.101 LEN=52 TOS=0x10 PREC=0x00 TTL=64 ID=3983 DF PROTO=TCP SPT=54326 DPT=22 WINDOW=501 RES=0x00 ACK URGP=0 
Jun  1 09:30:10 debian kernel: [ 8097.307652] INPUT:DROP:IN=enp0s8 OUT= MAC=08:00:27:77:bf:f5:0a:00:27:00:00:00:08:00 SRC=192.168.56.1 DST=192.168.56.101 LEN=52 TOS=0x10 PREC=0x00 TTL=64 ID=3984 DF PROTO=TCP SPT=54326 DPT=22 WINDOW=501 RES=0x00 ACK URGP=0 
Jun  1 09:30:10 debian kernel: [ 8097.307740] INPUT:DROP:IN=enp0s8 OUT= MAC=08:00:27:77:bf:f5:0a:00:27:00:00:00:08:00 SRC=192.168.56.1 DST=192.168.56.101 LEN=52 TOS=0x10 PREC=0x00 TTL=64 ID=3985 DF PROTO=TCP SPT=54326 DPT=22 WINDOW=501 RES=0x00 ACK URGP=0 
Jun  1 09:30:10 debian kernel: [ 8097.313392] INPUT:DROP:IN=enp0s8 OUT= MAC=08:00:27:77:bf:f5:0a:00:27:00:00:00:08:00 SRC=192.168.56.1 DST=192.168.56.101 LEN=52 TOS=0x10 PREC=0x00 TTL=64 ID=3986 DF PROTO=TCP SPT=54326 DPT=22 WINDOW=501 RES=0x00 ACK URGP=0 
Jun  1 09:30:10 debian kernel: [ 8097.313670] INPUT:DROP:IN=enp0s8 OUT= MAC=08:00:27:77:bf:f5:0a:00:27:00:00:00:08:00 SRC=192.168.56.1 DST=192.168.56.101 LEN=52 TOS=0x10 PREC=0x00 TTL=64 ID=3987 DF PROTO=TCP SPT=54326 DPT=22 WINDOW=501 RES=0x00 ACK URGP=0 
Jun  1 09:30:10 debian kernel: [ 8097.318359] INPUT:DROP:IN=enp0s8 OUT= MAC=08:00:27:77:bf:f5:0a:00:27:00:00:00:08:00 SRC=192.168.56.1 DST=192.168.56.101 LEN=52 TOS=0x10 PREC=0x00 TTL=64 ID=3988 DF PROTO=TCP SPT=54326 DPT=22 WINDOW=501 RES=0x00 ACK URGP=0 
Jun  1 09:30:10 debian kernel: [ 8097.318637] INPUT:DROP:IN=enp0s8 OUT= MAC=08:00:27:77:bf:f5:0a:00:27:00:00:00:08:00 SRC=192.168.56.1 DST=192.168.56.101 LEN=52 TOS=0x10 PREC=0x00 TTL=64 ID=3989 DF PROTO=TCP SPT=54326 DPT=22 WINDOW=501 RES=0x00 ACK URGP=0 
Jun  1 09:30:10 debian kernel: [ 8097.323346] INPUT:DROP:IN=enp0s8 OUT= MAC=08:00:27:77:bf:f5:0a:00:27:00:00:00:08:00 SRC=192.168.56.1 DST=192.168.56.101 LEN=52 TOS=0x10 PREC=0x00 TTL=64 ID=3990 DF PROTO=TCP SPT=54326 DPT=22 WINDOW=501 RES=0x00 ACK URGP=0 
Jun  1 09:30:10 debian kernel: [ 8097.323749] INPUT:DROP:IN=enp0s8 OUT= MAC=08:00:27:77:bf:f5:0a:00:27:00:00:00:08:00 SRC=192.168.56.1 DST=192.168.56.101 LEN=52 TOS=0x10 PREC=0x00 TTL=64 ID=3991 DF PROTO=TCP SPT=54326 DPT=22 WINDOW=501 RES=0x00 ACK URGP=0 
Jun  1 09:30:10 debian kernel: [ 8097.328932] INPUT:DROP:IN=enp0s8 OUT= MAC=08:00:27:77:bf:f5:0a:00:27:00:00:00:08:00 SRC=192.168.56.1 DST=192.168.56.101 LEN=52 TOS=0x10 PREC=0x00 TTL=64 ID=3992 DF PROTO=TCP SPT=54326 DPT=22 WINDOW=501 RES=0x00 ACK URGP=0 
Jun  1 09:30:10 debian kernel: [ 8097.334662] INPUT:DROP:IN=enp0s8 OUT= MAC=08:00:27:77:bf:f5:0a:00:27:00:00:00:08:00 SRC=192.168.56.1 DST=192.168.56.101 LEN=52 TOS=0x10 PREC=0x00 TTL=64 ID=3993 DF PROTO=TCP SPT=54326 DPT=22 WINDOW=501 RES=0x00 ACK URGP=0 
Jun  1 09:30:10 debian kernel: [ 8097.334929] INPUT:DROP:IN=enp0s8 OUT= MAC=08:00:27:77:bf:f5:0a:00:27:00:00:00:08:00 SRC=192.168.56.1 DST=192.168.56.101 LEN=52 TOS=0x10 PREC=0x00 TTL=64 ID=3994 DF PROTO=TCP SPT=54326 DPT=22 WINDOW=501 RES=0x00 ACK URGP=0 
Jun  1 09:30:10 debian kernel: [ 8097.339610] INPUT:DROP:IN=enp0s8 OUT= MAC=08:00:27:77:bf:f5:0a:00:27:00:00:00:08:00 SRC=192.168.56.1 DST=192.168.56.101 LEN=52 TOS=0x10 PREC=0x00 TTL=64 ID=3995 DF PROTO=TCP SPT=54326 DPT=22 WINDOW=501 RES=0x00 ACK URGP=0 
Jun  1 09:30:10 debian kernel: [ 8097.339750] INPUT:DROP:IN=enp0s8 OUT= MAC=08:00:27:77:bf:f5:0a:00:27:00:00:00:08:00 SRC=192.168.56.1 DST=192.168.56.101 LEN=52 TOS=0x10 PREC=0x00 TTL=64 ID=3996 DF PROTO=TCP SPT=54326 DPT=22 WINDOW=501 RES=0x00 ACK URGP=0 
Jun  1 09:30:10 debian kernel: [ 8097.340156] INPUT:DROP:IN=enp0s8 OUT= MAC=08:00:27:77:bf:f5:0a:00:27:00:00:00:08:00 SRC=192.168.56.1 DST=192.168.56.101 LEN=52 TOS=0x10 PREC=0x00 TTL=64 ID=3997 DF PROTO=TCP SPT=54326 DPT=22 WINDOW=501 RES=0x00 ACK URGP=0 
Jun  1 09:30:10 debian kernel: [ 8097.346099] INPUT:DROP:IN=enp0s8 OUT= MAC=08:00:27:77:bf:f5:0a:00:27:00:00:00:08:00 SRC=192.168.56.1 DST=192.168.56.101 LEN=52 TOS=0x10 PREC=0x00 TTL=64 ID=3998 DF PROTO=TCP SPT=54326 DPT=22 WINDOW=501 RES=0x00 ACK URGP=0 
Jun  1 09:30:10 debian kernel: [ 8097.346627] INPUT:DROP:IN=enp0s8 OUT= MAC=08:00:27:77:bf:f5:0a:00:27:00:00:00:08:00 SRC=192.168.56.1 DST=192.168.56.101 LEN=52 TOS=0x10 PREC=0x00 TTL=64 ID=3999 DF PROTO=TCP SPT=54326 DPT=22 WINDOW=501 RES=0x00 ACK URGP=0 
Jun  1 09:30:10 debian kernel: [ 8097.351516] INPUT:DROP:IN=enp0s8 OUT= MAC=08:00:27:77:bf:f5:0a:00:27:00:00:00:08:00 SRC=192.168.56.1 DST=192.168.56.101 LEN=52 TOS=0x10 PREC=0x00 TTL=64 ID=4000 DF PROTO=TCP SPT=54326 DPT=22 WINDOW=501 RES=0x00 ACK URGP=0 
Jun  1 09:30:10 debian kernel: [ 8097.351543] INPUT:DROP:IN=enp0s8 OUT= MAC=08:00:27:77:bf:f5:0a:00:27:00:00:00:08:00 SRC=192.168.56.1 DST=192.168.56.101 LEN=52 TOS=0x10 PREC=0x00 TTL=64 ID=4001 DF PROTO=TCP SPT=54326 DPT=22 WINDOW=501 RES=0x00 ACK URGP=0 
Jun  1 09:30:10 debian kernel: [ 8097.355153] INPUT:DROP:IN=enp0s8 OUT= MAC=08:00:27:77:bf:f5:0a:00:27:00:00:00:08:00 SRC=192.168.56.1 DST=192.168.56.101 LEN=52 TOS=0x10 PREC=0x00 TTL=64 ID=4002 DF PROTO=TCP SPT=54326 DPT=22 WINDOW=501 RES=0x00 ACK URGP=0 
Jun  1 09:30:10 debian kernel: [ 8097.355285] INPUT:DROP:IN=enp0s8 OUT= MAC=08:00:27:77:bf:f5:0a:00:27:00:00:00:08:00 SRC=192.168.56.1 DST=192.168.56.101 LEN=52 TOS=0x10 PREC=0x00 TTL=64 ID=4003 DF PROTO=TCP SPT=54326 DPT=22 WINDOW=501 RES=0x00 ACK URGP=0 
Jun  1 09:30:10 debian kernel: [ 8097.358430] INPUT:DROP:IN=enp0s8 OUT= MAC=08:00:27:77:bf:f5:0a:00:27:00:00:00:08:00 SRC=192.168.56.1 DST=192.168.56.101 LEN=52 TOS=0x10 PREC=0x00 TTL=64 ID=4004 DF PROTO=TCP SPT=54326 DPT=22 WINDOW=501 RES=0x00 ACK URGP=0 
Jun  1 09:30:10 debian kernel: [ 8097.358821] INPUT:DROP:IN=enp0s8 OUT= MAC=08:00:27:77:bf:f5:0a:00:27:00:00:00:08:00 SRC=192.168.56.1 DST=192.168.56.101 LEN=52 TOS=0x10 PREC=0x00 TTL=64 ID=4005 DF PROTO=TCP SPT=54326 DPT=22 WINDOW=501 RES=0x00 ACK URGP=0 
Jun  1 09:30:10 debian kernel: [ 8097.360910] INPUT:DROP:IN=enp0s8 OUT= MAC=08:00:27:77:bf:f5:0a:00:27:00:00:00:08:00 SRC=192.168.56.1 DST=192.168.56.101 LEN=52 TOS=0x10 PREC=0x00 TTL=64 ID=4006 DF PROTO=TCP SPT=54326 DPT=22 WINDOW=501 RES=0x00 ACK URGP=0 
Jun  1 09:30:10 debian kernel: [ 8097.361062] INPUT:DROP:IN=enp0s8 OUT= MAC=08:00:27:77:bf:f5:0a:00:27:00:00:00:08:00 SRC=192.168.56.1 DST=192.168.56.101 LEN=52 TOS=0x10 PREC=0x00 TTL=64 ID=4007 DF PROTO=TCP SPT=54326 DPT=22 WINDOW=501 RES=0x00 ACK URGP=0 
Jun  1 09:30:10 debian kernel: [ 8097.363829] INPUT:DROP:IN=enp0s8 OUT= MAC=08:00:27:77:bf:f5:0a:00:27:00:00:00:08:00 SRC=192.168.56.1 DST=192.168.56.101 LEN=52 TOS=0x10 PREC=0x00 TTL=64 ID=4008 DF PROTO=TCP SPT=54326 DPT=22 WINDOW=501 RES=0x00 ACK URGP=0 
Jun  1 09:30:10 debian kernel: [ 8097.363968] INPUT:DROP:IN=enp0s8 OUT= MAC=08:00:27:77:bf:f5:0a:00:27:00:00:00:08:00 SRC=192.168.56.1 DST=192.168.56.101 LEN=52 TOS=0x10 PREC=0x00 TTL=64 ID=4009 DF PROTO=TCP SPT=54326 DPT=22 WINDOW=501 RES=0x00 ACK URGP=0 
Jun  1 09:30:10 debian kernel: [ 8097.364110] INPUT:DROP:IN=enp0s8 OUT= MAC=08:00:27:77:bf:f5:0a:00:27:00:00:00:08:00 SRC=192.168.56.1 DST=192.168.56.101 LEN=52 TOS=0x10 PREC=0x00 TTL=64 ID=4010 DF PROTO=TCP SPT=54326 DPT=22 WINDOW=501 RES=0x00 ACK URGP=0 
Jun  1 09:30:10 debian kernel: [ 8097.366523] INPUT:DROP:IN=enp0s8 OUT= MAC=08:00:27:77:bf:f5:0a:00:27:00:00:00:08:00 SRC=192.168.56.1 DST=192.168.56.101 LEN=52 TOS=0x10 PREC=0x00 TTL=64 ID=4011 DF PROTO=TCP SPT=54326 DPT=22 WINDOW=501 RES=0x00 ACK URGP=0 
Jun  1 09:30:10 debian kernel: [ 8097.367994] INPUT:DROP:IN=enp0s8 OUT= MAC=08:00:27:77:bf:f5:0a:00:27:00:00:00:08:00 SRC=192.168.56.1 DST=192.168.56.101 LEN=52 TOS=0x10 PREC=0x00 TTL=64 ID=4012 DF PROTO=TCP SPT=54326 DPT=22 WINDOW=501 RES=0x00 ACK URGP=0 
Jun  1 09:30:10 debian kernel: [ 8097.372112] INPUT:DROP:IN=enp0s8 OUT= MAC=08:00:27:77:bf:f5:0a:00:27:00:00:00:08:00 SRC=192.168.56.1 DST=192.168.56.101 LEN=52 TOS=0x10 PREC=0x00 TTL=64 ID=4013 DF PROTO=TCP SPT=54326 DPT=22 WINDOW=501 RES=0x00 ACK URGP=0 
Jun  1 09:30:10 debian kernel: [ 8097.372139] INPUT:DROP:IN=enp0s8 OUT= MAC=08:00:27:77:bf:f5:0a:00:27:00:00:00:08:00 SRC=192.168.56.1 DST=192.168.56.101 LEN=52 TOS=0x10 PREC=0x00 TTL=64 ID=4014 DF PROTO=TCP SPT=54326 DPT=22 WINDOW=501 RES=0x00 ACK URGP=0 
Jun  1 09:30:10 debian kernel: [ 8097.374957] INPUT:DROP:IN=enp0s8 OUT= MAC=08:00:27:77:bf:f5:0a:00:27:00:00:00:08:00 SRC=192.168.56.1 DST=192.168.56.101 LEN=52 TOS=0x10 PREC=0x00 TTL=64 ID=4015 DF PROTO=TCP SPT=54326 DPT=22 WINDOW=501 RES=0x00 ACK URGP=0 
Jun  1 09:30:10 debian kernel: [ 8097.374978] INPUT:DROP:IN=enp0s8 OUT= MAC=08:00:27:77:bf:f5:0a:00:27:00:00:00:08:00 SRC=192.168.56.1 DST=192.168.56.101 LEN=52 TOS=0x10 PREC=0x00 TTL=64 ID=4016 DF PROTO=TCP SPT=54326 DPT=22 WINDOW=501 RES=0x00 ACK URGP=0 
