Nov  9 16:15:38 debian rsyslogd:  [origin software="rsyslogd" swVersion="8.1901.0" x-pid="426" x-info="https://www.rsyslog.com"] rsyslogd was HUPed
Nov  9 16:15:38 debian rsyslogd:  [origin software="rsyslogd" swVersion="8.1901.0" x-pid="426" x-info="https://www.rsyslog.com"] rsyslogd was HUPed
Nov  9 16:15:38 debian systemd[1]: logrotate.service: Succeeded.
Nov  9 16:15:38 debian systemd[1]: Started Rotate log files.
Nov  9 16:15:38 debian systemd[1]: man-db.service: Succeeded.
Nov  9 16:15:38 debian systemd[1]: Started Daily man-db regeneration.
Nov  9 16:15:39 debian systemd[1]: apt-daily.service: Succeeded.
Nov  9 16:15:39 debian systemd[1]: Started Daily apt download activities.
Nov  9 16:15:39 debian systemd[1]: Starting Daily apt upgrade and clean activities...
Nov  9 16:15:39 debian systemd[1]: apt-daily-upgrade.service: Succeeded.
Nov  9 16:15:39 debian systemd[1]: Started Daily apt upgrade and clean activities.
Nov  9 16:15:39 debian systemd[1]: Startup finished in 2.657s (kernel) + 2.583s (userspace) = 5.241s.
Nov  9 16:15:45 debian systemd[1]: Created slice User Slice of UID 0.
Nov  9 16:15:45 debian systemd[1]: Starting User Runtime Directory /run/user/0...
Nov  9 16:15:45 debian systemd[1]: Started User Runtime Directory /run/user/0.
Nov  9 16:15:45 debian systemd[1]: Starting User Manager for UID 0...
Nov  9 16:15:45 debian systemd[616]: Reached target Paths.
Nov  9 16:15:45 debian systemd[616]: Reached target Timers.
Nov  9 16:15:45 debian systemd[616]: Reached target Sockets.
Nov  9 16:15:45 debian systemd[616]: Reached target Basic System.
Nov  9 16:15:45 debian systemd[1]: Started User Manager for UID 0.
Nov  9 16:15:45 debian systemd[1]: Started Session 2 of user root.
Nov  9 16:15:45 debian systemd[616]: Reached target Default.
Nov  9 16:15:45 debian systemd[616]: Startup finished in 37ms.
Nov  9 16:16:04 debian systemd[1]: Stopped target Timers.
Nov  9 16:16:04 debian systemd[1]: apt-daily-upgrade.timer: Succeeded.
Nov  9 16:16:04 debian systemd[1]: Stopped Daily apt upgrade and clean activities.
Nov  9 16:16:04 debian systemd[1]: apt-daily.timer: Succeeded.
Nov  9 16:16:04 debian systemd[1]: Stopped Daily apt download activities.
Nov  9 16:16:04 debian systemd[1]: man-db.timer: Succeeded.
Nov  9 16:16:04 debian systemd[1]: Stopped Daily man-db regeneration.
Nov  9 16:16:04 debian systemd[1]: Stopped target Sound Card.
Nov  9 16:16:04 debian systemd[1]: logrotate.timer: Succeeded.
Nov  9 16:16:04 debian systemd[1]: Stopped Daily rotation of log files.
Nov  9 16:16:04 debian systemd[1]: systemd-tmpfiles-clean.timer: Succeeded.
Nov  9 16:16:04 debian systemd[1]: Stopped Daily Cleanup of Temporary Directories.
Nov  9 16:16:04 debian systemd[1]: Stopped target Graphical Interface.
Nov  9 16:16:04 debian systemd[1]: Stopped target Multi-User System.
Nov  9 16:16:04 debian systemd[1]: Stopped target Login Prompts.
Nov  9 16:16:04 debian systemd[1]: Stopping Getty on tty1...
Nov  9 16:16:04 debian anacron[430]: Received SIGUSR1
Nov  9 16:16:04 debian anacron[430]: Exited
Nov  9 16:16:04 debian systemd[1]: Stopping Run anacron jobs...
Nov  9 16:16:04 debian systemd[1]: Stopping Regular background program processing daemon...
Nov  9 16:18:09 debian systemd[1]: Starting Flush Journal to Persistent Storage...
Nov  9 16:18:09 debian systemd[1]: Started udev Kernel Device Manager.
Nov  9 16:18:09 debian systemd[1]: Started Set the console keyboard layout.
Nov  9 16:18:09 debian systemd[1]: Reached target Local File Systems (Pre).
Nov  9 16:18:09 debian systemd[1]: Started Flush Journal to Persistent Storage.
Nov  9 16:18:09 debian systemd-udevd[284]: Using default interface naming scheme 'v240'.
Nov  9 16:18:09 debian systemd-udevd[284]: link_config: autonegotiation is unset or enabled, the speed and duplex are not writable.
Nov  9 16:18:09 debian systemd-udevd[286]: Using default interface naming scheme 'v240'.
Nov  9 16:18:09 debian systemd-udevd[286]: link_config: autonegotiation is unset or enabled, the speed and duplex are not writable.
Nov  9 16:18:09 debian systemd-udevd[277]: link_config: autonegotiation is unset or enabled, the speed and duplex are not writable.
Nov  9 16:18:09 debian systemd[1]: Found device 82540EM Gigabit Ethernet Controller (PRO/1000 MT Desktop Adapter).
Nov  9 16:18:09 debian systemd[1]: Found device VBOX_HARDDISK 5.
Nov  9 16:18:09 debian systemd[1]: Found device VBOX_HARDDISK 1.
Nov  9 16:18:09 debian systemd[1]: Reached target Sound Card.
Nov  9 16:18:09 debian systemd[1]: Mounting /home...
Nov  9 16:18:09 debian systemd[1]: Activating swap /dev/disk/by-uuid/e550cf9e-dc94-442c-b9c4-9c12f05024b3...
Nov  9 16:18:09 debian systemd[1]: Activated swap /dev/disk/by-uuid/e550cf9e-dc94-442c-b9c4-9c12f05024b3.
Nov  9 16:18:09 debian systemd[1]: Mounted /home.
Nov  9 16:18:09 debian systemd[1]: Reached target Local File Systems.
Nov  9 16:18:09 debian systemd[1]: Starting Load AppArmor profiles...
Nov  9 16:18:09 debian systemd[1]: Starting Set console font and keymap...
Nov  9 16:18:09 debian systemd[1]: Condition check resulted in Commit a transient machine-id on disk being skipped.
Nov  9 16:18:09 debian systemd[1]: Starting Create Volatile Files and Directories...
Nov  9 16:18:09 debian systemd[1]: Reached target Swap.
Nov  9 16:18:09 debian systemd[1]: Started Set console font and keymap.
Nov  9 16:18:09 debian apparmor.systemd[378]: Restarting AppArmor
Nov  9 16:18:09 debian apparmor.systemd[378]: Reloading AppArmor profiles
Nov  9 16:18:09 debian systemd[1]: Started Create Volatile Files and Directories.
Nov  9 16:18:09 debian systemd[1]: Starting Network Time Synchronization...
Nov  9 16:18:09 debian systemd[1]: Starting Update UTMP about System Boot/Shutdown...
Nov  9 16:18:09 debian systemd[1]: Started Update UTMP about System Boot/Shutdown.
Nov  9 16:18:09 debian systemd[1]: Started Load AppArmor profiles.
Nov  9 16:18:09 debian systemd[1]: Started ifup for enp0s3.
Nov  9 16:18:09 debian systemd[1]: Starting Raise network interfaces...
Nov  9 16:18:09 debian dhclient[432]: Internet Systems Consortium DHCP Client 4.4.1
Nov  9 16:18:09 debian sh[399]: Internet Systems Consortium DHCP Client 4.4.1
Nov  9 16:18:09 debian sh[399]: Copyright 2004-2018 Internet Systems Consortium.
Nov  9 16:18:09 debian sh[399]: All rights reserved.
Nov  9 16:18:09 debian sh[399]: For info, please visit https://www.isc.org/software/dhcp/
Nov  9 16:18:09 debian dhclient[432]: Copyright 2004-2018 Internet Systems Consortium.
Nov  9 16:18:09 debian dhclient[432]: All rights reserved.
Nov  9 16:18:09 debian dhclient[432]: For info, please visit https://www.isc.org/software/dhcp/
Nov  9 16:18:09 debian dhclient[432]: 
Nov  9 16:18:09 debian systemd[1]: Started Raise network interfaces.
Nov  9 16:18:09 debian dhclient[432]: Listening on LPF/enp0s3/08:00:27:ec:98:dc
Nov  9 16:18:09 debian sh[399]: Listening on LPF/enp0s3/08:00:27:ec:98:dc
Nov  9 16:18:09 debian sh[399]: Sending on   LPF/enp0s3/08:00:27:ec:98:dc
Nov  9 16:18:09 debian sh[399]: Sending on   Socket/fallback
Nov  9 16:18:09 debian sh[399]: DHCPDISCOVER on enp0s3 to 255.255.255.255 port 67 interval 3
Nov  9 16:18:09 debian dhclient[432]: Sending on   LPF/enp0s3/08:00:27:ec:98:dc
Nov  9 16:18:09 debian dhclient[432]: Sending on   Socket/fallback
Nov  9 16:18:09 debian dhclient[432]: DHCPDISCOVER on enp0s3 to 255.255.255.255 port 67 interval 3
Nov  9 16:18:09 debian dhclient[432]: DHCPOFFER of 10.0.2.15 from 10.0.2.2
Nov  9 16:18:09 debian sh[399]: DHCPOFFER of 10.0.2.15 from 10.0.2.2
Nov  9 16:18:09 debian sh[399]: DHCPREQUEST for 10.0.2.15 on enp0s3 to 255.255.255.255 port 67
Nov  9 16:18:09 debian dhclient[432]: DHCPREQUEST for 10.0.2.15 on enp0s3 to 255.255.255.255 port 67
Nov  9 16:18:09 debian dhclient[432]: DHCPACK of 10.0.2.15 from 10.0.2.2
Nov  9 16:18:09 debian sh[399]: DHCPACK of 10.0.2.15 from 10.0.2.2
Nov  9 16:18:09 debian systemd[1]: Started Network Time Synchronization.
Nov  9 16:18:09 debian systemd[1]: Reached target System Initialization.
Nov  9 16:18:09 debian systemd[1]: Started Daily Cleanup of Temporary Directories.
Nov  9 16:18:09 debian systemd[1]: Listening on D-Bus System Message Bus Socket.
Nov  9 16:18:09 debian systemd[1]: Reached target Sockets.
Nov  9 16:18:09 debian systemd[1]: Reached target Basic System.
Nov  9 16:18:09 debian systemd[1]: Starting System Logging Service...
Nov  9 16:18:09 debian systemd[1]: Condition check resulted in getty on tty2-tty6 if dbus and logind are not available being skipped.
Nov  9 16:18:09 debian systemd[1]: Starting Login Service...
Nov  9 16:18:09 debian systemd[1]: Started D-Bus System Message Bus.
Nov  9 16:18:09 debian systemd[1]: Starting WPA supplicant...
Nov  9 16:18:09 debian systemd[1]: Started Regular background program processing daemon.
Nov  9 16:18:09 debian systemd[1]: Reached target System Time Synchronized.
Nov  9 16:18:09 debian systemd[1]: Started Daily apt download activities.
Nov  9 16:18:09 debian systemd[1]: Started Daily man-db regeneration.
Nov  9 16:18:09 debian systemd[1]: Started Trigger anacron every hour.
Nov  9 16:18:09 debian systemd[1]: Started Run anacron jobs.
Nov  9 16:18:09 debian systemd[1]: Started Daily apt upgrade and clean activities.
Nov  9 16:18:09 debian systemd[1]: Started Daily rotation of log files.
Nov  9 16:18:09 debian cron[461]: (CRON) INFO (pidfile fd = 3)
Nov  9 16:18:09 debian systemd[1]: Reached target Timers.
Nov  9 16:18:09 debian rsyslogd: imuxsock: Acquired UNIX socket '/run/systemd/journal/syslog' (fd 3) from systemd.  [v8.1901.0]
Nov  9 16:18:09 debian rsyslogd:  [origin software="rsyslogd" swVersion="8.1901.0" x-pid="455" x-info="https://www.rsyslog.com"] start
Nov  9 16:18:09 debian kernel: [    0.000000] Linux version 4.19.0-9-amd64 (debian-kernel@lists.debian.org) (gcc version 8.3.0 (Debian 8.3.0-6)) #1 SMP Debian 4.19.118-2 (2020-04-29)
Nov  9 16:18:09 debian kernel: [    0.000000] Command line: BOOT_IMAGE=/boot/vmlinuz-4.19.0-9-amd64 root=UUID=cd2cb4ca-39bd-4522-919c-e4ceb81b5ae8 ro quiet
Nov  9 16:18:09 debian kernel: [    0.000000] [Firmware Bug]: TSC doesn't count with P0 frequency!
Nov  9 16:18:09 debian kernel: [    0.000000] x86/fpu: Supporting XSAVE feature 0x001: 'x87 floating point registers'
Nov  9 16:18:09 debian kernel: [    0.000000] x86/fpu: Supporting XSAVE feature 0x002: 'SSE registers'
Nov  9 16:18:09 debian kernel: [    0.000000] x86/fpu: Supporting XSAVE feature 0x004: 'AVX registers'
Nov  9 16:18:09 debian kernel: [    0.000000] x86/fpu: xstate_offset[2]:  576, xstate_sizes[2]:  256
Nov  9 16:18:09 debian kernel: [    0.000000] x86/fpu: Enabled xstate features 0x7, context size is 832 bytes, using 'standard' format.
Nov  9 16:18:09 debian kernel: [    0.000000] BIOS-provided physical RAM map:
Nov  9 16:18:09 debian kernel: [    0.000000] BIOS-e820: [mem 0x0000000000000000-0x000000000009fbff] usable
Nov  9 16:18:09 debian kernel: [    0.000000] BIOS-e820: [mem 0x000000000009fc00-0x000000000009ffff] reserved
Nov  9 16:18:09 debian kernel: [    0.000000] BIOS-e820: [mem 0x00000000000f0000-0x00000000000fffff] reserved
Nov  9 16:18:09 debian kernel: [    0.000000] BIOS-e820: [mem 0x0000000000100000-0x00000000dffeffff] usable
Nov  9 16:18:09 debian kernel: [    0.000000] BIOS-e820: [mem 0x00000000dfff0000-0x00000000dfffffff] ACPI data
Nov  9 16:18:09 debian kernel: [    0.000000] BIOS-e820: [mem 0x00000000fec00000-0x00000000fec00fff] reserved
Nov  9 16:18:09 debian kernel: [    0.000000] BIOS-e820: [mem 0x00000000fee00000-0x00000000fee00fff] reserved
Nov  9 16:18:09 debian kernel: [    0.000000] BIOS-e820: [mem 0x00000000fffc0000-0x00000000ffffffff] reserved
Nov  9 16:18:09 debian kernel: [    0.000000] BIOS-e820: [mem 0x0000000100000000-0x000000011fffffff] usable
Nov  9 16:18:09 debian kernel: [    0.000000] NX (Execute Disable) protection: active
Nov  9 16:18:09 debian kernel: [    0.000000] SMBIOS 2.5 present.
Nov  9 16:18:09 debian kernel: [    0.000000] DMI: innotek GmbH VirtualBox/VirtualBox, BIOS VirtualBox 12/01/2006
Nov  9 16:18:09 debian kernel: [    0.000000] Hypervisor detected: KVM
Nov  9 16:18:09 debian kernel: [    0.000000] kvm-clock: Using msrs 4b564d01 and 4b564d00
Nov  9 16:18:09 debian kernel: [    0.000001] kvm-clock: cpu 0, msr 8f1e8001, primary cpu clock
Nov  9 16:18:09 debian kernel: [    0.000001] kvm-clock: using sched offset of 4525117521 cycles
Nov  9 16:18:09 debian kernel: [    0.000005] clocksource: kvm-clock: mask: 0xffffffffffffffff max_cycles: 0x1cd42e4dffb, max_idle_ns: 881590591483 ns
Nov  9 16:18:09 debian kernel: [    0.000009] tsc: Detected 2096.064 MHz processor
Nov  9 16:18:09 debian kernel: [    0.003715] e820: update [mem 0x00000000-0x00000fff] usable ==> reserved
Nov  9 16:18:09 debian kernel: [    0.003718] e820: remove [mem 0x000a0000-0x000fffff] usable
Nov  9 16:18:09 debian kernel: [    0.003726] last_pfn = 0x120000 max_arch_pfn = 0x400000000
Nov  9 16:18:09 debian kernel: [    0.003749] MTRR default type: uncachable
Nov  9 16:18:09 debian kernel: [    0.003750] MTRR variable ranges disabled:
Nov  9 16:18:09 debian kernel: [    0.003751] Disabled
Nov  9 16:18:09 debian kernel: [    0.003753] x86/PAT: MTRRs disabled, skipping PAT initialization too.
Nov  9 16:18:09 debian kernel: [    0.003756] CPU MTRRs all blank - virtualized system.
Nov  9 16:18:09 debian kernel: [    0.003760] x86/PAT: Configuration [0-7]: WB  WT  UC- UC  WB  WT  UC- UC  
Nov  9 16:18:09 debian kernel: [    0.003778] last_pfn = 0xdfff0 max_arch_pfn = 0x400000000
Nov  9 16:18:09 debian kernel: [    0.003823] found SMP MP-table at [mem 0x0009fff0-0x0009ffff]
Nov  9 16:18:09 debian kernel: [    0.079956] BRK [0x8f401000, 0x8f401fff] PGTABLE
Nov  9 16:18:09 debian kernel: [    0.079960] BRK [0x8f402000, 0x8f402fff] PGTABLE
Nov  9 16:18:09 debian kernel: [    0.079961] BRK [0x8f403000, 0x8f403fff] PGTABLE
Nov  9 16:18:09 debian kernel: [    0.079979] BRK [0x8f404000, 0x8f404fff] PGTABLE
Nov  9 16:18:09 debian kernel: [    0.079980] BRK [0x8f405000, 0x8f405fff] PGTABLE
Nov  9 16:18:09 debian kernel: [    0.081177] RAMDISK: [mem 0x34e8b000-0x3673cfff]
Nov  9 16:18:09 debian kernel: [    0.081186] ACPI: Early table checksum verification disabled
Nov  9 16:18:09 debian kernel: [    0.081198] ACPI: RSDP 0x00000000000E0000 000024 (v02 VBOX  )
Nov  9 16:18:09 debian kernel: [    0.081201] ACPI: XSDT 0x00000000DFFF0030 00003C (v01 VBOX   VBOXXSDT 00000001 ASL  00000061)
Nov  9 16:18:09 debian kernel: [    0.081207] ACPI: FACP 0x00000000DFFF00F0 0000F4 (v04 VBOX   VBOXFACP 00000001 ASL  00000061)
Nov  9 16:18:09 debian kernel: [    0.081211] ACPI: DSDT 0x00000000DFFF0470 002325 (v02 VBOX   VBOXBIOS 00000002 INTL 20100528)
Nov  9 16:18:09 debian kernel: [    0.081213] ACPI: FACS 0x00000000DFFF0200 000040
Nov  9 16:18:09 debian kernel: [    0.081215] ACPI: FACS 0x00000000DFFF0200 000040
Nov  9 16:18:09 debian kernel: [    0.081216] ACPI: APIC 0x00000000DFFF0240 00005C (v02 VBOX   VBOXAPIC 00000001 ASL  00000061)
Nov  9 16:18:09 debian kernel: [    0.081218] ACPI: SSDT 0x00000000DFFF02A0 0001CC (v01 VBOX   VBOXCPUT 00000002 INTL 20100528)
Nov  9 16:18:09 debian kernel: [    0.081225] ACPI: Local APIC address 0xfee00000
Nov  9 16:18:09 debian kernel: [    0.081461] No NUMA configuration found
Nov  9 16:18:09 debian kernel: [    0.081462] Faking a node at [mem 0x0000000000000000-0x000000011fffffff]
Nov  9 16:18:09 debian kernel: [    0.081465] NODE_DATA(0) allocated [mem 0x11fff7000-0x11fffbfff]
Nov  9 16:18:09 debian kernel: [    0.082588] Zone ranges:
Nov  9 16:18:09 debian kernel: [    0.082590]   DMA      [mem 0x0000000000001000-0x0000000000ffffff]
Nov  9 16:18:09 debian kernel: [    0.082591]   DMA32    [mem 0x0000000001000000-0x00000000ffffffff]
Nov  9 16:18:09 debian kernel: [    0.082592]   Normal   [mem 0x0000000100000000-0x000000011fffffff]
Nov  9 16:18:09 debian kernel: [    0.082592]   Device   empty
Nov  9 16:18:09 debian kernel: [    0.082593] Movable zone start for each node
Nov  9 16:18:09 debian kernel: [    0.082594] Early memory node ranges
Nov  9 16:18:09 debian kernel: [    0.082594]   node   0: [mem 0x0000000000001000-0x000000000009efff]
Nov  9 16:18:09 debian kernel: [    0.082595]   node   0: [mem 0x0000000000100000-0x00000000dffeffff]
Nov  9 16:18:09 debian kernel: [    0.082595]   node   0: [mem 0x0000000100000000-0x000000011fffffff]
Nov  9 16:18:09 debian kernel: [    0.084830] Zeroed struct page in unavailable ranges: 114 pages
Nov  9 16:18:09 debian kernel: [    0.084833] Initmem setup node 0 [mem 0x0000000000001000-0x000000011fffffff]
Nov  9 16:18:09 debian kernel: [    0.084836] On node 0 totalpages: 1048462
Nov  9 16:18:09 debian kernel: [    0.084838]   DMA zone: 64 pages used for memmap
Nov  9 16:18:09 debian kernel: [    0.084838]   DMA zone: 21 pages reserved
Nov  9 16:18:09 debian kernel: [    0.084839]   DMA zone: 3998 pages, LIFO batch:0
Nov  9 16:18:09 debian kernel: [    0.084906]   DMA32 zone: 14272 pages used for memmap
Nov  9 16:18:09 debian kernel: [    0.084906]   DMA32 zone: 913392 pages, LIFO batch:63
Nov  9 16:18:09 debian kernel: [    0.138128]   Normal zone: 2048 pages used for memmap
Nov  9 16:18:09 debian kernel: [    0.138131]   Normal zone: 131072 pages, LIFO batch:31
Nov  9 16:18:09 debian kernel: [    0.148554] ACPI: PM-Timer IO Port: 0x4008
Nov  9 16:18:09 debian kernel: [    0.148557] ACPI: Local APIC address 0xfee00000
Nov  9 16:18:09 debian kernel: [    0.148624] IOAPIC[0]: apic_id 2, version 32, address 0xfec00000, GSI 0-23
Nov  9 16:18:09 debian kernel: [    0.148626] ACPI: INT_SRC_OVR (bus 0 bus_irq 0 global_irq 2 dfl dfl)
Nov  9 16:18:09 debian kernel: [    0.148628] ACPI: INT_SRC_OVR (bus 0 bus_irq 9 global_irq 9 low level)
Nov  9 16:18:09 debian kernel: [    0.148629] ACPI: IRQ0 used by override.
Nov  9 16:18:09 debian kernel: [    0.148630] ACPI: IRQ9 used by override.
Nov  9 16:18:09 debian kernel: [    0.148632] Using ACPI (MADT) for SMP configuration information
Nov  9 16:18:09 debian kernel: [    0.148638] smpboot: Allowing 2 CPUs, 0 hotplug CPUs
Nov  9 16:18:09 debian kernel: [    0.148662] PM: Registered nosave memory: [mem 0x00000000-0x00000fff]
Nov  9 16:18:09 debian kernel: [    0.148663] PM: Registered nosave memory: [mem 0x0009f000-0x0009ffff]
Nov  9 16:18:09 debian kernel: [    0.148664] PM: Registered nosave memory: [mem 0x000a0000-0x000effff]
Nov  9 16:18:09 debian kernel: [    0.148664] PM: Registered nosave memory: [mem 0x000f0000-0x000fffff]
Nov  9 16:18:09 debian kernel: [    0.148665] PM: Registered nosave memory: [mem 0xdfff0000-0xdfffffff]
Nov  9 16:18:09 debian kernel: [    0.148666] PM: Registered nosave memory: [mem 0xe0000000-0xfebfffff]
Nov  9 16:18:09 debian kernel: [    0.148666] PM: Registered nosave memory: [mem 0xfec00000-0xfec00fff]
Nov  9 16:18:09 debian kernel: [    0.148667] PM: Registered nosave memory: [mem 0xfec01000-0xfedfffff]
Nov  9 16:18:09 debian kernel: [    0.148667] PM: Registered nosave memory: [mem 0xfee00000-0xfee00fff]
Nov  9 16:18:09 debian kernel: [    0.148667] PM: Registered nosave memory: [mem 0xfee01000-0xfffbffff]
Nov  9 16:18:09 debian kernel: [    0.148668] PM: Registered nosave memory: [mem 0xfffc0000-0xffffffff]
Nov  9 16:18:09 debian kernel: [    0.148670] [mem 0xe0000000-0xfebfffff] available for PCI devices
Nov  9 16:18:09 debian kernel: [    0.148670] Booting paravirtualized kernel on KVM
Nov  9 16:18:09 debian kernel: [    0.148673] clocksource: refined-jiffies: mask: 0xffffffff max_cycles: 0xffffffff, max_idle_ns: 7645519600211568 ns
Nov  9 16:18:09 debian kernel: [    0.253490] random: get_random_bytes called from start_kernel+0x93/0x52c with crng_init=0
Nov  9 16:18:09 debian kernel: [    0.253513] setup_percpu: NR_CPUS:512 nr_cpumask_bits:512 nr_cpu_ids:2 nr_node_ids:1
Nov  9 16:18:09 debian kernel: [    0.255008] percpu: Embedded 45 pages/cpu s144408 r8192 d31720 u1048576
Nov  9 16:18:09 debian kernel: [    0.255017] pcpu-alloc: s144408 r8192 d31720 u1048576 alloc=1*2097152
Nov  9 16:18:09 debian kernel: [    0.255018] pcpu-alloc: [0] 0 1 
Nov  9 16:18:09 debian kernel: [    0.255047] PV qspinlock hash table entries: 256 (order: 0, 4096 bytes)
Nov  9 16:18:09 debian kernel: [    0.255053] Built 1 zonelists, mobility grouping on.  Total pages: 1032057
Nov  9 16:18:09 debian kernel: [    0.255054] Policy zone: Normal
Nov  9 16:18:09 debian kernel: [    0.255056] Kernel command line: BOOT_IMAGE=/boot/vmlinuz-4.19.0-9-amd64 root=UUID=cd2cb4ca-39bd-4522-919c-e4ceb81b5ae8 ro quiet
Nov  9 16:18:09 debian kernel: [    0.298660] Calgary: detecting Calgary via BIOS EBDA area
Nov  9 16:18:09 debian kernel: [    0.298664] Calgary: Unable to locate Rio Grande table in EBDA - bailing!
Nov  9 16:18:09 debian kernel: [    0.315860] Memory: 4011820K/4193848K available (10252K kernel code, 1241K rwdata, 3316K rodata, 1588K init, 2276K bss, 182028K reserved, 0K cma-reserved)
Nov  9 16:18:09 debian kernel: [    0.317615] SLUB: HWalign=64, Order=0-3, MinObjects=0, CPUs=2, Nodes=1
Nov  9 16:18:09 debian kernel: [    0.317635] ftrace: allocating 31879 entries in 125 pages
Nov  9 16:18:09 debian kernel: [    0.333766] rcu: Hierarchical RCU implementation.
Nov  9 16:18:09 debian kernel: [    0.333769] rcu: 	RCU restricting CPUs from NR_CPUS=512 to nr_cpu_ids=2.
Nov  9 16:18:09 debian kernel: [    0.333771] rcu: Adjusting geometry for rcu_fanout_leaf=16, nr_cpu_ids=2
Nov  9 16:18:09 debian kernel: [    0.336334] NR_IRQS: 33024, nr_irqs: 440, preallocated irqs: 16
Nov  9 16:18:09 debian kernel: [    0.347427] Console: colour VGA+ 80x25
Nov  9 16:18:09 debian kernel: [    0.347433] console [tty0] enabled
Nov  9 16:18:09 debian kernel: [    0.347467] ACPI: Core revision 20180810
Nov  9 16:18:09 debian kernel: [    0.347631] APIC: Switch to symmetric I/O mode setup
Nov  9 16:18:09 debian kernel: [    0.347896] x2apic enabled
Nov  9 16:18:09 debian kernel: [    0.348147] Switched APIC routing to physical x2apic.
Nov  9 16:18:09 debian kernel: [    0.349333] ..TIMER: vector=0x30 apic1=0 pin1=2 apic2=-1 pin2=-1
Nov  9 16:18:09 debian kernel: [    0.349359] clocksource: tsc-early: mask: 0xffffffffffffffff max_cycles: 0x1e36aa4f9f7, max_idle_ns: 440795294663 ns
Nov  9 16:18:09 debian kernel: [    0.349372] Calibrating delay loop (skipped) preset value.. 4192.12 BogoMIPS (lpj=8384256)
Nov  9 16:18:09 debian kernel: [    0.349374] pid_max: default: 32768 minimum: 301
Nov  9 16:18:09 debian kernel: [    0.349458] Security Framework initialized
Nov  9 16:18:09 debian kernel: [    0.349459] Yama: disabled by default; enable with sysctl kernel.yama.*
Nov  9 16:18:09 debian kernel: [    0.349480] AppArmor: AppArmor initialized
Nov  9 16:18:09 debian kernel: [    0.352736] Dentry cache hash table entries: 524288 (order: 10, 4194304 bytes)
Nov  9 16:18:09 debian kernel: [    0.353361] Inode-cache hash table entries: 262144 (order: 9, 2097152 bytes)
Nov  9 16:18:09 debian kernel: [    0.353361] Mount-cache hash table entries: 8192 (order: 4, 65536 bytes)
Nov  9 16:18:09 debian kernel: [    0.353361] Mountpoint-cache hash table entries: 8192 (order: 4, 65536 bytes)
Nov  9 16:18:09 debian kernel: [    0.353361] Last level iTLB entries: 4KB 1024, 2MB 1024, 4MB 512
Nov  9 16:18:09 debian kernel: [    0.353361] Last level dTLB entries: 4KB 1536, 2MB 1536, 4MB 768, 1GB 0
Nov  9 16:18:09 debian kernel: [    0.353361] Spectre V1 : Mitigation: usercopy/swapgs barriers and __user pointer sanitization
Nov  9 16:18:09 debian kernel: [    0.353361] Spectre V2 : Spectre mitigation: LFENCE not serializing, switching to generic retpoline
Nov  9 16:18:09 debian kernel: [    0.353361] Spectre V2 : Mitigation: Full generic retpoline
Nov  9 16:18:09 debian kernel: [    0.353361] Spectre V2 : Spectre v2 / SpectreRSB mitigation: Filling RSB on context switch
Nov  9 16:18:09 debian kernel: [    0.353361] Freeing SMP alternatives memory: 24K
Nov  9 16:18:09 debian kernel: [    0.466094] APIC calibration not consistent with PM-Timer: 104ms instead of 100ms
Nov  9 16:18:09 debian kernel: [    0.466096] APIC delta adjusted to PM-Timer: 6267315 (6552515)
Nov  9 16:18:09 debian kernel: [    0.466189] smpboot: CPU0: AMD Ryzen 5 3500U with Radeon Vega Mobile Gfx (family: 0x17, model: 0x18, stepping: 0x1)
Nov  9 16:18:09 debian kernel: [    0.466361] Performance Events: PMU not available due to virtualization, using software events only.
Nov  9 16:18:09 debian kernel: [    0.466432] rcu: Hierarchical SRCU implementation.
Nov  9 16:18:09 debian kernel: [    0.468765] random: crng done (trusting CPU's manufacturer)
Nov  9 16:18:09 debian kernel: [    0.468850] NMI watchdog: Perf NMI watchdog permanently disabled
Nov  9 16:18:09 debian kernel: [    0.469120] smp: Bringing up secondary CPUs ...
Nov  9 16:18:09 debian kernel: [    0.469361] x86: Booting SMP configuration:
Nov  9 16:18:09 debian kernel: [    0.469361] .... node  #0, CPUs:      #1
Nov  9 16:18:09 debian kernel: [    0.016733] kvm-clock: cpu 1, msr 8f1e8041, secondary cpu clock
Nov  9 16:18:09 debian kernel: [    0.471899] smp: Brought up 1 node, 2 CPUs
Nov  9 16:18:09 debian kernel: [    0.471899] smpboot: Max logical packages: 1
Nov  9 16:18:09 debian kernel: [    0.471899] smpboot: Total of 2 processors activated (8384.25 BogoMIPS)
Nov  9 16:18:09 debian kernel: [    0.471899] devtmpfs: initialized
Nov  9 16:18:09 debian kernel: [    0.471899] x86/mm: Memory block size: 128MB
Nov  9 16:18:09 debian kernel: [    0.473823] clocksource: jiffies: mask: 0xffffffff max_cycles: 0xffffffff, max_idle_ns: 7645041785100000 ns
Nov  9 16:18:09 debian kernel: [    0.473823] futex hash table entries: 512 (order: 3, 32768 bytes)
Nov  9 16:18:09 debian kernel: [    0.473823] pinctrl core: initialized pinctrl subsystem
Nov  9 16:18:09 debian kernel: [    0.473884] NET: Registered protocol family 16
Nov  9 16:18:09 debian kernel: [    0.473973] audit: initializing netlink subsys (disabled)
Nov  9 16:18:09 debian kernel: [    0.473985] audit: type=2000 audit(1668021490.858:1): state=initialized audit_enabled=0 res=1
Nov  9 16:18:09 debian kernel: [    0.473985] cpuidle: using governor ladder
Nov  9 16:18:09 debian kernel: [    0.473985] cpuidle: using governor menu
Nov  9 16:18:09 debian kernel: [    0.473985] ACPI: bus type PCI registered
Nov  9 16:18:09 debian kernel: [    0.473985] acpiphp: ACPI Hot Plug PCI Controller Driver version: 0.5
Nov  9 16:18:09 debian kernel: [    0.473985] PCI: Using configuration type 1 for base access
Nov  9 16:18:09 debian kernel: [    0.473985] PCI: Using configuration type 1 for extended access
Nov  9 16:18:09 debian kernel: [    0.474101] HugeTLB registered 2.00 MiB page size, pre-allocated 0 pages
Nov  9 16:18:09 debian kernel: [    0.474101] ACPI: Added _OSI(Module Device)
Nov  9 16:18:09 debian kernel: [    0.474101] ACPI: Added _OSI(Processor Device)
Nov  9 16:18:09 debian kernel: [    0.474101] ACPI: Added _OSI(3.0 _SCP Extensions)
Nov  9 16:18:09 debian kernel: [    0.474101] ACPI: Added _OSI(Processor Aggregator Device)
Nov  9 16:18:09 debian kernel: [    0.474101] ACPI: Added _OSI(Linux-Dell-Video)
Nov  9 16:18:09 debian kernel: [    0.474101] ACPI: Added _OSI(Linux-Lenovo-NV-HDMI-Audio)
Nov  9 16:18:09 debian kernel: [    0.478438] ACPI: 2 ACPI AML tables successfully acquired and loaded
Nov  9 16:18:09 debian kernel: [    0.479595] ACPI: Interpreter enabled
Nov  9 16:18:09 debian kernel: [    0.479604] ACPI: (supports S0 S5)
Nov  9 16:18:09 debian kernel: [    0.479606] ACPI: Using IOAPIC for interrupt routing
Nov  9 16:18:09 debian kernel: [    0.479744] PCI: Using host bridge windows from ACPI; if necessary, use "pci=nocrs" and report a bug
Nov  9 16:18:09 debian kernel: [    0.479831] ACPI: Enabled 2 GPEs in block 00 to 07
Nov  9 16:18:09 debian kernel: [    0.482424] ACPI: PCI Root Bridge [PCI0] (domain 0000 [bus 00-ff])
Nov  9 16:18:09 debian kernel: [    0.482428] acpi PNP0A03:00: _OSC: OS supports [ExtendedConfig ASPM ClockPM Segments MSI]
Nov  9 16:18:09 debian kernel: [    0.482971] acpi PNP0A03:00: _OSC: platform does not support [PCIeCapability LTR]
Nov  9 16:18:09 debian kernel: [    0.483240] acpi PNP0A03:00: _OSC: not requesting control; platform does not support [PCIeCapability]
Nov  9 16:18:09 debian kernel: [    0.483241] acpi PNP0A03:00: _OSC: OS requested [PCIeHotplug SHPCHotplug PME AER PCIeCapability LTR]
Nov  9 16:18:09 debian kernel: [    0.483242] acpi PNP0A03:00: _OSC: platform willing to grant [PCIeHotplug SHPCHotplug PME AER]
Nov  9 16:18:09 debian kernel: [    0.483244] acpi PNP0A03:00: _OSC failed (AE_SUPPORT); disabling ASPM
Nov  9 16:18:09 debian kernel: [    0.483590] PCI host bridge to bus 0000:00
Nov  9 16:18:09 debian kernel: [    0.483592] pci_bus 0000:00: root bus resource [io  0x0000-0x0cf7 window]
Nov  9 16:18:09 debian kernel: [    0.483593] pci_bus 0000:00: root bus resource [io  0x0d00-0xffff window]
Nov  9 16:18:09 debian kernel: [    0.483597] pci_bus 0000:00: root bus resource [mem 0x000a0000-0x000bffff window]
Nov  9 16:18:09 debian kernel: [    0.483598] pci_bus 0000:00: root bus resource [mem 0xe0000000-0xfdffffff window]
Nov  9 16:18:09 debian kernel: [    0.483599] pci_bus 0000:00: root bus resource [bus 00-ff]
Nov  9 16:18:09 debian kernel: [    0.483639] pci 0000:00:00.0: [8086:1237] type 00 class 0x060000
Nov  9 16:18:09 debian kernel: [    0.484277] pci 0000:00:01.0: [8086:7000] type 00 class 0x060100
Nov  9 16:18:09 debian kernel: [    0.484939] pci 0000:00:01.1: [8086:7111] type 00 class 0x01018a
Nov  9 16:18:09 debian kernel: [    0.485271] pci 0000:00:01.1: reg 0x20: [io  0xd000-0xd00f]
Nov  9 16:18:09 debian kernel: [    0.485361] pci 0000:00:01.1: legacy IDE quirk: reg 0x10: [io  0x01f0-0x01f7]
Nov  9 16:18:09 debian kernel: [    0.485361] pci 0000:00:01.1: legacy IDE quirk: reg 0x14: [io  0x03f6]
Nov  9 16:18:09 debian kernel: [    0.485361] pci 0000:00:01.1: legacy IDE quirk: reg 0x18: [io  0x0170-0x0177]
Nov  9 16:18:09 debian kernel: [    0.485361] pci 0000:00:01.1: legacy IDE quirk: reg 0x1c: [io  0x0376]
Nov  9 16:18:09 debian kernel: [    0.485361] pci 0000:00:02.0: [15ad:0405] type 00 class 0x030000
Nov  9 16:18:09 debian kernel: [    0.485776] pci 0000:00:02.0: reg 0x10: [io  0xd010-0xd01f]
Nov  9 16:18:09 debian kernel: [    0.489709] pci 0000:00:02.0: reg 0x14: [mem 0xe0000000-0xe0ffffff pref]
Nov  9 16:18:09 debian kernel: [    0.493353] pci 0000:00:02.0: reg 0x18: [mem 0xf0000000-0xf01fffff]
Nov  9 16:18:09 debian kernel: [    0.501361] pci 0000:00:03.0: [8086:100e] type 00 class 0x020000
Nov  9 16:18:09 debian kernel: [    0.501505] pci 0000:00:03.0: reg 0x10: [mem 0xf0200000-0xf021ffff]
Nov  9 16:18:09 debian kernel: [    0.509361] pci 0000:00:03.0: reg 0x18: [io  0xd020-0xd027]
Nov  9 16:18:09 debian kernel: [    0.517101] pci 0000:00:04.0: [80ee:cafe] type 00 class 0x088000
Nov  9 16:18:09 debian kernel: [    0.517586] pci 0000:00:04.0: reg 0x10: [io  0xd040-0xd05f]
Nov  9 16:18:09 debian kernel: [    0.521503] pci 0000:00:04.0: reg 0x14: [mem 0xf0400000-0xf07fffff]
Nov  9 16:18:09 debian kernel: [    0.525048] pci 0000:00:04.0: reg 0x18: [mem 0xf0800000-0xf0803fff pref]
Nov  9 16:18:09 debian kernel: [    0.533361] pci 0000:00:05.0: [8086:2415] type 00 class 0x040100
Nov  9 16:18:09 debian kernel: [    0.533413] pci 0000:00:05.0: reg 0x10: [io  0xd100-0xd1ff]
Nov  9 16:18:09 debian kernel: [    0.533492] pci 0000:00:05.0: reg 0x14: [io  0xd200-0xd23f]
Nov  9 16:18:09 debian kernel: [    0.534194] pci 0000:00:06.0: [106b:003f] type 00 class 0x0c0310
Nov  9 16:18:09 debian kernel: [    0.537275] pci 0000:00:06.0: reg 0x10: [mem 0xf0804000-0xf0804fff]
Nov  9 16:18:09 debian kernel: [    0.549361] pci 0000:00:07.0: [8086:7113] type 00 class 0x068000
Nov  9 16:18:09 debian kernel: [    0.549682] pci 0000:00:07.0: quirk: [io  0x4000-0x403f] claimed by PIIX4 ACPI
Nov  9 16:18:09 debian kernel: [    0.549695] pci 0000:00:07.0: quirk: [io  0x4100-0x410f] claimed by PIIX4 SMB
Nov  9 16:18:09 debian kernel: [    0.550098] pci 0000:00:08.0: [8086:100e] type 00 class 0x020000
Nov  9 16:18:09 debian kernel: [    0.553141] pci 0000:00:08.0: reg 0x10: [mem 0xf0820000-0xf083ffff]
Nov  9 16:18:09 debian kernel: [    0.557013] pci 0000:00:08.0: reg 0x18: [io  0xd240-0xd247]
Nov  9 16:18:09 debian kernel: [    0.565139] pci 0000:00:0d.0: [8086:2829] type 00 class 0x010601
Nov  9 16:18:09 debian kernel: [    0.568081] pci 0000:00:0d.0: reg 0x10: [io  0xd248-0xd24f]
Nov  9 16:18:09 debian kernel: [    0.569544] pci 0000:00:0d.0: reg 0x14: [io  0xd250-0xd253]
Nov  9 16:18:09 debian kernel: [    0.572372] pci 0000:00:0d.0: reg 0x18: [io  0xd258-0xd25f]
Nov  9 16:18:09 debian kernel: [    0.573533] pci 0000:00:0d.0: reg 0x1c: [io  0xd260-0xd263]
Nov  9 16:18:09 debian kernel: [    0.577361] pci 0000:00:0d.0: reg 0x20: [io  0xd270-0xd27f]
Nov  9 16:18:09 debian kernel: [    0.577536] pci 0000:00:0d.0: reg 0x24: [mem 0xf0840000-0xf0841fff]
Nov  9 16:18:09 debian kernel: [    0.582232] ACPI: PCI Interrupt Link [LNKA] (IRQs 5 9 10 *11)
Nov  9 16:18:09 debian kernel: [    0.582463] ACPI: PCI Interrupt Link [LNKB] (IRQs 5 9 *10 11)
Nov  9 16:18:09 debian kernel: [    0.582544] ACPI: PCI Interrupt Link [LNKC] (IRQs 5 *9 10 11)
Nov  9 16:18:09 debian kernel: [    0.582621] ACPI: PCI Interrupt Link [LNKD] (IRQs 5 9 10 *11)
Nov  9 16:18:09 debian kernel: [    0.582832] pci 0000:00:02.0: vgaarb: setting as boot VGA device
Nov  9 16:18:09 debian kernel: [    0.582832] pci 0000:00:02.0: vgaarb: VGA device added: decodes=io+mem,owns=io+mem,locks=none
Nov  9 16:18:09 debian kernel: [    0.582832] pci 0000:00:02.0: vgaarb: bridge control possible
Nov  9 16:18:09 debian kernel: [    0.582832] vgaarb: loaded
Nov  9 16:18:09 debian kernel: [    0.582832] pps_core: LinuxPPS API ver. 1 registered
Nov  9 16:18:09 debian kernel: [    0.582832] pps_core: Software ver. 5.3.6 - Copyright 2005-2007 Rodolfo Giometti <giometti@linux.it>
Nov  9 16:18:09 debian kernel: [    0.582832] PTP clock support registered
Nov  9 16:18:09 debian kernel: [    0.582832] EDAC MC: Ver: 3.0.0
Nov  9 16:18:09 debian kernel: [    0.582832] PCI: Using ACPI for IRQ routing
Nov  9 16:18:09 debian kernel: [    0.582832] PCI: pci_cache_line_size set to 64 bytes
Nov  9 16:18:09 debian kernel: [    0.582832] e820: reserve RAM buffer [mem 0x0009fc00-0x0009ffff]
Nov  9 16:18:09 debian kernel: [    0.582832] e820: reserve RAM buffer [mem 0xdfff0000-0xdfffffff]
Nov  9 16:18:09 debian kernel: [    0.582832] clocksource: Switched to clocksource kvm-clock
Nov  9 16:18:09 debian kernel: [    0.596100] VFS: Disk quotas dquot_6.6.0
Nov  9 16:18:09 debian kernel: [    0.596113] VFS: Dquot-cache hash table entries: 512 (order 0, 4096 bytes)
Nov  9 16:18:09 debian kernel: [    0.596258] AppArmor: AppArmor Filesystem Enabled
Nov  9 16:18:09 debian kernel: [    0.596281] pnp: PnP ACPI init
Nov  9 16:18:09 debian kernel: [    0.596345] pnp 00:00: Plug and Play ACPI device, IDs PNP0303 (active)
Nov  9 16:18:09 debian kernel: [    0.596415] pnp 00:01: Plug and Play ACPI device, IDs PNP0f03 (active)
Nov  9 16:18:09 debian kernel: [    0.597051] pnp: PnP ACPI: found 2 devices
Nov  9 16:18:09 debian kernel: [    0.610870] clocksource: acpi_pm: mask: 0xffffff max_cycles: 0xffffff, max_idle_ns: 2085701024 ns
Nov  9 16:18:09 debian kernel: [    0.610891] pci_bus 0000:00: resource 4 [io  0x0000-0x0cf7 window]
Nov  9 16:18:09 debian kernel: [    0.610892] pci_bus 0000:00: resource 5 [io  0x0d00-0xffff window]
Nov  9 16:18:09 debian kernel: [    0.610894] pci_bus 0000:00: resource 6 [mem 0x000a0000-0x000bffff window]
Nov  9 16:18:09 debian kernel: [    0.610895] pci_bus 0000:00: resource 7 [mem 0xe0000000-0xfdffffff window]
Nov  9 16:18:09 debian kernel: [    0.610981] NET: Registered protocol family 2
Nov  9 16:18:09 debian kernel: [    0.611225] tcp_listen_portaddr_hash hash table entries: 2048 (order: 3, 32768 bytes)
Nov  9 16:18:09 debian kernel: [    0.611236] TCP established hash table entries: 32768 (order: 6, 262144 bytes)
Nov  9 16:18:09 debian kernel: [    0.611288] TCP bind hash table entries: 32768 (order: 7, 524288 bytes)
Nov  9 16:18:09 debian kernel: [    0.611348] TCP: Hash tables configured (established 32768 bind 32768)
Nov  9 16:18:09 debian kernel: [    0.611382] UDP hash table entries: 2048 (order: 4, 65536 bytes)
Nov  9 16:18:09 debian kernel: [    0.611393] UDP-Lite hash table entries: 2048 (order: 4, 65536 bytes)
Nov  9 16:18:09 debian kernel: [    0.611429] NET: Registered protocol family 1
Nov  9 16:18:09 debian kernel: [    0.611438] NET: Registered protocol family 44
Nov  9 16:18:09 debian kernel: [    0.611472] pci 0000:00:00.0: Limiting direct PCI/PCI transfers
Nov  9 16:18:09 debian kernel: [    0.611484] pci 0000:00:01.0: Activating ISA DMA hang workarounds
Nov  9 16:18:09 debian kernel: [    0.611529] pci 0000:00:02.0: Video device with shadowed ROM at [mem 0x000c0000-0x000dffff]
Nov  9 16:18:09 debian kernel: [    0.612575] PCI: CLS 0 bytes, default 64
Nov  9 16:18:09 debian kernel: [    0.612623] Unpacking initramfs...
Nov  9 16:18:09 debian kernel: [    1.168297] Freeing initrd memory: 25288K
Nov  9 16:18:09 debian kernel: [    1.168610] PCI-DMA: Using software bounce buffering for IO (SWIOTLB)
Nov  9 16:18:09 debian kernel: [    1.168617] software IO TLB: mapped [mem 0xdbff0000-0xdfff0000] (64MB)
Nov  9 16:18:09 debian kernel: [    1.168741] clocksource: tsc: mask: 0xffffffffffffffff max_cycles: 0x1e36aa4f9f7, max_idle_ns: 440795294663 ns
Nov  9 16:18:09 debian kernel: [    1.168869] platform rtc_cmos: registered platform RTC device (no PNP device found)
Nov  9 16:18:09 debian kernel: [    1.169763] Initialise system trusted keyrings
Nov  9 16:18:09 debian kernel: [    1.169798] Key type blacklist registered
Nov  9 16:18:09 debian kernel: [    1.170062] workingset: timestamp_bits=40 max_order=20 bucket_order=0
Nov  9 16:18:09 debian kernel: [    1.171416] zbud: loaded
Nov  9 16:18:09 debian kernel: [    1.306288] Key type asymmetric registered
Nov  9 16:18:09 debian kernel: [    1.306290] Asymmetric key parser 'x509' registered
Nov  9 16:18:09 debian kernel: [    1.306312] Block layer SCSI generic (bsg) driver version 0.4 loaded (major 247)
Nov  9 16:18:09 debian kernel: [    1.306395] io scheduler noop registered
Nov  9 16:18:09 debian kernel: [    1.306396] io scheduler deadline registered
Nov  9 16:18:09 debian kernel: [    1.306455] io scheduler cfq registered (default)
Nov  9 16:18:09 debian kernel: [    1.306456] io scheduler mq-deadline registered
Nov  9 16:18:09 debian kernel: [    1.306681] shpchp: Standard Hot Plug PCI Controller Driver version: 0.4
Nov  9 16:18:09 debian kernel: [    1.306962] Serial: 8250/16550 driver, 4 ports, IRQ sharing enabled
Nov  9 16:18:09 debian kernel: [    1.307605] Linux agpgart interface v0.103
Nov  9 16:18:09 debian kernel: [    1.307714] AMD IOMMUv2 driver by Joerg Roedel <jroedel@suse.de>
Nov  9 16:18:09 debian kernel: [    1.307715] AMD IOMMUv2 functionality not available on this system
Nov  9 16:18:09 debian kernel: [    1.307973] i8042: PNP: PS/2 Controller [PNP0303:PS2K,PNP0f03:PS2M] at 0x60,0x64 irq 1,12
Nov  9 16:18:09 debian kernel: [    1.308538] serio: i8042 KBD port at 0x60,0x64 irq 1
Nov  9 16:18:09 debian kernel: [    1.308571] serio: i8042 AUX port at 0x60,0x64 irq 12
Nov  9 16:18:09 debian kernel: [    1.308741] mousedev: PS/2 mouse device common for all mice
Nov  9 16:18:09 debian kernel: [    1.309251] rtc_cmos rtc_cmos: registered as rtc0
Nov  9 16:18:09 debian kernel: [    1.309350] input: AT Translated Set 2 keyboard as /devices/platform/i8042/serio0/input/input0
Nov  9 16:18:09 debian kernel: [    1.309546] rtc_cmos rtc_cmos: alarms up to one day, 114 bytes nvram
Nov  9 16:18:09 debian kernel: [    1.309612] ledtrig-cpu: registered to indicate activity on CPUs
Nov  9 16:18:09 debian kernel: [    1.309915] NET: Registered protocol family 10
Nov  9 16:18:09 debian kernel: [    1.321137] Segment Routing with IPv6
Nov  9 16:18:09 debian kernel: [    1.321168] mip6: Mobile IPv6
Nov  9 16:18:09 debian kernel: [    1.321171] NET: Registered protocol family 17
Nov  9 16:18:09 debian kernel: [    1.321238] mpls_gso: MPLS GSO support
Nov  9 16:18:09 debian kernel: [    1.321433] mce: Using 0 MCE banks
Nov  9 16:18:09 debian kernel: [    1.321476] sched_clock: Marking stable (1308663997, 12733292)->(1377314743, -55917454)
Nov  9 16:18:09 debian kernel: [    1.321951] registered taskstats version 1
Nov  9 16:18:09 debian kernel: [    1.321952] Loading compiled-in X.509 certificates
Nov  9 16:18:09 debian kernel: [    1.351419] Loaded X.509 cert 'Debian Secure Boot CA: 6ccece7e4c6c0d1f6149f3dd27dfcc5cbb419ea1'
Nov  9 16:18:09 debian kernel: [    1.351478] Loaded X.509 cert 'Debian Secure Boot Signer: 00a7468def'
Nov  9 16:18:09 debian kernel: [    1.351522] zswap: loaded using pool lzo/zbud
Nov  9 16:18:09 debian kernel: [    1.351733] AppArmor: AppArmor sha1 policy hashing enabled
Nov  9 16:18:09 debian kernel: [    1.352226] rtc_cmos rtc_cmos: setting system clock to 2022-11-09 19:18:05 UTC (1668021485)
Nov  9 16:18:09 debian kernel: [    1.354027] Freeing unused kernel image memory: 1588K
Nov  9 16:18:09 debian kernel: [    1.366090] Write protecting the kernel read-only data: 16384k
Nov  9 16:18:09 debian kernel: [    1.367508] Freeing unused kernel image memory: 2028K
Nov  9 16:18:09 debian kernel: [    1.367936] Freeing unused kernel image memory: 780K
Nov  9 16:18:09 debian kernel: [    1.376914] x86/mm: Checked W+X mappings: passed, no W+X pages found.
Nov  9 16:18:09 debian kernel: [    1.376921] Run /init as init process
Nov  9 16:18:09 debian kernel: [    1.473130] ACPI: bus type USB registered
Nov  9 16:18:09 debian kernel: [    1.473151] usbcore: registered new interface driver usbfs
Nov  9 16:18:09 debian kernel: [    1.473192] usbcore: registered new interface driver hub
Nov  9 16:18:09 debian kernel: [    1.480446] piix4_smbus 0000:00:07.0: SMBus Host Controller at 0x4100, revision 0
Nov  9 16:18:09 debian kernel: [    1.480962] e1000: Intel(R) PRO/1000 Network Driver - version 7.3.21-k8-NAPI
Nov  9 16:18:09 debian kernel: [    1.480963] e1000: Copyright (c) 1999-2006 Intel Corporation.
Nov  9 16:18:09 debian kernel: [    1.488871] SCSI subsystem initialized
Nov  9 16:18:09 debian kernel: [    1.495653] usbcore: registered new device driver usb
Nov  9 16:18:09 debian kernel: [    1.505732] cryptd: max_cpu_qlen set to 1000
Nov  9 16:18:09 debian kernel: [    1.506008] libata version 3.00 loaded.
Nov  9 16:18:09 debian kernel: [    1.508852] ata_piix 0000:00:01.1: version 2.13
Nov  9 16:18:09 debian kernel: [    1.509664] scsi host0: ata_piix
Nov  9 16:18:09 debian kernel: [    1.509811] scsi host1: ata_piix
Nov  9 16:18:09 debian kernel: [    1.509861] ata1: PATA max UDMA/33 cmd 0x1f0 ctl 0x3f6 bmdma 0xd000 irq 14
Nov  9 16:18:09 debian kernel: [    1.509862] ata2: PATA max UDMA/33 cmd 0x170 ctl 0x376 bmdma 0xd008 irq 15
Nov  9 16:18:09 debian kernel: [    1.510279] ehci_hcd: USB 2.0 'Enhanced' Host Controller (EHCI) Driver
Nov  9 16:18:09 debian kernel: [    1.512619] ohci_hcd: USB 1.1 'Open' Host Controller (OHCI) Driver
Nov  9 16:18:09 debian kernel: [    1.518482] ehci-pci: EHCI PCI platform driver
Nov  9 16:18:09 debian kernel: [    1.519388] ohci-pci: OHCI PCI platform driver
Nov  9 16:18:09 debian kernel: [    1.519948] ohci-pci 0000:00:06.0: OHCI PCI host controller
Nov  9 16:18:09 debian kernel: [    1.519955] ohci-pci 0000:00:06.0: new USB bus registered, assigned bus number 1
Nov  9 16:18:09 debian kernel: [    1.520064] ohci-pci 0000:00:06.0: irq 22, io mem 0xf0804000
Nov  9 16:18:09 debian kernel: [    1.522832] AVX2 version of gcm_enc/dec engaged.
Nov  9 16:18:09 debian kernel: [    1.522833] AES CTR mode by8 optimization enabled
Nov  9 16:18:09 debian kernel: [    1.528394] ahci 0000:00:0d.0: version 3.0
Nov  9 16:18:09 debian kernel: [    1.528915] ahci 0000:00:0d.0: SSS flag set, parallel bus scan disabled
Nov  9 16:18:09 debian kernel: [    1.529144] ahci 0000:00:0d.0: AHCI 0001.0100 32 slots 4 ports 3 Gbps 0xf impl SATA mode
Nov  9 16:18:09 debian kernel: [    1.529146] ahci 0000:00:0d.0: flags: 64bit ncq stag only ccc 
Nov  9 16:18:09 debian kernel: [    1.552450] scsi host2: ahci
Nov  9 16:18:09 debian kernel: [    1.554574] scsi host3: ahci
Nov  9 16:18:09 debian kernel: [    1.554752] scsi host4: ahci
Nov  9 16:18:09 debian kernel: [    1.554977] scsi host5: ahci
Nov  9 16:18:09 debian kernel: [    1.555064] ata3: SATA max UDMA/133 abar m8192@0xf0840000 port 0xf0840100 irq 21
Nov  9 16:18:09 debian kernel: [    1.555069] ata4: SATA max UDMA/133 abar m8192@0xf0840000 port 0xf0840180 irq 21
Nov  9 16:18:09 debian kernel: [    1.555073] ata5: SATA max UDMA/133 abar m8192@0xf0840000 port 0xf0840200 irq 21
Nov  9 16:18:09 debian kernel: [    1.555077] ata6: SATA max UDMA/133 abar m8192@0xf0840000 port 0xf0840280 irq 21
Nov  9 16:18:09 debian kernel: [    1.584631] usb usb1: New USB device found, idVendor=1d6b, idProduct=0001, bcdDevice= 4.19
Nov  9 16:18:09 debian kernel: [    1.584633] usb usb1: New USB device strings: Mfr=3, Product=2, SerialNumber=1
Nov  9 16:18:09 debian kernel: [    1.584634] usb usb1: Product: OHCI PCI host controller
Nov  9 16:18:09 debian kernel: [    1.584636] usb usb1: Manufacturer: Linux 4.19.0-9-amd64 ohci_hcd
Nov  9 16:18:09 debian kernel: [    1.584637] usb usb1: SerialNumber: 0000:00:06.0
Nov  9 16:18:09 debian kernel: [    1.584758] hub 1-0:1.0: USB hub found
Nov  9 16:18:09 debian kernel: [    1.584772] hub 1-0:1.0: 12 ports detected
Nov  9 16:18:09 debian kernel: [    1.711004] input: ImExPS/2 Generic Explorer Mouse as /devices/platform/i8042/serio1/input/input2
Nov  9 16:18:09 debian kernel: [    1.868824] ata3: SATA link up 3.0 Gbps (SStatus 123 SControl 300)
Nov  9 16:18:09 debian kernel: [    1.869028] ata3.00: ATA-6: VBOX HARDDISK, 1.0, max UDMA/133
Nov  9 16:18:09 debian kernel: [    1.869031] ata3.00: 20971520 sectors, multi 128: LBA48 NCQ (depth 32)
Nov  9 16:18:09 debian kernel: [    1.869463] ata3.00: configured for UDMA/133
Nov  9 16:18:09 debian kernel: [    1.869747] scsi 2:0:0:0: Direct-Access     ATA      VBOX HARDDISK    1.0  PQ: 0 ANSI: 5
Nov  9 16:18:09 debian kernel: [    2.009318] e1000 0000:00:03.0 eth0: (PCI:33MHz:32-bit) 08:00:27:ec:98:dc
Nov  9 16:18:09 debian kernel: [    2.009326] e1000 0000:00:03.0 eth0: Intel(R) PRO/1000 Network Connection
Nov  9 16:18:09 debian kernel: [    2.149531] usb 1-1: new full-speed USB device number 2 using ohci-pci
Nov  9 16:18:09 debian kernel: [    2.182218] ata4: SATA link up 3.0 Gbps (SStatus 123 SControl 300)
Nov  9 16:18:09 debian kernel: [    2.182348] ata4.00: ATA-6: VBOX HARDDISK, 1.0, max UDMA/133
Nov  9 16:18:09 debian kernel: [    2.182351] ata4.00: 16777216 sectors, multi 128: LBA48 NCQ (depth 32)
Nov  9 16:18:09 debian kernel: [    2.182519] ata4.00: configured for UDMA/133
Nov  9 16:18:09 debian kernel: [    2.182708] scsi 3:0:0:0: Direct-Access     ATA      VBOX HARDDISK    1.0  PQ: 0 ANSI: 5
Nov  9 16:18:09 debian kernel: [    2.404284] e1000 0000:00:08.0 eth1: (PCI:33MHz:32-bit) 08:00:27:4a:4d:cf
Nov  9 16:18:09 debian kernel: [    2.404289] e1000 0000:00:08.0 eth1: Intel(R) PRO/1000 Network Connection
Nov  9 16:18:09 debian kernel: [    2.405506] e1000 0000:00:03.0 enp0s3: renamed from eth0
Nov  9 16:18:09 debian kernel: [    2.427238] e1000 0000:00:08.0 enp0s8: renamed from eth1
Nov  9 16:18:09 debian kernel: [    2.490307] usb 1-1: New USB device found, idVendor=80ee, idProduct=0021, bcdDevice= 1.00
Nov  9 16:18:09 debian kernel: [    2.490310] usb 1-1: New USB device strings: Mfr=1, Product=3, SerialNumber=0
Nov  9 16:18:09 debian kernel: [    2.490311] usb 1-1: Product: USB Tablet
Nov  9 16:18:09 debian kernel: [    2.490313] usb 1-1: Manufacturer: VirtualBox
Nov  9 16:18:09 debian kernel: [    2.494260] ata5: SATA link up 3.0 Gbps (SStatus 123 SControl 300)
Nov  9 16:18:09 debian kernel: [    2.494388] ata5.00: ATA-6: VBOX HARDDISK, 1.0, max UDMA/133
Nov  9 16:18:09 debian kernel: [    2.494390] ata5.00: 52428800 sectors, multi 128: LBA48 NCQ (depth 32)
Nov  9 16:18:09 debian kernel: [    2.494582] ata5.00: configured for UDMA/133
Nov  9 16:18:09 debian kernel: [    2.496615] scsi 4:0:0:0: Direct-Access     ATA      VBOX HARDDISK    1.0  PQ: 0 ANSI: 5
Nov  9 16:18:09 debian kernel: [    2.503838] hidraw: raw HID events driver (C) Jiri Kosina
Nov  9 16:18:09 debian kernel: [    2.519963] usbcore: registered new interface driver usbhid
Nov  9 16:18:09 debian kernel: [    2.519965] usbhid: USB HID core driver
Nov  9 16:18:09 debian kernel: [    2.522744] input: VirtualBox USB Tablet as /devices/pci0000:00/0000:00:06.0/usb1/1-1/1-1:1.0/0003:80EE:0021.0001/input/input3
Nov  9 16:18:09 debian kernel: [    2.522846] hid-generic 0003:80EE:0021.0001: input,hidraw0: USB HID v1.10 Mouse [VirtualBox USB Tablet] on usb-0000:00:06.0-1/input0
Nov  9 16:18:09 debian kernel: [    3.254676] ata6: SATA link up 3.0 Gbps (SStatus 123 SControl 300)
Nov  9 16:18:09 debian kernel: [    3.254825] ata6.00: ATA-6: VBOX HARDDISK, 1.0, max UDMA/133
Nov  9 16:18:09 debian kernel: [    3.254827] ata6.00: 52428800 sectors, multi 128: LBA48 NCQ (depth 32)
Nov  9 16:18:09 debian kernel: [    3.255004] ata6.00: configured for UDMA/133
Nov  9 16:18:09 debian kernel: [    3.255210] scsi 5:0:0:0: Direct-Access     ATA      VBOX HARDDISK    1.0  PQ: 0 ANSI: 5
Nov  9 16:18:09 debian kernel: [    3.272311] sd 2:0:0:0: [sda] 20971520 512-byte logical blocks: (10.7 GB/10.0 GiB)
Nov  9 16:18:09 debian kernel: [    3.272319] sd 2:0:0:0: [sda] Write Protect is off
Nov  9 16:18:09 debian kernel: [    3.272321] sd 2:0:0:0: [sda] Mode Sense: 00 3a 00 00
Nov  9 16:18:09 debian kernel: [    3.272332] sd 2:0:0:0: [sda] Write cache: enabled, read cache: enabled, doesn't support DPO or FUA
Nov  9 16:18:09 debian kernel: [    3.273893] sd 3:0:0:0: [sdb] 16777216 512-byte logical blocks: (8.59 GB/8.00 GiB)
Nov  9 16:18:09 debian kernel: [    3.273898] sd 3:0:0:0: [sdb] Write Protect is off
Nov  9 16:18:09 debian kernel: [    3.273899] sd 3:0:0:0: [sdb] Mode Sense: 00 3a 00 00
Nov  9 16:18:09 debian kernel: [    3.273904] sd 3:0:0:0: [sdb] Write cache: enabled, read cache: enabled, doesn't support DPO or FUA
Nov  9 16:18:09 debian kernel: [    3.275104] sd 4:0:0:0: [sdc] 52428800 512-byte logical blocks: (26.8 GB/25.0 GiB)
Nov  9 16:18:09 debian kernel: [    3.275113] sd 4:0:0:0: [sdc] Write Protect is off
Nov  9 16:18:09 debian kernel: [    3.275114] sd 4:0:0:0: [sdc] Mode Sense: 00 3a 00 00
Nov  9 16:18:09 debian kernel: [    3.275122] sd 4:0:0:0: [sdc] Write cache: enabled, read cache: enabled, doesn't support DPO or FUA
Nov  9 16:18:09 debian kernel: [    3.275320] sd 5:0:0:0: [sdd] 52428800 512-byte logical blocks: (26.8 GB/25.0 GiB)
Nov  9 16:18:09 debian kernel: [    3.275323] sd 5:0:0:0: [sdd] Write Protect is off
Nov  9 16:18:09 debian kernel: [    3.275324] sd 5:0:0:0: [sdd] Mode Sense: 00 3a 00 00
Nov  9 16:18:09 debian kernel: [    3.275329] sd 5:0:0:0: [sdd] Write cache: enabled, read cache: enabled, doesn't support DPO or FUA
Nov  9 16:18:09 debian kernel: [    3.276359]  sdb: sdb1
Nov  9 16:18:09 debian kernel: [    3.276584] sd 5:0:0:0: [sdd] Attached SCSI disk
Nov  9 16:18:09 debian kernel: [    3.276585] sd 3:0:0:0: [sdb] Attached SCSI disk
Nov  9 16:18:09 debian kernel: [    3.276724] sd 4:0:0:0: [sdc] Attached SCSI disk
Nov  9 16:18:09 debian kernel: [    3.277497]  sda: sda1 sda2 < sda5 >
Nov  9 16:18:09 debian kernel: [    3.277789] sd 2:0:0:0: [sda] Attached SCSI disk
Nov  9 16:18:09 debian kernel: [    3.390991] PM: Image not found (code -22)
Nov  9 16:18:09 debian kernel: [    3.531984] EXT4-fs (sda1): mounted filesystem with ordered data mode. Opts: (null)
Nov  9 16:18:09 debian kernel: [    4.059586] EXT4-fs (sda1): re-mounted. Opts: errors=remount-ro
Nov  9 16:18:09 debian kernel: [    4.325038] input: Power Button as /devices/LNXSYSTM:00/LNXPWRBN:00/input/input4
Nov  9 16:18:09 debian kernel: [    4.325790] ACPI: Power Button [PWRF]
Nov  9 16:18:09 debian kernel: [    4.325886] input: Sleep Button as /devices/LNXSYSTM:00/LNXSLPBN:00/input/input5
Nov  9 16:18:09 debian kernel: [    4.325893] ACPI: Sleep Button [SLPF]
Nov  9 16:18:09 debian kernel: [    4.333881] vboxguest: host-version: 6.1.36r152435 0x8000000f
Nov  9 16:18:09 debian kernel: [    4.341280] vbg_heartbeat_init: Setting up heartbeat to trigger every 2000 milliseconds
Nov  9 16:18:09 debian kernel: [    4.341467] input: VirtualBox mouse integration as /devices/pci0000:00/0000:00:04.0/input/input6
Nov  9 16:18:09 debian kernel: [    4.355059] vboxguest: misc device minor 58, IRQ 20, I/O port d040, MMIO at 0x00000000f0400000 (size 0x0000000000400000)
Nov  9 16:18:09 debian kernel: [    4.365581] ACPI: AC Adapter [AC] (on-line)
Nov  9 16:18:09 debian kernel: [    4.368575] ACPI: Video Device [GFX0] (multi-head: yes  rom: no  post: no)
Nov  9 16:18:09 debian kernel: [    4.378753] battery: ACPI: Battery Slot [BAT0] (battery present)
Nov  9 16:18:09 debian kernel: [    4.379092] input: Video Bus as /devices/LNXSYSTM:00/LNXSYBUS:00/PNP0A03:00/LNXVIDEO:00/input/input7
Nov  9 16:18:09 debian kernel: [    4.405080] sd 2:0:0:0: Attached scsi generic sg0 type 0
Nov  9 16:18:09 debian kernel: [    4.406139] input: PC Speaker as /devices/platform/pcspkr/input/input8
Nov  9 16:18:09 debian kernel: [    4.407037] sd 3:0:0:0: Attached scsi generic sg1 type 0
Nov  9 16:18:09 debian kernel: [    4.413967] sd 4:0:0:0: Attached scsi generic sg2 type 0
Nov  9 16:18:09 debian kernel: [    4.416710] sd 5:0:0:0: Attached scsi generic sg3 type 0
Nov  9 16:18:09 debian kernel: [    4.494664] Decoding supported only on Scalable MCA processors.
Nov  9 16:18:09 debian kernel: [    4.528032] Decoding supported only on Scalable MCA processors.
Nov  9 16:18:09 debian kernel: [    4.645978] [drm] DMA map mode: Using physical TTM page addresses.
Nov  9 16:18:09 debian kernel: [    4.646080] [drm] Capabilities:
Nov  9 16:18:09 debian kernel: [    4.646081] [drm]   Cursor.
Nov  9 16:18:09 debian kernel: [    4.646082] [drm]   Cursor bypass 2.
Nov  9 16:18:09 debian kernel: [    4.646082] [drm]   Alpha cursor.
Nov  9 16:18:09 debian kernel: [    4.646082] [drm]   3D.
Nov  9 16:18:09 debian kernel: [    4.646083] [drm]   Extended Fifo.
Nov  9 16:18:09 debian kernel: [    4.646083] [drm]   Pitchlock.
Nov  9 16:18:09 debian kernel: [    4.646084] [drm]   Irq mask.
Nov  9 16:18:09 debian kernel: [    4.646084] [drm]   GMR.
Nov  9 16:18:09 debian kernel: [    4.646084] [drm]   Traces.
Nov  9 16:18:09 debian kernel: [    4.646085] [drm]   GMR2.
Nov  9 16:18:09 debian kernel: [    4.646086] [drm]   Screen Object 2.
Nov  9 16:18:09 debian kernel: [    4.646087] [drm] Max GMR ids is 8192
Nov  9 16:18:09 debian kernel: [    4.646088] [drm] Max number of GMR pages is 1048576
Nov  9 16:18:09 debian kernel: [    4.646088] [drm] Max dedicated hypervisor surface memory is 507904 kiB
Nov  9 16:18:09 debian kernel: [    4.646089] [drm] Maximum display memory size is 16384 kiB
Nov  9 16:18:09 debian kernel: [    4.646089] [drm] VRAM at 0xe0000000 size is 16384 kiB
Nov  9 16:18:09 debian kernel: [    4.646090] [drm] MMIO at 0xf0000000 size is 2048 kiB
Nov  9 16:18:09 debian kernel: [    4.646094] [drm] global init.
Nov  9 16:18:09 debian kernel: [    4.669750] [TTM] Zone  kernel: Available graphics memory: 2020764 kiB
Nov  9 16:18:09 debian kernel: [    4.669752] [TTM] Initializing pool allocator
Nov  9 16:18:09 debian kernel: [    4.669756] [TTM] Initializing DMA pool allocator
Nov  9 16:18:09 debian kernel: [    4.677410] [drm] Supports vblank timestamp caching Rev 2 (21.10.2013).
Nov  9 16:18:09 debian kernel: [    4.677411] [drm] No driver support for vblank timestamp query.
Nov  9 16:18:09 debian kernel: [    4.677735] [drm] Screen Objects Display Unit initialized
Nov  9 16:18:09 debian kernel: [    4.677782] [drm] width 720
Nov  9 16:18:09 debian kernel: [    4.677790] [drm] height 400
Nov  9 16:18:09 debian kernel: [    4.677798] [drm] bpp 32
Nov  9 16:18:09 debian kernel: [    4.677968] [drm] Fifo max 0x00200000 min 0x00001000 cap 0x00000355
Nov  9 16:18:09 debian kernel: [    4.677979] [drm] DX: no.
Nov  9 16:18:09 debian kernel: [    4.677980] [drm] Atomic: yes.
Nov  9 16:18:09 debian kernel: [    4.677980] [drm] SM4_1: no.
Nov  9 16:18:09 debian kernel: [    4.677997] [drm:vmw_host_log [vmwgfx]] *ERROR* Failed to send host log message.
Nov  9 16:18:09 debian kernel: [    4.678712] [drm:vmw_host_log [vmwgfx]] *ERROR* Failed to send host log message.
Nov  9 16:18:09 debian kernel: [    4.685013] fbcon: svgadrmfb (fb0) is primary device
Nov  9 16:18:09 debian kernel: [    4.688268] Console: switching to colour frame buffer device 100x37
Nov  9 16:18:09 debian kernel: [    4.689537] [drm] Initialized vmwgfx 2.15.0 20180704 for 0000:00:02.0 on minor 0
Nov  9 16:18:09 debian kernel: [    4.700108] snd_intel8x0 0000:00:05.0: white list rate for 1028:0177 is 48000
Nov  9 16:18:09 debian kernel: [    4.736045] Adding 2095100k swap on /dev/sda5.  Priority:-2 extents:1 across:2095100k FS
Nov  9 16:18:09 debian kernel: [    4.741952] EXT4-fs (sdb1): mounted filesystem with ordered data mode. Opts: (null)
Nov  9 16:18:09 debian kernel: [    4.822854] audit: type=1400 audit(1668021488.968:2): apparmor="STATUS" operation="profile_load" profile="unconfined" name="nvidia_modprobe" pid=397 comm="apparmor_parser"
Nov  9 16:18:09 debian kernel: [    4.822857] audit: type=1400 audit(1668021488.968:3): apparmor="STATUS" operation="profile_load" profile="unconfined" name="nvidia_modprobe//kmod" pid=397 comm="apparmor_parser"
Nov  9 16:18:09 debian kernel: [    4.824341] audit: type=1400 audit(1668021488.968:4): apparmor="STATUS" operation="profile_load" profile="unconfined" name="/usr/bin/man" pid=398 comm="apparmor_parser"
Nov  9 16:18:09 debian kernel: [    4.824344] audit: type=1400 audit(1668021488.968:5): apparmor="STATUS" operation="profile_load" profile="unconfined" name="man_filter" pid=398 comm="apparmor_parser"
Nov  9 16:18:09 debian kernel: [    4.824346] audit: type=1400 audit(1668021488.968:6): apparmor="STATUS" operation="profile_load" profile="unconfined" name="man_groff" pid=398 comm="apparmor_parser"
Nov  9 16:18:09 debian kernel: [    4.914708] IPv6: ADDRCONF(NETDEV_UP): enp0s3: link is not ready
Nov  9 16:18:09 debian kernel: [    4.921969] e1000: enp0s3 NIC Link is Up 1000 Mbps Full Duplex, Flow Control: RX
Nov  9 16:18:09 debian kernel: [    4.922322] IPv6: ADDRCONF(NETDEV_CHANGE): enp0s3: link becomes ready
Nov  9 16:18:09 debian cron[461]: (CRON) INFO (Running @reboot jobs)
Nov  9 16:18:09 debian anacron[463]: Anacron 2.3 started on 2022-11-09
Nov  9 16:18:09 debian anacron[463]: Will run job `cron.daily' in 5 min.
Nov  9 16:18:09 debian anacron[463]: Will run job `cron.weekly' in 10 min.
Nov  9 16:18:09 debian anacron[463]: Will run job `cron.monthly' in 15 min.
Nov  9 16:18:09 debian anacron[463]: Jobs will be executed sequentially
Nov  9 16:18:09 debian dhclient[432]: bound to 10.0.2.15 -- renewal in 38975 seconds.
Nov  9 16:18:09 debian sh[399]: bound to 10.0.2.15 -- renewal in 38975 seconds.
Nov  9 16:18:09 debian systemd[1]: Started System Logging Service.
Nov  9 16:18:09 debian systemd[1]: Started WPA supplicant.
Nov  9 16:18:09 debian wpa_supplicant[460]: Successfully initialized wpa_supplicant
Nov  9 16:18:09 debian systemd[1]: Reached target Network.
Nov  9 16:18:09 debian systemd[1]: Starting Permit User Sessions...
Nov  9 16:18:09 debian CRON[480]: (root) CMD (/usr/sbin/iptables-restore /root/myfw.txt)
Nov  9 16:18:09 debian sh[399]: enp0s3=enp0s3
Nov  9 16:18:09 debian systemd[1]: Started Permit User Sessions.
Nov  9 16:18:09 debian systemd[1]: Started Login Service.
Nov  9 16:18:09 debian systemd[1]: Started Getty on tty1.
Nov  9 16:18:09 debian systemd[1]: Reached target Login Prompts.
Nov  9 16:18:09 debian systemd[1]: Reached target Multi-User System.
Nov  9 16:18:09 debian systemd[1]: Reached target Graphical Interface.
Nov  9 16:18:09 debian systemd[1]: Starting Update UTMP about System Runlevel Changes...
Nov  9 16:18:09 debian CRON[468]: (CRON) info (No MTA installed, discarding output)
Nov  9 16:18:09 debian systemd[1]: systemd-update-utmp-runlevel.service: Succeeded.
Nov  9 16:18:09 debian systemd[1]: Started Update UTMP about System Runlevel Changes.
Nov  9 16:18:09 debian systemd[1]: Startup finished in 3.689s (kernel) + 1.385s (userspace) = 5.074s.
Nov  9 16:18:10 debian systemd-timesyncd[395]: Synchronized to time server for the first time 193.52.184.106:123 (0.debian.pool.ntp.org).
Nov  9 16:18:26 debian systemd[1]: Created slice User Slice of UID 0.
Nov  9 16:18:26 debian systemd[1]: Starting User Runtime Directory /run/user/0...
Nov  9 16:18:26 debian systemd[1]: Started User Runtime Directory /run/user/0.
Nov  9 16:18:26 debian systemd[1]: Starting User Manager for UID 0...
Nov  9 16:18:26 debian systemd[490]: Reached target Timers.
Nov  9 16:18:26 debian systemd[490]: Reached target Sockets.
Nov  9 16:18:26 debian systemd[490]: Reached target Paths.
Nov  9 16:18:26 debian systemd[490]: Reached target Basic System.
Nov  9 16:18:26 debian systemd[490]: Reached target Default.
Nov  9 16:18:26 debian systemd[490]: Startup finished in 35ms.
Nov  9 16:18:26 debian systemd[1]: Started User Manager for UID 0.
Nov  9 16:18:26 debian systemd[1]: Started Session 2 of user root.
Nov  9 16:19:08 debian dhclient[529]: Internet Systems Consortium DHCP Client 4.4.1
Nov  9 16:19:08 debian dhclient[529]: Copyright 2004-2018 Internet Systems Consortium.
Nov  9 16:19:08 debian dhclient[529]: All rights reserved.
Nov  9 16:19:08 debian dhclient[529]: For info, please visit https://www.isc.org/software/dhcp/
Nov  9 16:19:08 debian dhclient[529]: 
Nov  9 16:19:08 debian kernel: [   62.953572] IPv6: ADDRCONF(NETDEV_UP): enp0s8: link is not ready
Nov  9 16:19:08 debian kernel: [   62.959666] e1000: enp0s8 NIC Link is Up 1000 Mbps Full Duplex, Flow Control: RX
Nov  9 16:19:08 debian kernel: [   62.960043] IPv6: ADDRCONF(NETDEV_CHANGE): enp0s8: link becomes ready
Nov  9 16:19:08 debian dhclient[529]: Listening on LPF/enp0s8/08:00:27:4a:4d:cf
Nov  9 16:19:08 debian dhclient[529]: Sending on   LPF/enp0s8/08:00:27:4a:4d:cf
Nov  9 16:19:08 debian dhclient[529]: Sending on   Socket/fallback
Nov  9 16:19:08 debian dhclient[529]: DHCPDISCOVER on enp0s8 to 255.255.255.255 port 67 interval 5
Nov  9 16:19:08 debian dhclient[529]: DHCPOFFER of 192.168.56.101 from 192.168.56.100
Nov  9 16:19:08 debian dhclient[529]: DHCPREQUEST for 192.168.56.101 on enp0s8 to 255.255.255.255 port 67
Nov  9 16:19:08 debian dhclient[529]: DHCPACK of 192.168.56.101 from 192.168.56.100
Nov  9 16:19:08 debian dhclient[529]: bound to 192.168.56.101 -- renewal in 252 seconds.
Nov  9 16:20:29 debian systemd[1]: Reloading.
Nov  9 16:20:29 debian systemd[1]: getty@tty1.service: Current command vanished from the unit file, execution of the command list won't be resumed.
Nov  9 16:20:29 debian systemd[1]: Reloading.
Nov  9 16:20:29 debian systemd[1]: Reloading.
Nov  9 16:20:29 debian systemd[1]: Reloading.
Nov  9 16:20:30 debian systemd[1]: Starting OpenBSD Secure Shell server...
Nov  9 16:20:30 debian systemd[1]: Started OpenBSD Secure Shell server.
Nov  9 16:20:30 debian systemd[1]: Reloading.
Nov  9 16:21:03 debian systemd[1]: Reloading.
Nov  9 16:21:03 debian systemd[990]: /usr/lib/systemd/system-generators/lvm2-activation-generator failed with exit status 1.
Nov  9 16:21:03 debian systemd[1]: Reloading.
Nov  9 16:21:03 debian systemd[1006]: /usr/lib/systemd/system-generators/lvm2-activation-generator failed with exit status 1.
Nov  9 16:21:03 debian systemd[1]: Listening on Device-mapper event daemon FIFOs.
Nov  9 16:21:03 debian systemd[1]: Reloading.
Nov  9 16:21:03 debian systemd[1]: Reloading.
Nov  9 16:21:04 debian systemd[1]: Reloading.
Nov  9 16:21:04 debian systemd[1]: Reloading.
Nov  9 16:21:04 debian systemd[1]: Listening on LVM2 poll daemon socket.
Nov  9 16:21:04 debian systemd[1]: Started LVM2 poll daemon.
Nov  9 16:21:04 debian systemd[1]: Reloading.
Nov  9 16:21:04 debian systemd[1]: Reloading.
Nov  9 16:21:05 debian systemd[1]: Reloading.
Nov  9 16:21:05 debian systemd[1]: Starting Availability of block devices...
Nov  9 16:21:05 debian systemd[1]: Starting Monitoring of LVM2 mirrors, snapshots etc. using dmeventd or progress polling...
Nov  9 16:21:05 debian systemd[1]: Started Availability of block devices.
Nov  9 16:21:05 debian systemd[1]: Started Monitoring of LVM2 mirrors, snapshots etc. using dmeventd or progress polling.
Nov  9 16:21:05 debian systemd[1]: Reloading.
Nov  9 16:21:05 debian systemd[1]: Reloading.
Nov  9 16:22:07 debian systemd[1]: lvm2-lvmpolld.service: Succeeded.
Nov  9 16:23:02 debian dbus-daemon[458]: [system] Reloaded configuration
Nov  9 16:23:02 debian dbus-daemon[458]: [system] Reloaded configuration
Nov  9 16:23:02 debian dbus-daemon[458]: [system] Reloaded configuration
Nov  9 16:23:02 debian dbus-daemon[458]: [system] Reloaded configuration
Nov  9 16:23:02 debian dbus-daemon[458]: [system] Reloaded configuration
Nov  9 16:23:02 debian dbus-daemon[458]: [system] Reloaded configuration
Nov  9 16:23:02 debian dbus-daemon[458]: [system] Reloaded configuration
Nov  9 16:23:03 debian dbus-daemon[458]: [system] Reloaded configuration
Nov  9 16:23:03 debian dbus-daemon[458]: [system] Reloaded configuration
Nov  9 16:23:03 debian dbus-daemon[458]: [system] Reloaded configuration
Nov  9 16:23:03 debian dbus-daemon[458]: [system] Reloaded configuration
Nov  9 16:23:03 debian dbus-daemon[458]: [system] Reloaded configuration
Nov  9 16:23:03 debian dbus-daemon[458]: [system] Reloaded configuration
Nov  9 16:23:03 debian dbus-daemon[458]: [system] Reloaded configuration
Nov  9 16:23:03 debian dbus-daemon[458]: [system] Reloaded configuration
Nov  9 16:23:03 debian dbus-daemon[458]: [system] Reloaded configuration
Nov  9 16:23:03 debian dbus-daemon[458]: [system] Reloaded configuration
Nov  9 16:23:03 debian dbus-daemon[458]: [system] Reloaded configuration
Nov  9 16:23:03 debian dbus-daemon[458]: [system] Reloaded configuration
Nov  9 16:23:03 debian dbus-daemon[458]: [system] Reloaded configuration
Nov  9 16:23:03 debian dbus-daemon[458]: [system] Reloaded configuration
Nov  9 16:23:03 debian dbus-daemon[458]: [system] Reloaded configuration
Nov  9 16:23:04 debian systemd[1]: Reexecuting.
Nov  9 16:23:04 debian kernel: [  299.199637] systemd: 44 output lines suppressed due to ratelimiting
Nov  9 16:23:04 debian systemd[1]: Stopping Network Time Synchronization...
Nov  9 16:23:04 debian systemd[1]: systemd-timesyncd.service: Succeeded.
Nov  9 16:23:04 debian systemd[1]: Stopped Network Time Synchronization.
Nov  9 16:23:04 debian systemd[1]: Starting Network Time Synchronization...
Nov  9 16:23:05 debian systemd[1]: Started Network Time Synchronization.
Nov  9 16:23:05 debian systemd[1]: systemd-journal-flush.service: Succeeded.
Nov  9 16:23:05 debian systemd[1]: Stopped Flush Journal to Persistent Storage.
Nov  9 16:23:05 debian systemd[1]: Stopping Flush Journal to Persistent Storage...
Nov  9 16:23:05 debian systemd-timesyncd[8497]: Synchronized to time server for the first time 168.96.251.197:123 (0.debian.pool.ntp.org).
Nov  9 16:23:05 debian systemd[1]: Starting Flush Journal to Persistent Storage...
Nov  9 16:23:05 debian systemd[1]: Started Flush Journal to Persistent Storage.
Nov  9 16:23:07 debian systemd[1]: Reloading.
Nov  9 16:23:07 debian systemd[1]: Reloading.
Nov  9 16:23:07 debian systemd[1]: apt-daily-upgrade.timer: Succeeded.
Nov  9 16:23:07 debian systemd[1]: Stopped Daily apt upgrade and clean activities.
Nov  9 16:23:07 debian systemd[1]: Stopping Daily apt upgrade and clean activities.
Nov  9 16:23:07 debian systemd[1]: Started Daily apt upgrade and clean activities.
Nov  9 16:23:07 debian systemd[1]: apt-daily.timer: Succeeded.
Nov  9 16:23:07 debian systemd[1]: Stopped Daily apt download activities.
Nov  9 16:23:07 debian systemd[1]: Stopping Daily apt download activities.
Nov  9 16:23:07 debian systemd[1]: Started Daily apt download activities.
Nov  9 16:23:10 debian systemd[1]: Reloading.
Nov  9 16:23:10 debian anacron[463]: Job `cron.daily' started
Nov  9 16:23:10 debian anacron[9060]: Updated timestamp for job `cron.daily' to 2022-11-09
Nov  9 16:23:10 debian anacron[463]: Job `cron.daily' terminated
Nov  9 16:23:20 debian dhclient[529]: DHCPREQUEST for 192.168.56.101 on enp0s8 to 192.168.56.100 port 67
Nov  9 16:23:20 debian dhclient[529]: DHCPACK of 192.168.56.101 from 192.168.56.100
Nov  9 16:23:20 debian dhclient[529]: bound to 192.168.56.101 -- renewal in 284 seconds.
Nov  9 16:23:44 debian dbus-daemon[458]: [system] Reloaded configuration
Nov  9 16:23:44 debian dbus-daemon[458]: [system] Reloaded configuration
Nov  9 16:23:44 debian dbus-daemon[458]: [system] Reloaded configuration
Nov  9 16:23:44 debian dbus-daemon[458]: [system] Reloaded configuration
Nov  9 16:23:44 debian dbus-daemon[458]: [system] Reloaded configuration
Nov  9 16:23:44 debian dbus-daemon[458]: [system] Reloaded configuration
Nov  9 16:23:44 debian dbus-daemon[458]: [system] Reloaded configuration
Nov  9 16:23:44 debian systemd[1]: Reloading.
Nov  9 16:23:44 debian dbus-daemon[458]: [system] Reloaded configuration
Nov  9 16:23:55 debian kernel: [  349.482386] device-mapper: uevent: version 1.0.3
Nov  9 16:23:55 debian kernel: [  349.482636] device-mapper: ioctl: 4.39.0-ioctl (2018-04-03) initialised: dm-devel@redhat.com
Nov  9 16:23:56 debian kernel: [  350.843393] SGI XFS with ACLs, security attributes, realtime, no debug enabled
Nov  9 16:23:56 debian kernel: [  350.859321] JFS: nTxBlock = 8192, nTxLock = 65536
Nov  9 16:23:56 debian kernel: [  350.895589] QNX4 filesystem 0.2.3 registered.
Nov  9 16:23:56 debian kernel: [  350.972105] raid6: sse2x1   gen()  8095 MB/s
Nov  9 16:23:56 debian kernel: [  351.039732] raid6: sse2x1   xor()  6214 MB/s
Nov  9 16:23:56 debian kernel: [  351.107316] raid6: sse2x2   gen() 11606 MB/s
Nov  9 16:23:56 debian kernel: [  351.175428] raid6: sse2x2   xor()  8966 MB/s
Nov  9 16:23:56 debian kernel: [  351.243125] raid6: sse2x4   gen() 15568 MB/s
Nov  9 16:23:56 debian kernel: [  351.311261] raid6: sse2x4   xor()  8580 MB/s
Nov  9 16:23:56 debian kernel: [  351.380344] raid6: avx2x1   gen() 17183 MB/s
Nov  9 16:23:57 debian kernel: [  351.447011] raid6: avx2x1   xor() 11848 MB/s
Nov  9 16:23:57 debian kernel: [  351.515083] raid6: avx2x2   gen() 21313 MB/s
Nov  9 16:23:57 debian kernel: [  351.583189] raid6: avx2x2   xor() 10160 MB/s
Nov  9 16:23:57 debian kernel: [  351.651188] raid6: avx2x4   gen() 18071 MB/s
Nov  9 16:23:57 debian kernel: [  351.719773] raid6: avx2x4   xor() 10032 MB/s
Nov  9 16:23:57 debian kernel: [  351.719776] raid6: using algorithm avx2x2 gen() 21313 MB/s
Nov  9 16:23:57 debian kernel: [  351.719776] raid6: .... xor() 10160 MB/s, rmw enabled
Nov  9 16:23:57 debian kernel: [  351.719778] raid6: using avx2x2 recovery algorithm
Nov  9 16:23:57 debian kernel: [  351.721141] xor: automatically using best checksumming function   avx       
Nov  9 16:23:57 debian kernel: [  351.805296] Btrfs loaded, crc32c=crc32c-intel
Nov  9 16:23:57 debian kernel: [  351.815362] fuse init (API version 7.27)
Nov  9 16:23:57 debian systemd[1]: Mounting FUSE Control File System...
Nov  9 16:23:57 debian systemd[1]: Mounted FUSE Control File System.
Nov  9 16:23:57 debian os-prober: debug: running /usr/lib/os-probes/50mounted-tests on /dev/sda2
Nov  9 16:23:57 debian 50mounted-tests: debug: /dev/sda2 type not recognised; skipping
Nov  9 16:23:57 debian os-prober: debug: os detected by /usr/lib/os-probes/50mounted-tests
Nov  9 16:23:57 debian os-prober: debug: /dev/sda5: is active swap
Nov  9 16:23:57 debian os-prober: debug: running /usr/lib/os-probes/mounted/05efi on mounted /dev/sdb1
Nov  9 16:23:57 debian 05efi: debug: Not on UEFI platform
Nov  9 16:23:57 debian os-prober: debug: running /usr/lib/os-probes/mounted/10freedos on mounted /dev/sdb1
Nov  9 16:23:57 debian 10freedos: debug: /dev/sdb1 is not a FAT partition: exiting
Nov  9 16:23:57 debian os-prober: debug: running /usr/lib/os-probes/mounted/10qnx on mounted /dev/sdb1
Nov  9 16:23:57 debian 10qnx: debug: /dev/sdb1 is not a QNX4 partition: exiting
Nov  9 16:23:57 debian os-prober: debug: running /usr/lib/os-probes/mounted/20macosx on mounted /dev/sdb1
Nov  9 16:23:57 debian macosx-prober: debug: /dev/sdb1 is not an HFS+ partition: exiting
Nov  9 16:23:57 debian os-prober: debug: running /usr/lib/os-probes/mounted/20microsoft on mounted /dev/sdb1
Nov  9 16:23:57 debian 20microsoft: debug: /dev/sdb1 is not a MS partition: exiting
Nov  9 16:23:57 debian os-prober: debug: running /usr/lib/os-probes/mounted/30utility on mounted /dev/sdb1
Nov  9 16:23:57 debian 30utility: debug: /dev/sdb1 is not a FAT partition: exiting
Nov  9 16:23:57 debian os-prober: debug: running /usr/lib/os-probes/mounted/40lsb on mounted /dev/sdb1
Nov  9 16:23:57 debian os-prober: debug: running /usr/lib/os-probes/mounted/70hurd on mounted /dev/sdb1
Nov  9 16:23:57 debian os-prober: debug: running /usr/lib/os-probes/mounted/80minix on mounted /dev/sdb1
Nov  9 16:23:57 debian os-prober: debug: running /usr/lib/os-probes/mounted/83haiku on mounted /dev/sdb1
Nov  9 16:23:57 debian 83haiku: debug: /dev/sdb1 is not a BeFS partition: exiting
Nov  9 16:23:57 debian os-prober: debug: running /usr/lib/os-probes/mounted/90linux-distro on mounted /dev/sdb1
Nov  9 16:23:57 debian os-prober: debug: running /usr/lib/os-probes/mounted/90solaris on mounted /dev/sdb1
Nov  9 16:24:10 debian os-prober: debug: running /usr/lib/os-probes/50mounted-tests on /dev/sda2
Nov  9 16:24:10 debian 50mounted-tests: debug: /dev/sda2 type not recognised; skipping
Nov  9 16:24:10 debian os-prober: debug: os detected by /usr/lib/os-probes/50mounted-tests
Nov  9 16:24:10 debian os-prober: debug: /dev/sda5: is active swap
Nov  9 16:24:10 debian os-prober: debug: running /usr/lib/os-probes/mounted/05efi on mounted /dev/sdb1
Nov  9 16:24:10 debian 05efi: debug: Not on UEFI platform
Nov  9 16:24:10 debian os-prober: debug: running /usr/lib/os-probes/mounted/10freedos on mounted /dev/sdb1
Nov  9 16:24:10 debian 10freedos: debug: /dev/sdb1 is not a FAT partition: exiting
Nov  9 16:24:10 debian os-prober: debug: running /usr/lib/os-probes/mounted/10qnx on mounted /dev/sdb1
Nov  9 16:24:10 debian 10qnx: debug: /dev/sdb1 is not a QNX4 partition: exiting
Nov  9 16:24:10 debian os-prober: debug: running /usr/lib/os-probes/mounted/20macosx on mounted /dev/sdb1
Nov  9 16:24:10 debian macosx-prober: debug: /dev/sdb1 is not an HFS+ partition: exiting
Nov  9 16:24:10 debian os-prober: debug: running /usr/lib/os-probes/mounted/20microsoft on mounted /dev/sdb1
Nov  9 16:24:10 debian 20microsoft: debug: /dev/sdb1 is not a MS partition: exiting
Nov  9 16:24:10 debian os-prober: debug: running /usr/lib/os-probes/mounted/30utility on mounted /dev/sdb1
Nov  9 16:24:10 debian 30utility: debug: /dev/sdb1 is not a FAT partition: exiting
Nov  9 16:24:10 debian os-prober: debug: running /usr/lib/os-probes/mounted/40lsb on mounted /dev/sdb1
Nov  9 16:24:10 debian os-prober: debug: running /usr/lib/os-probes/mounted/70hurd on mounted /dev/sdb1
Nov  9 16:24:10 debian os-prober: debug: running /usr/lib/os-probes/mounted/80minix on mounted /dev/sdb1
Nov  9 16:24:10 debian os-prober: debug: running /usr/lib/os-probes/mounted/83haiku on mounted /dev/sdb1
Nov  9 16:24:10 debian 83haiku: debug: /dev/sdb1 is not a BeFS partition: exiting
Nov  9 16:24:10 debian os-prober: debug: running /usr/lib/os-probes/mounted/90linux-distro on mounted /dev/sdb1
Nov  9 16:24:10 debian os-prober: debug: running /usr/lib/os-probes/mounted/90solaris on mounted /dev/sdb1
Nov  9 16:24:10 debian systemd[1]: Reloading.
Nov  9 16:24:10 debian systemd[1]: Reloading.
Nov  9 16:24:10 debian systemd[1]: Reloading.
Nov  9 16:24:11 debian rsyslogd:  [origin software="rsyslogd" swVersion="8.1901.0" x-pid="455" x-info="https://www.rsyslog.com"] exiting on signal 15.
Nov  9 16:24:11 debian systemd[1]: Stopping System Logging Service...
Nov  9 16:24:11 debian systemd[1]: rsyslog.service: Succeeded.
Nov  9 16:24:11 debian systemd[1]: Stopped System Logging Service.
Nov  9 16:24:11 debian systemd[1]: Starting System Logging Service...
Nov  9 16:24:11 debian rsyslogd: imuxsock: Acquired UNIX socket '/run/systemd/journal/syslog' (fd 3) from systemd.  [v8.1901.0]
Nov  9 16:24:11 debian rsyslogd:  [origin software="rsyslogd" swVersion="8.1901.0" x-pid="19546" x-info="https://www.rsyslog.com"] start
Nov  9 16:24:11 debian systemd[1]: Started System Logging Service.
Nov  9 16:24:14 debian systemd[1]: Reloading.
Nov  9 16:24:14 debian systemd[1]: Reloading.
Nov  9 16:24:14 debian dbus-daemon[458]: [system] Reloaded configuration
Nov  9 16:24:15 debian systemd[1]: Reloading.
Nov  9 16:24:15 debian systemd[1]: Reloading.
Nov  9 16:24:15 debian systemd[1]: Stopping udev Kernel Device Manager...
Nov  9 16:24:15 debian systemd[1]: systemd-udevd.service: Succeeded.
Nov  9 16:24:15 debian systemd[1]: Stopped udev Kernel Device Manager.
Nov  9 16:24:15 debian systemd[1]: Starting udev Kernel Device Manager...
Nov  9 16:24:15 debian systemd[1]: Started udev Kernel Device Manager.
Nov  9 16:24:15 debian systemd[1]: Reloading.
Nov  9 16:24:15 debian systemd[1]: Reloading.
Nov  9 16:24:15 debian systemd[1]: Reloading.
Nov  9 16:24:18 debian dbus-daemon[458]: [system] Reloaded configuration
Nov  9 16:24:18 debian systemd[1]: Reloading.
Nov  9 16:24:18 debian systemd[1]: Stopping WPA supplicant...
Nov  9 16:24:18 debian systemd[1]: wpa_supplicant.service: Succeeded.
Nov  9 16:24:18 debian systemd[1]: Stopped WPA supplicant.
Nov  9 16:24:18 debian systemd[1]: Starting WPA supplicant...
Nov  9 16:24:18 debian systemd[1]: Started WPA supplicant.
Nov  9 16:24:18 debian wpa_supplicant[20513]: Successfully initialized wpa_supplicant
Nov  9 16:24:20 debian dbus-daemon[458]: [system] Reloaded configuration
Nov  9 16:24:20 debian systemd[1]: Reloading.
Nov  9 16:24:21 debian systemd[1]: Reloading D-Bus System Message Bus.
Nov  9 16:24:21 debian dbus-daemon[458]: [system] Reloaded configuration
Nov  9 16:24:21 debian dbus-send[24211]: method return time=1668021861.129519 sender=org.freedesktop.DBus -> destination=:1.23 serial=3 reply_serial=2
Nov  9 16:24:21 debian systemd[1]: Reloaded D-Bus System Message Bus.
Nov  9 16:24:21 debian systemd[1]: Reloading.
Nov  9 16:24:21 debian systemd[1]: Reloading.
Nov  9 16:24:21 debian systemd[1]: Condition check resulted in Bluetooth service being skipped.
Nov  9 16:25:11 debian os-prober: debug: running /usr/lib/os-probes/50mounted-tests on /dev/sda2
Nov  9 16:25:11 debian 50mounted-tests: debug: /dev/sda2 type not recognised; skipping
Nov  9 16:25:11 debian os-prober: debug: os detected by /usr/lib/os-probes/50mounted-tests
Nov  9 16:25:11 debian os-prober: debug: /dev/sda5: is active swap
Nov  9 16:25:11 debian os-prober: debug: running /usr/lib/os-probes/mounted/05efi on mounted /dev/sdb1
Nov  9 16:25:11 debian 05efi: debug: Not on UEFI platform
Nov  9 16:25:11 debian os-prober: debug: running /usr/lib/os-probes/mounted/10freedos on mounted /dev/sdb1
Nov  9 16:25:11 debian 10freedos: debug: /dev/sdb1 is not a FAT partition: exiting
Nov  9 16:25:11 debian os-prober: debug: running /usr/lib/os-probes/mounted/10qnx on mounted /dev/sdb1
Nov  9 16:25:11 debian 10qnx: debug: /dev/sdb1 is not a QNX4 partition: exiting
Nov  9 16:25:11 debian os-prober: debug: running /usr/lib/os-probes/mounted/20macosx on mounted /dev/sdb1
Nov  9 16:25:11 debian macosx-prober: debug: /dev/sdb1 is not an HFS+ partition: exiting
Nov  9 16:25:11 debian os-prober: debug: running /usr/lib/os-probes/mounted/20microsoft on mounted /dev/sdb1
Nov  9 16:25:11 debian 20microsoft: debug: /dev/sdb1 is not a MS partition: exiting
Nov  9 16:25:11 debian os-prober: debug: running /usr/lib/os-probes/mounted/30utility on mounted /dev/sdb1
Nov  9 16:25:11 debian 30utility: debug: /dev/sdb1 is not a FAT partition: exiting
Nov  9 16:25:11 debian os-prober: debug: running /usr/lib/os-probes/mounted/40lsb on mounted /dev/sdb1
Nov  9 16:25:11 debian os-prober: debug: running /usr/lib/os-probes/mounted/70hurd on mounted /dev/sdb1
Nov  9 16:25:11 debian os-prober: debug: running /usr/lib/os-probes/mounted/80minix on mounted /dev/sdb1
Nov  9 16:25:11 debian os-prober: debug: running /usr/lib/os-probes/mounted/83haiku on mounted /dev/sdb1
Nov  9 16:25:11 debian 83haiku: debug: /dev/sdb1 is not a BeFS partition: exiting
Nov  9 16:25:11 debian os-prober: debug: running /usr/lib/os-probes/mounted/90linux-distro on mounted /dev/sdb1
Nov  9 16:25:11 debian os-prober: debug: running /usr/lib/os-probes/mounted/90solaris on mounted /dev/sdb1
Nov  9 16:25:12 debian systemd[1]: Reloading.
Nov  9 16:27:06 debian systemd[1]: Reloading.
Nov  9 16:27:07 debian systemd[1]: Reloading.
Nov  9 16:27:07 debian systemd[1]: Condition check resulted in fast remote file copy program daemon being skipped.
Nov  9 16:27:07 debian systemd[1]: Reloading.
Nov  9 16:27:07 debian systemd[1]: Reloading.
Nov  9 16:28:04 debian dhclient[529]: DHCPREQUEST for 192.168.56.101 on enp0s8 to 192.168.56.100 port 67
Nov  9 16:28:04 debian dhclient[529]: DHCPACK of 192.168.56.101 from 192.168.56.100
Nov  9 16:28:04 debian dhclient[529]: bound to 192.168.56.101 -- renewal in 282 seconds.
Nov  9 16:28:09 debian anacron[463]: Job `cron.weekly' started
Nov  9 16:28:09 debian anacron[1342]: Updated timestamp for job `cron.weekly' to 2022-11-09
Nov  9 16:28:09 debian anacron[463]: Job `cron.weekly' terminated
Nov  9 16:30:01 debian CRON[1432]: (root) CMD ([ -x /etc/init.d/anacron ] && if [ ! -d /run/systemd/system ]; then /usr/sbin/invoke-rc.d anacron start >/dev/null; fi)
Nov  9 16:30:04 debian systemd[1]: Reloading.
Nov  9 16:30:04 debian systemd[1]: Reloading.
Nov  9 16:30:04 debian systemd[1]: Reloading.
Nov  9 16:30:05 debian systemd[1]: Reloading.
Nov  9 16:30:05 debian systemd[1]: Starting The Apache HTTP Server...
Nov  9 16:30:05 debian systemd[1]: Started The Apache HTTP Server.
Nov  9 16:30:05 debian systemd[1]: Reloading.
Nov  9 16:30:05 debian systemd[1]: Reloading.
Nov  9 16:30:05 debian systemd[1]: Reloading.
Nov  9 16:30:05 debian systemd[1]: Reloading.
Nov  9 16:30:05 debian systemd[1]: Reloading.
Nov  9 16:30:19 debian apache2-doc: apache2_invoke: Enable configuration apache2-doc
Nov  9 16:30:19 debian systemd[1]: Reloading.
Nov  9 16:30:19 debian systemd[1]: Reloading The Apache HTTP Server.
Nov  9 16:30:19 debian systemd[1]: Reloaded The Apache HTTP Server.
Nov  9 16:30:40 debian systemd[1]: Reloading.
Nov  9 16:30:40 debian systemd[1]: Reloading.
Nov  9 16:30:40 debian systemd[1]: Started Clean PHP session files every 30 mins.
Nov  9 16:30:40 debian php7.3-common: php_invoke calendar: already enabled for PHP 7.3 cli sapi
Nov  9 16:30:40 debian php7.3-common: php_invoke calendar: already enabled for PHP 7.3 apache2 sapi
Nov  9 16:30:41 debian php7.3-common: php_invoke ctype: already enabled for PHP 7.3 cli sapi
Nov  9 16:30:41 debian php7.3-common: php_invoke ctype: already enabled for PHP 7.3 apache2 sapi
Nov  9 16:30:41 debian php7.3-common: php_invoke exif: already enabled for PHP 7.3 cli sapi
Nov  9 16:30:41 debian php7.3-common: php_invoke exif: already enabled for PHP 7.3 apache2 sapi
Nov  9 16:30:42 debian php7.3-common: php_invoke fileinfo: already enabled for PHP 7.3 cli sapi
Nov  9 16:30:42 debian php7.3-common: php_invoke fileinfo: already enabled for PHP 7.3 apache2 sapi
Nov  9 16:30:42 debian php7.3-common: php_invoke ftp: already enabled for PHP 7.3 cli sapi
Nov  9 16:30:42 debian php7.3-common: php_invoke ftp: already enabled for PHP 7.3 apache2 sapi
Nov  9 16:30:42 debian php7.3-common: php_invoke gettext: already enabled for PHP 7.3 cli sapi
Nov  9 16:30:42 debian php7.3-common: php_invoke gettext: already enabled for PHP 7.3 apache2 sapi
Nov  9 16:30:43 debian php7.3-common: php_invoke iconv: already enabled for PHP 7.3 cli sapi
Nov  9 16:30:43 debian php7.3-common: php_invoke iconv: already enabled for PHP 7.3 apache2 sapi
Nov  9 16:30:43 debian php7.3-common: php_invoke pdo: already enabled for PHP 7.3 cli sapi
Nov  9 16:30:43 debian php7.3-common: php_invoke pdo: already enabled for PHP 7.3 apache2 sapi
Nov  9 16:30:43 debian php7.3-common: php_invoke phar: already enabled for PHP 7.3 cli sapi
Nov  9 16:30:43 debian php7.3-common: php_invoke phar: already enabled for PHP 7.3 apache2 sapi
Nov  9 16:30:44 debian php7.3-common: php_invoke posix: already enabled for PHP 7.3 cli sapi
Nov  9 16:30:44 debian php7.3-common: php_invoke posix: already enabled for PHP 7.3 apache2 sapi
Nov  9 16:30:44 debian php7.3-common: php_invoke shmop: already enabled for PHP 7.3 cli sapi
Nov  9 16:30:44 debian php7.3-common: php_invoke shmop: already enabled for PHP 7.3 apache2 sapi
Nov  9 16:30:44 debian php7.3-common: php_invoke sockets: already enabled for PHP 7.3 cli sapi
Nov  9 16:30:44 debian php7.3-common: php_invoke sockets: already enabled for PHP 7.3 apache2 sapi
Nov  9 16:30:45 debian php7.3-common: php_invoke sysvmsg: already enabled for PHP 7.3 cli sapi
Nov  9 16:30:45 debian php7.3-common: php_invoke sysvmsg: already enabled for PHP 7.3 apache2 sapi
Nov  9 16:30:45 debian php7.3-common: php_invoke sysvsem: already enabled for PHP 7.3 cli sapi
Nov  9 16:30:45 debian php7.3-common: php_invoke sysvsem: already enabled for PHP 7.3 apache2 sapi
Nov  9 16:30:45 debian php7.3-common: php_invoke sysvshm: already enabled for PHP 7.3 cli sapi
Nov  9 16:30:45 debian php7.3-common: php_invoke sysvshm: already enabled for PHP 7.3 apache2 sapi
Nov  9 16:30:46 debian php7.3-common: php_invoke tokenizer: already enabled for PHP 7.3 cli sapi
Nov  9 16:30:46 debian php7.3-common: php_invoke tokenizer: already enabled for PHP 7.3 apache2 sapi
Nov  9 16:30:46 debian php7.3-opcache: php_invoke opcache: already enabled for PHP 7.3 cli sapi
Nov  9 16:30:46 debian php7.3-opcache: php_invoke opcache: already enabled for PHP 7.3 apache2 sapi
Nov  9 16:30:46 debian php7.3-json: php_invoke json: already enabled for PHP 7.3 cli sapi
Nov  9 16:30:46 debian php7.3-json: php_invoke json: already enabled for PHP 7.3 apache2 sapi
Nov  9 16:30:47 debian php7.3-readline: php_invoke readline: already enabled for PHP 7.3 cli sapi
Nov  9 16:30:47 debian php7.3-readline: php_invoke readline: already enabled for PHP 7.3 apache2 sapi
Nov  9 16:30:47 debian php7.3-cli: php_invoke gettext: already enabled for PHP 7.3 cli sapi
Nov  9 16:30:47 debian php7.3-cli: php_invoke iconv: already enabled for PHP 7.3 cli sapi
Nov  9 16:30:47 debian php7.3-cli: php_invoke phar: already enabled for PHP 7.3 cli sapi
Nov  9 16:30:47 debian php7.3-cli: php_invoke fileinfo: already enabled for PHP 7.3 cli sapi
Nov  9 16:30:47 debian php7.3-cli: php_invoke calendar: already enabled for PHP 7.3 cli sapi
Nov  9 16:30:47 debian php7.3-cli: php_invoke ctype: already enabled for PHP 7.3 cli sapi
Nov  9 16:30:47 debian php7.3-cli: php_invoke readline: already enabled for PHP 7.3 cli sapi
Nov  9 16:30:47 debian php7.3-cli: php_invoke sysvsem: already enabled for PHP 7.3 cli sapi
Nov  9 16:30:47 debian php7.3-cli: php_invoke sysvmsg: already enabled for PHP 7.3 cli sapi
Nov  9 16:30:47 debian php7.3-cli: php_invoke exif: already enabled for PHP 7.3 cli sapi
Nov  9 16:30:47 debian php7.3-cli: php_invoke ftp: already enabled for PHP 7.3 cli sapi
Nov  9 16:30:47 debian php7.3-cli: php_invoke sockets: already enabled for PHP 7.3 cli sapi
Nov  9 16:30:47 debian php7.3-cli: php_invoke pdo: already enabled for PHP 7.3 cli sapi
Nov  9 16:30:47 debian php7.3-cli: php_invoke tokenizer: already enabled for PHP 7.3 cli sapi
Nov  9 16:30:47 debian php7.3-cli: php_invoke opcache: already enabled for PHP 7.3 cli sapi
Nov  9 16:30:47 debian php7.3-cli: php_invoke shmop: already enabled for PHP 7.3 cli sapi
Nov  9 16:30:47 debian php7.3-cli: php_invoke json: already enabled for PHP 7.3 cli sapi
Nov  9 16:30:47 debian php7.3-cli: php_invoke sysvshm: already enabled for PHP 7.3 cli sapi
Nov  9 16:30:47 debian php7.3-cli: php_invoke posix: already enabled for PHP 7.3 cli sapi
Nov  9 16:30:48 debian libapache2-mod-php7.3: php_invoke gettext: already enabled for PHP 7.3 apache2 sapi
Nov  9 16:30:48 debian libapache2-mod-php7.3: php_invoke iconv: already enabled for PHP 7.3 apache2 sapi
Nov  9 16:30:48 debian libapache2-mod-php7.3: php_invoke phar: already enabled for PHP 7.3 apache2 sapi
Nov  9 16:30:48 debian libapache2-mod-php7.3: php_invoke fileinfo: already enabled for PHP 7.3 apache2 sapi
Nov  9 16:30:48 debian libapache2-mod-php7.3: php_invoke calendar: already enabled for PHP 7.3 apache2 sapi
Nov  9 16:30:48 debian libapache2-mod-php7.3: php_invoke ctype: already enabled for PHP 7.3 apache2 sapi
Nov  9 16:30:48 debian libapache2-mod-php7.3: php_invoke readline: already enabled for PHP 7.3 apache2 sapi
Nov  9 16:30:48 debian libapache2-mod-php7.3: php_invoke sysvsem: already enabled for PHP 7.3 apache2 sapi
Nov  9 16:30:48 debian libapache2-mod-php7.3: php_invoke sysvmsg: already enabled for PHP 7.3 apache2 sapi
Nov  9 16:30:48 debian libapache2-mod-php7.3: php_invoke exif: already enabled for PHP 7.3 apache2 sapi
Nov  9 16:30:48 debian libapache2-mod-php7.3: php_invoke ftp: already enabled for PHP 7.3 apache2 sapi
Nov  9 16:30:48 debian libapache2-mod-php7.3: php_invoke sockets: already enabled for PHP 7.3 apache2 sapi
Nov  9 16:30:48 debian libapache2-mod-php7.3: php_invoke pdo: already enabled for PHP 7.3 apache2 sapi
Nov  9 16:30:48 debian libapache2-mod-php7.3: php_invoke tokenizer: already enabled for PHP 7.3 apache2 sapi
Nov  9 16:30:48 debian libapache2-mod-php7.3: php_invoke opcache: already enabled for PHP 7.3 apache2 sapi
Nov  9 16:30:48 debian libapache2-mod-php7.3: php_invoke shmop: already enabled for PHP 7.3 apache2 sapi
Nov  9 16:30:48 debian libapache2-mod-php7.3: php_invoke json: already enabled for PHP 7.3 apache2 sapi
Nov  9 16:30:48 debian libapache2-mod-php7.3: php_invoke sysvshm: already enabled for PHP 7.3 apache2 sapi
Nov  9 16:30:48 debian libapache2-mod-php7.3: php_invoke posix: already enabled for PHP 7.3 apache2 sapi
Nov  9 16:30:49 debian libapache2-mod-php7.3: apache2_switch_mpm Switch to prefork
Nov  9 16:30:49 debian systemd[1]: Reloading.
Nov  9 16:30:49 debian systemd[1]: Stopping The Apache HTTP Server...
Nov  9 16:30:49 debian systemd[1]: apache2.service: Succeeded.
Nov  9 16:30:49 debian systemd[1]: Stopped The Apache HTTP Server.
Nov  9 16:30:49 debian systemd[1]: Starting The Apache HTTP Server...
Nov  9 16:30:49 debian systemd[1]: Started The Apache HTTP Server.
Nov  9 16:30:49 debian libapache2-mod-php7.3: apache2_invoke: Enable module php7.3
Nov  9 16:30:50 debian systemd[1]: Reloading.
Nov  9 16:30:50 debian systemd[1]: Stopping The Apache HTTP Server...
Nov  9 16:30:50 debian systemd[1]: apache2.service: Succeeded.
Nov  9 16:30:50 debian systemd[1]: Stopped The Apache HTTP Server.
Nov  9 16:30:50 debian systemd[1]: Starting The Apache HTTP Server...
Nov  9 16:30:50 debian systemd[1]: Started The Apache HTTP Server.
Nov  9 16:31:36 debian php7.3-mysql: php_invoke mysqlnd: already enabled for PHP 7.3 cli sapi
Nov  9 16:31:36 debian php7.3-mysql: php_invoke mysqlnd: already enabled for PHP 7.3 apache2 sapi
Nov  9 16:31:36 debian php7.3-mysql: php_invoke mysqli: already enabled for PHP 7.3 cli sapi
Nov  9 16:31:36 debian php7.3-mysql: php_invoke mysqli: already enabled for PHP 7.3 apache2 sapi
Nov  9 16:31:37 debian php7.3-mysql: php_invoke pdo_mysql: already enabled for PHP 7.3 cli sapi
Nov  9 16:31:37 debian php7.3-mysql: php_invoke pdo_mysql: already enabled for PHP 7.3 apache2 sapi
Nov  9 16:32:46 debian dhclient[529]: DHCPREQUEST for 192.168.56.101 on enp0s8 to 192.168.56.100 port 67
Nov  9 16:32:46 debian dhclient[529]: DHCPACK of 192.168.56.101 from 192.168.56.100
Nov  9 16:32:46 debian dhclient[529]: bound to 192.168.56.101 -- renewal in 275 seconds.
Nov  9 16:33:10 debian anacron[463]: Job `cron.monthly' started
Nov  9 16:33:10 debian anacron[463]: Job `cron.monthly' terminated
Nov  9 16:33:10 debian anacron[463]: Normal exit (3 jobs run)
Nov  9 16:33:10 debian systemd[1]: anacron.service: Killing process 9162 (anacron) with signal SIGKILL.
Nov  9 16:33:10 debian systemd[1]: Starting Cleanup of Temporary Directories...
Nov  9 16:33:10 debian systemd[1]: anacron.service: Succeeded.
Nov  9 16:33:10 debian systemd[1]: systemd-tmpfiles-clean.service: Succeeded.
Nov  9 16:33:10 debian systemd[1]: Started Cleanup of Temporary Directories.
Nov  9 16:34:36 debian systemd[1]: Stopping The Apache HTTP Server...
Nov  9 16:34:36 debian systemd[1]: apache2.service: Succeeded.
Nov  9 16:34:36 debian systemd[1]: Stopped The Apache HTTP Server.
Nov  9 16:34:36 debian systemd[1]: Starting The Apache HTTP Server...
Nov  9 16:34:36 debian systemd[1]: Started The Apache HTTP Server.
Nov  9 16:37:21 debian dhclient[529]: DHCPREQUEST for 192.168.56.101 on enp0s8 to 192.168.56.100 port 67
Nov  9 16:37:21 debian dhclient[529]: DHCPACK of 192.168.56.101 from 192.168.56.100
Nov  9 16:37:21 debian dhclient[529]: bound to 192.168.56.101 -- renewal in 270 seconds.
Nov  9 16:38:28 debian systemd[1]: Reloading.
Nov  9 16:38:28 debian systemd[1]: Reloading.
Nov  9 16:38:28 debian systemd[1]: Starting MySQL Community Server...
Nov  9 16:38:29 debian systemd[1]: Started MySQL Community Server.
Nov  9 16:38:29 debian systemd[1]: Reloading.
Nov  9 16:39:01 debian CRON[11204]: (root) CMD (  [ -x /usr/lib/php/sessionclean ] && if [ ! -d /run/systemd/system ]; then /usr/lib/php/sessionclean; fi)
Nov  9 16:39:01 debian systemd[1]: Starting Clean php session files...
Nov  9 16:39:01 debian systemd[1]: phpsessionclean.service: Succeeded.
Nov  9 16:39:01 debian systemd[1]: Started Clean php session files.
Nov  9 16:41:51 debian dhclient[529]: DHCPREQUEST for 192.168.56.101 on enp0s8 to 192.168.56.100 port 67
Nov  9 16:41:51 debian dhclient[529]: DHCPACK of 192.168.56.101 from 192.168.56.100
Nov  9 16:41:51 debian dhclient[529]: bound to 192.168.56.101 -- renewal in 296 seconds.
Nov  9 16:46:47 debian dhclient[529]: DHCPREQUEST for 192.168.56.101 on enp0s8 to 192.168.56.100 port 67
Nov  9 16:46:47 debian dhclient[529]: DHCPACK of 192.168.56.101 from 192.168.56.100
Nov  9 16:46:47 debian dhclient[529]: bound to 192.168.56.101 -- renewal in 265 seconds.
Nov  9 16:51:12 debian dhclient[529]: DHCPREQUEST for 192.168.56.101 on enp0s8 to 192.168.56.100 port 67
Nov  9 16:51:12 debian dhclient[529]: DHCPACK of 192.168.56.101 from 192.168.56.100
Nov  9 16:51:12 debian dhclient[529]: bound to 192.168.56.101 -- renewal in 267 seconds.
Nov  9 16:53:29 debian kernel: [ 2124.117844]  sdc: sdc1
Nov  9 16:53:48 debian kernel: [ 2143.042208]  sdd: sdd1
Nov  9 16:54:51 debian systemd[1]: Reloading.
Nov  9 16:54:53 debian os-prober: debug: running /usr/lib/os-probes/50mounted-tests on /dev/sda2
Nov  9 16:54:53 debian 50mounted-tests: debug: /dev/sda2 type not recognised; skipping
Nov  9 16:54:53 debian os-prober: debug: os detected by /usr/lib/os-probes/50mounted-tests
Nov  9 16:54:53 debian os-prober: debug: /dev/sda5: is active swap
Nov  9 16:54:53 debian os-prober: debug: running /usr/lib/os-probes/mounted/05efi on mounted /dev/sdb1
Nov  9 16:54:53 debian 05efi: debug: Not on UEFI platform
Nov  9 16:54:53 debian os-prober: debug: running /usr/lib/os-probes/mounted/10freedos on mounted /dev/sdb1
Nov  9 16:54:53 debian 10freedos: debug: /dev/sdb1 is not a FAT partition: exiting
Nov  9 16:54:53 debian os-prober: debug: running /usr/lib/os-probes/mounted/10qnx on mounted /dev/sdb1
Nov  9 16:54:53 debian 10qnx: debug: /dev/sdb1 is not a QNX4 partition: exiting
Nov  9 16:54:53 debian os-prober: debug: running /usr/lib/os-probes/mounted/20macosx on mounted /dev/sdb1
Nov  9 16:54:53 debian macosx-prober: debug: /dev/sdb1 is not an HFS+ partition: exiting
Nov  9 16:54:53 debian os-prober: debug: running /usr/lib/os-probes/mounted/20microsoft on mounted /dev/sdb1
Nov  9 16:54:53 debian 20microsoft: debug: /dev/sdb1 is not a MS partition: exiting
Nov  9 16:54:53 debian os-prober: debug: running /usr/lib/os-probes/mounted/30utility on mounted /dev/sdb1
Nov  9 16:54:53 debian 30utility: debug: /dev/sdb1 is not a FAT partition: exiting
Nov  9 16:54:53 debian os-prober: debug: running /usr/lib/os-probes/mounted/40lsb on mounted /dev/sdb1
Nov  9 16:54:53 debian os-prober: debug: running /usr/lib/os-probes/mounted/70hurd on mounted /dev/sdb1
Nov  9 16:54:53 debian os-prober: debug: running /usr/lib/os-probes/mounted/80minix on mounted /dev/sdb1
Nov  9 16:54:53 debian os-prober: debug: running /usr/lib/os-probes/mounted/83haiku on mounted /dev/sdb1
Nov  9 16:54:53 debian 83haiku: debug: /dev/sdb1 is not a BeFS partition: exiting
Nov  9 16:54:53 debian os-prober: debug: running /usr/lib/os-probes/mounted/90linux-distro on mounted /dev/sdb1
Nov  9 16:54:53 debian os-prober: debug: running /usr/lib/os-probes/mounted/90solaris on mounted /dev/sdb1
Nov  9 16:54:53 debian os-prober: debug: running /usr/lib/os-probes/50mounted-tests on /dev/sdc1
Nov  9 16:54:53 debian 50mounted-tests: debug: /dev/sdc1 type not recognised; skipping
Nov  9 16:54:53 debian os-prober: debug: os detected by /usr/lib/os-probes/50mounted-tests
Nov  9 16:54:53 debian os-prober: debug: running /usr/lib/os-probes/50mounted-tests on /dev/sdd1
Nov  9 16:54:53 debian 50mounted-tests: debug: /dev/sdd1 type not recognised; skipping
Nov  9 16:54:53 debian os-prober: debug: os detected by /usr/lib/os-probes/50mounted-tests
Nov  9 16:54:53 debian systemd[1]: Reloading.
Nov  9 16:54:54 debian systemd[1]: Reloading.
Nov  9 16:54:54 debian systemd[1]: Reloading.
Nov  9 16:54:54 debian systemd[1]: Reloading.
Nov  9 16:54:54 debian systemd[1]: Reloading.
Nov  9 16:54:55 debian systemd[1]: Reloading.
Nov  9 16:54:55 debian systemd[1]: Reached target Network is Online.
Nov  9 16:54:55 debian systemd[1]: Starting LSB: exim Mail Transport Agent...
Nov  9 16:54:55 debian exim4[14219]: Starting MTA: exim4.
Nov  9 16:54:55 debian systemd[1]: Started LSB: exim Mail Transport Agent.
Nov  9 16:54:55 debian systemd[1]: Reloading.
Nov  9 16:55:39 debian dhclient[529]: DHCPREQUEST for 192.168.56.101 on enp0s8 to 192.168.56.100 port 67
Nov  9 16:55:39 debian dhclient[529]: DHCPACK of 192.168.56.101 from 192.168.56.100
Nov  9 16:55:39 debian dhclient[529]: bound to 192.168.56.101 -- renewal in 300 seconds.
Nov  9 16:57:21 debian kernel: [ 2355.932492] md/raid1:md0: not clean -- starting background reconstruction
Nov  9 16:57:21 debian kernel: [ 2355.932495] md/raid1:md0: active with 2 out of 2 mirrors
Nov  9 16:57:21 debian kernel: [ 2355.932511] md0: detected capacity change from 0 to 26824671232
Nov  9 16:57:21 debian kernel: [ 2355.936365] md: resync of RAID array md0
Nov  9 16:59:33 debian kernel: [ 2487.367914] md: md0: resync done.
Nov  9 17:00:39 debian dhclient[529]: DHCPREQUEST for 192.168.56.101 on enp0s8 to 192.168.56.100 port 67
Nov  9 17:00:39 debian dhclient[529]: DHCPACK of 192.168.56.101 from 192.168.56.100
Nov  9 17:00:39 debian dhclient[529]: bound to 192.168.56.101 -- renewal in 273 seconds.
Nov  9 17:01:00 debian systemd[1]: Started MD array monitor.
Nov  9 17:01:00 debian systemd[1]: Created slice system-lvm2\x2dpvscan.slice.
Nov  9 17:01:00 debian systemd[1]: Starting LVM event activation on device 9:0...
Nov  9 17:01:00 debian systemd[1]: Started LVM event activation on device 9:0.
Nov  9 17:03:17 debian kernel: [ 2711.427293] EXT4-fs (dm-0): mounted filesystem with ordered data mode. Opts: (null)
Nov  9 17:03:22 debian kernel: [ 2717.002351] EXT4-fs (dm-1): mounted filesystem with ordered data mode. Opts: (null)
Nov  9 17:03:28 debian kernel: [ 2722.827359] EXT4-fs (dm-2): mounted filesystem with ordered data mode. Opts: (null)
Nov  9 17:05:12 debian dhclient[529]: DHCPREQUEST for 192.168.56.101 on enp0s8 to 192.168.56.100 port 67
Nov  9 17:05:12 debian dhclient[529]: DHCPACK of 192.168.56.101 from 192.168.56.100
Nov  9 17:05:12 debian dhclient[529]: bound to 192.168.56.101 -- renewal in 236 seconds.
