Mar 30 11:38:12 syslogd started: BusyBox v1.30.1
Mar 30 11:38:12 kernel: klogd started: BusyBox v1.30.1 (Debian 1:1.30.1-4)
Mar 30 11:38:12 kernel: [    0.000000] Linux version 4.19.0-8-amd64 (debian-kernel@lists.debian.org) (gcc version 8.3.0 (Debian 8.3.0-6)) #1 SMP Debian 4.19.98-1 (2020-01-26)
Mar 30 11:38:12 kernel: [    0.000000] Command line: BOOT_IMAGE=/install.amd/vmlinuz vga=788 initrd=/install.amd/initrd.gz --- quiet 
Mar 30 11:38:12 kernel: [    0.000000] x86/fpu: Supporting XSAVE feature 0x001: 'x87 floating point registers'
Mar 30 11:38:12 kernel: [    0.000000] x86/fpu: Supporting XSAVE feature 0x002: 'SSE registers'
Mar 30 11:38:12 kernel: [    0.000000] x86/fpu: Supporting XSAVE feature 0x004: 'AVX registers'
Mar 30 11:38:12 kernel: [    0.000000] x86/fpu: xstate_offset[2]:  576, xstate_sizes[2]:  256
Mar 30 11:38:12 kernel: [    0.000000] x86/fpu: Enabled xstate features 0x7, context size is 832 bytes, using 'standard' format.
Mar 30 11:38:12 kernel: [    0.000000] BIOS-provided physical RAM map:
Mar 30 11:38:12 kernel: [    0.000000] BIOS-e820: [mem 0x0000000000000000-0x000000000009fbff] usable
Mar 30 11:38:12 kernel: [    0.000000] BIOS-e820: [mem 0x000000000009fc00-0x000000000009ffff] reserved
Mar 30 11:38:12 kernel: [    0.000000] BIOS-e820: [mem 0x00000000000f0000-0x00000000000fffff] reserved
Mar 30 11:38:12 kernel: [    0.000000] BIOS-e820: [mem 0x0000000000100000-0x000000007ffeffff] usable
Mar 30 11:38:12 kernel: [    0.000000] BIOS-e820: [mem 0x000000007fff0000-0x000000007fffffff] ACPI data
Mar 30 11:38:12 kernel: [    0.000000] BIOS-e820: [mem 0x00000000fec00000-0x00000000fec00fff] reserved
Mar 30 11:38:12 kernel: [    0.000000] BIOS-e820: [mem 0x00000000fee00000-0x00000000fee00fff] reserved
Mar 30 11:38:12 kernel: [    0.000000] BIOS-e820: [mem 0x00000000fffc0000-0x00000000ffffffff] reserved
Mar 30 11:38:12 kernel: [    0.000000] NX (Execute Disable) protection: active
Mar 30 11:38:12 kernel: [    0.000000] SMBIOS 2.5 present.
Mar 30 11:38:12 kernel: [    0.000000] DMI: innotek GmbH VirtualBox/VirtualBox, BIOS VirtualBox 12/01/2006
Mar 30 11:38:12 kernel: [    0.000000] Hypervisor detected: KVM
Mar 30 11:38:12 kernel: [    0.000000] kvm-clock: Using msrs 4b564d01 and 4b564d00
Mar 30 11:38:12 kernel: [    0.000000] kvm-clock: cpu 0, msr 66be6001, primary cpu clock
Mar 30 11:38:12 kernel: [    0.000000] kvm-clock: using sched offset of 13715176955 cycles
Mar 30 11:38:12 kernel: [    0.000003] clocksource: kvm-clock: mask: 0xffffffffffffffff max_cycles: 0x1cd42e4dffb, max_idle_ns: 881590591483 ns
Mar 30 11:38:12 kernel: [    0.000005] tsc: Detected 2591.998 MHz processor
Mar 30 11:38:12 kernel: [    0.001664] e820: update [mem 0x00000000-0x00000fff] usable ==> reserved
Mar 30 11:38:12 kernel: [    0.001666] e820: remove [mem 0x000a0000-0x000fffff] usable
Mar 30 11:38:12 kernel: [    0.001671] last_pfn = 0x7fff0 max_arch_pfn = 0x400000000
Mar 30 11:38:12 kernel: [    0.001683] MTRR default type: uncachable
Mar 30 11:38:12 kernel: [    0.001684] MTRR variable ranges disabled:
Mar 30 11:38:12 kernel: [    0.001685] Disabled
Mar 30 11:38:12 kernel: [    0.001686] x86/PAT: MTRRs disabled, skipping PAT initialization too.
Mar 30 11:38:12 kernel: [    0.001689] CPU MTRRs all blank - virtualized system.
Mar 30 11:38:12 kernel: [    0.001691] x86/PAT: Configuration [0-7]: WB  WT  UC- UC  WB  WT  UC- UC  
Mar 30 11:38:12 kernel: [    0.001758] found SMP MP-table at [mem 0x0009fff0-0x0009ffff]
Mar 30 11:38:12 kernel: [    0.087756] BRK [0x66e01000, 0x66e01fff] PGTABLE
Mar 30 11:38:12 kernel: [    0.087759] BRK [0x66e02000, 0x66e02fff] PGTABLE
Mar 30 11:38:12 kernel: [    0.087759] BRK [0x66e03000, 0x66e03fff] PGTABLE
Mar 30 11:38:12 kernel: [    0.087783] BRK [0x66e04000, 0x66e04fff] PGTABLE
Mar 30 11:38:12 kernel: [    0.087785] BRK [0x66e05000, 0x66e05fff] PGTABLE
Mar 30 11:38:12 kernel: [    0.087887] BRK [0x66e06000, 0x66e06fff] PGTABLE
Mar 30 11:38:12 kernel: [    0.087926] RAMDISK: [mem 0x7ed3d000-0x7ffeffff]
Mar 30 11:38:12 kernel: [    0.087947] ACPI: Early table checksum verification disabled
Mar 30 11:38:12 kernel: [    0.087967] ACPI: RSDP 0x00000000000E0000 000024 (v02 VBOX  )
Mar 30 11:38:12 kernel: [    0.087970] ACPI: XSDT 0x000000007FFF0030 00003C (v01 VBOX   VBOXXSDT 00000001 ASL  00000061)
Mar 30 11:38:12 kernel: [    0.087975] ACPI: FACP 0x000000007FFF00F0 0000F4 (v04 VBOX   VBOXFACP 00000001 ASL  00000061)
Mar 30 11:38:12 kernel: [    0.087981] ACPI: DSDT 0x000000007FFF0470 0021FF (v02 VBOX   VBOXBIOS 00000002 INTL 20180105)
Mar 30 11:38:12 kernel: [    0.087984] ACPI: FACS 0x000000007FFF0200 000040
Mar 30 11:38:12 kernel: [    0.087986] ACPI: FACS 0x000000007FFF0200 000040
Mar 30 11:38:12 kernel: [    0.087988] ACPI: APIC 0x000000007FFF0240 000054 (v02 VBOX   VBOXAPIC 00000001 ASL  00000061)
Mar 30 11:38:12 kernel: [    0.087991] ACPI: SSDT 0x000000007FFF02A0 0001CC (v01 VBOX   VBOXCPUT 00000002 INTL 20180105)
Mar 30 11:38:12 kernel: [    0.087999] ACPI: Local APIC address 0xfee00000
Mar 30 11:38:12 kernel: [    0.088394] No NUMA configuration found
Mar 30 11:38:12 kernel: [    0.088395] Faking a node at [mem 0x0000000000000000-0x000000007ffeffff]
Mar 30 11:38:12 kernel: [    0.088398] NODE_DATA(0) allocated [mem 0x7ed38000-0x7ed3cfff]
Mar 30 11:38:12 kernel: [    0.089265] Zone ranges:
Mar 30 11:38:12 kernel: [    0.089267]   DMA      [mem 0x0000000000001000-0x0000000000ffffff]
Mar 30 11:38:12 kernel: [    0.089268]   DMA32    [mem 0x0000000001000000-0x000000007ffeffff]
Mar 30 11:38:12 kernel: [    0.089269]   Normal   empty
Mar 30 11:38:12 kernel: [    0.089270]   Device   empty
Mar 30 11:38:12 kernel: [    0.089270] Movable zone start for each node
Mar 30 11:38:12 kernel: [    0.089271] Early memory node ranges
Mar 30 11:38:12 kernel: [    0.089271]   node   0: [mem 0x0000000000001000-0x000000000009efff]
Mar 30 11:38:12 kernel: [    0.089272]   node   0: [mem 0x0000000000100000-0x000000007ffeffff]
Mar 30 11:38:12 kernel: [    0.089909] Reserved but unavailable: 98 pages
Mar 30 11:38:12 kernel: [    0.089911] Initmem setup node 0 [mem 0x0000000000001000-0x000000007ffeffff]
Mar 30 11:38:12 kernel: [    0.089913] On node 0 totalpages: 524174
Mar 30 11:38:12 kernel: [    0.089914]   DMA zone: 64 pages used for memmap
Mar 30 11:38:12 kernel: [    0.089914]   DMA zone: 21 pages reserved
Mar 30 11:38:12 kernel: [    0.089915]   DMA zone: 3998 pages, LIFO batch:0
Mar 30 11:38:12 kernel: [    0.089993]   DMA32 zone: 8128 pages used for memmap
Mar 30 11:38:12 kernel: [    0.089994]   DMA32 zone: 520176 pages, LIFO batch:63
Mar 30 11:38:12 kernel: [    0.110441] ACPI: PM-Timer IO Port: 0x4008
Mar 30 11:38:12 kernel: [    0.110444] ACPI: Local APIC address 0xfee00000
Mar 30 11:38:12 kernel: [    0.110496] IOAPIC[0]: apic_id 1, version 32, address 0xfec00000, GSI 0-23
Mar 30 11:38:12 kernel: [    0.110498] ACPI: INT_SRC_OVR (bus 0 bus_irq 0 global_irq 2 dfl dfl)
Mar 30 11:38:12 kernel: [    0.110499] ACPI: INT_SRC_OVR (bus 0 bus_irq 9 global_irq 9 low level)
Mar 30 11:38:12 kernel: [    0.110501] ACPI: IRQ0 used by override.
Mar 30 11:38:12 kernel: [    0.110502] ACPI: IRQ9 used by override.
Mar 30 11:38:12 kernel: [    0.110503] Using ACPI (MADT) for SMP configuration information
Mar 30 11:38:12 kernel: [    0.110509] smpboot: Allowing 1 CPUs, 0 hotplug CPUs
Mar 30 11:38:12 kernel: [    0.110526] PM: Registered nosave memory: [mem 0x00000000-0x00000fff]
Mar 30 11:38:12 kernel: [    0.110527] PM: Registered nosave memory: [mem 0x0009f000-0x0009ffff]
Mar 30 11:38:12 kernel: [    0.110527] PM: Registered nosave memory: [mem 0x000a0000-0x000effff]
Mar 30 11:38:12 kernel: [    0.110528] PM: Registered nosave memory: [mem 0x000f0000-0x000fffff]
Mar 30 11:38:12 kernel: [    0.110535] [mem 0x80000000-0xfebfffff] available for PCI devices
Mar 30 11:38:12 kernel: [    0.110540] Booting paravirtualized kernel on KVM
Mar 30 11:38:12 kernel: [    0.110548] clocksource: refined-jiffies: mask: 0xffffffff max_cycles: 0xffffffff, max_idle_ns: 7645519600211568 ns
Mar 30 11:38:12 kernel: [    0.214554] random: get_random_bytes called from start_kernel+0x93/0x52c with crng_init=0
Mar 30 11:38:12 kernel: [    0.214563] setup_percpu: NR_CPUS:512 nr_cpumask_bits:512 nr_cpu_ids:1 nr_node_ids:1
Mar 30 11:38:12 kernel: [    0.215508] percpu: Embedded 45 pages/cpu s144408 r8192 d31720 u2097152
Mar 30 11:38:12 kernel: [    0.215517] pcpu-alloc: s144408 r8192 d31720 u2097152 alloc=1*2097152
Mar 30 11:38:12 kernel: [    0.215518] pcpu-alloc: [0] 0 
Mar 30 11:38:12 kernel: [    0.215547] Built 1 zonelists, mobility grouping on.  Total pages: 515961
Mar 30 11:38:12 kernel: [    0.215548] Policy zone: DMA32
Mar 30 11:38:12 kernel: [    0.215551] Kernel command line: BOOT_IMAGE=/install.amd/vmlinuz vga=788 initrd=/install.amd/initrd.gz --- quiet 
Mar 30 11:38:12 kernel: [    0.215734] Calgary: detecting Calgary via BIOS EBDA area
Mar 30 11:38:12 kernel: [    0.215736] Calgary: Unable to locate Rio Grande table in EBDA - bailing!
Mar 30 11:38:12 kernel: [    0.222166] Memory: 2018964K/2096696K available (10252K kernel code, 1241K rwdata, 3320K rodata, 1592K init, 2276K bss, 77732K reserved, 0K cma-reserved)
Mar 30 11:38:12 kernel: [    0.223052] SLUB: HWalign=64, Order=0-3, MinObjects=0, CPUs=1, Nodes=1
Mar 30 11:38:12 kernel: [    0.223059] Kernel/User page tables isolation: enabled
Mar 30 11:38:12 kernel: [    0.223124] ftrace: allocating 31847 entries in 125 pages
Mar 30 11:38:12 kernel: [    0.235245] rcu: Hierarchical RCU implementation.
Mar 30 11:38:12 kernel: [    0.235246] rcu: 	RCU restricting CPUs from NR_CPUS=512 to nr_cpu_ids=1.
Mar 30 11:38:12 kernel: [    0.235247] rcu: Adjusting geometry for rcu_fanout_leaf=16, nr_cpu_ids=1
Mar 30 11:38:12 kernel: [    0.238105] NR_IRQS: 33024, nr_irqs: 256, preallocated irqs: 16
Mar 30 11:38:12 kernel: [    0.238423] Console: colour dummy device 80x25
Mar 30 11:38:12 kernel: [    0.238428] console [tty0] enabled
Mar 30 11:38:12 kernel: [    0.238447] ACPI: Core revision 20180810
Mar 30 11:38:12 kernel: [    0.238570] APIC: Switch to symmetric I/O mode setup
Mar 30 11:38:12 kernel: [    0.238781] x2apic enabled
Mar 30 11:38:12 kernel: [    0.239011] Switched APIC routing to physical x2apic.
Mar 30 11:38:12 kernel: [    0.240104] ..TIMER: vector=0x30 apic1=0 pin1=2 apic2=-1 pin2=-1
Mar 30 11:38:12 kernel: [    0.240123] clocksource: tsc-early: mask: 0xffffffffffffffff max_cycles: 0x255cb518234, max_idle_ns: 440795279333 ns
Mar 30 11:38:12 kernel: [    0.240142] Calibrating delay loop (skipped) preset value.. 5183.99 BogoMIPS (lpj=10367992)
Mar 30 11:38:12 kernel: [    0.240144] pid_max: default: 32768 minimum: 301
Mar 30 11:38:12 kernel: [    0.240173] Security Framework initialized
Mar 30 11:38:12 kernel: [    0.240174] Yama: disabled by default; enable with sysctl kernel.yama.*
Mar 30 11:38:12 kernel: [    0.240195] AppArmor: AppArmor initialized
Mar 30 11:38:12 kernel: [    0.241341] Dentry cache hash table entries: 262144 (order: 9, 2097152 bytes)
Mar 30 11:38:12 kernel: [    0.242345] Inode-cache hash table entries: 131072 (order: 8, 1048576 bytes)
Mar 30 11:38:12 kernel: [    0.242386] Mount-cache hash table entries: 4096 (order: 3, 32768 bytes)
Mar 30 11:38:12 kernel: [    0.242395] Mountpoint-cache hash table entries: 4096 (order: 3, 32768 bytes)
Mar 30 11:38:12 kernel: [    0.242677] process: using mwait in idle threads
Mar 30 11:38:12 kernel: [    0.242681] Last level iTLB entries: 4KB 64, 2MB 8, 4MB 8
Mar 30 11:38:12 kernel: [    0.242681] Last level dTLB entries: 4KB 64, 2MB 0, 4MB 0, 1GB 4
Mar 30 11:38:12 kernel: [    0.242682] Spectre V1 : Mitigation: usercopy/swapgs barriers and __user pointer sanitization
Mar 30 11:38:12 kernel: [    0.242683] Spectre V2 : Mitigation: Full generic retpoline
Mar 30 11:38:12 kernel: [    0.242684] Spectre V2 : Spectre v2 / SpectreRSB mitigation: Filling RSB on context switch
Mar 30 11:38:12 kernel: [    0.242684] Speculative Store Bypass: Vulnerable
Mar 30 11:38:12 kernel: [    0.242725] MDS: Mitigation: Clear CPU buffers
Mar 30 11:38:12 kernel: [    0.253461] Freeing SMP alternatives memory: 24K
Mar 30 11:38:12 kernel: [    0.363606] smpboot: CPU0: Intel(R) Core(TM) i7-6700HQ CPU @ 2.60GHz (family: 0x6, model: 0x5e, stepping: 0x3)
Mar 30 11:38:12 kernel: [    0.363806] Performance Events: unsupported p6 CPU model 94 no PMU driver, software events only.
Mar 30 11:38:12 kernel: [    0.363873] rcu: Hierarchical SRCU implementation.
Mar 30 11:38:12 kernel: [    0.364125] random: crng done (trusting CPU's manufacturer)
Mar 30 11:38:12 kernel: [    0.364125] NMI watchdog: Perf NMI watchdog permanently disabled
Mar 30 11:38:12 kernel: [    0.364125] smp: Bringing up secondary CPUs ...
Mar 30 11:38:12 kernel: [    0.364125] smp: Brought up 1 node, 1 CPU
Mar 30 11:38:12 kernel: [    0.364125] smpboot: Max logical packages: 1
Mar 30 11:38:12 kernel: [    0.364125] smpboot: Total of 1 processors activated (5183.99 BogoMIPS)
Mar 30 11:38:12 kernel: [    0.364125] devtmpfs: initialized
Mar 30 11:38:12 kernel: [    0.364125] x86/mm: Memory block size: 128MB
Mar 30 11:38:12 kernel: [    0.364125] clocksource: jiffies: mask: 0xffffffff max_cycles: 0xffffffff, max_idle_ns: 7645041785100000 ns
Mar 30 11:38:12 kernel: [    0.364125] futex hash table entries: 256 (order: 2, 16384 bytes)
Mar 30 11:38:12 kernel: [    0.364125] pinctrl core: initialized pinctrl subsystem
Mar 30 11:38:12 kernel: [    0.364125] NET: Registered protocol family 16
Mar 30 11:38:12 kernel: [    0.364125] audit: initializing netlink subsys (disabled)
Mar 30 11:38:12 kernel: [    0.364125] cpuidle: using governor ladder
Mar 30 11:38:12 kernel: [    0.364125] cpuidle: using governor menu
Mar 30 11:38:12 kernel: [    0.364125] ACPI: bus type PCI registered
Mar 30 11:38:12 kernel: [    0.364125] acpiphp: ACPI Hot Plug PCI Controller Driver version: 0.5
Mar 30 11:38:12 kernel: [    0.364125] PCI: Using configuration type 1 for base access
Mar 30 11:38:12 kernel: [    0.364125] audit: type=2000 audit(1585568306.637:1): state=initialized audit_enabled=0 res=1
Mar 30 11:38:12 kernel: [    0.364125] HugeTLB registered 2.00 MiB page size, pre-allocated 0 pages
Mar 30 11:38:12 kernel: [    0.364125] ACPI: Added _OSI(Module Device)
Mar 30 11:38:12 kernel: [    0.364125] ACPI: Added _OSI(Processor Device)
Mar 30 11:38:12 kernel: [    0.364125] ACPI: Added _OSI(3.0 _SCP Extensions)
Mar 30 11:38:12 kernel: [    0.364125] ACPI: Added _OSI(Processor Aggregator Device)
Mar 30 11:38:12 kernel: [    0.364125] ACPI: Added _OSI(Linux-Dell-Video)
Mar 30 11:38:12 kernel: [    0.364125] ACPI: Added _OSI(Linux-Lenovo-NV-HDMI-Audio)
Mar 30 11:38:12 kernel: [    0.364496] ACPI: 2 ACPI AML tables successfully acquired and loaded
Mar 30 11:38:12 kernel: [    0.365838] ACPI: Interpreter enabled
Mar 30 11:38:12 kernel: [    0.365853] ACPI: (supports S0 S5)
Mar 30 11:38:12 kernel: [    0.365855] ACPI: Using IOAPIC for interrupt routing
Mar 30 11:38:12 kernel: [    0.366046] PCI: Using host bridge windows from ACPI; if necessary, use "pci=nocrs" and report a bug
Mar 30 11:38:12 kernel: [    0.366177] ACPI: Enabled 2 GPEs in block 00 to 07
Mar 30 11:38:12 kernel: [    0.370279] ACPI: PCI Root Bridge [PCI0] (domain 0000 [bus 00-ff])
Mar 30 11:38:12 kernel: [    0.370284] acpi PNP0A03:00: _OSC: OS supports [ASPM ClockPM Segments MSI]
Mar 30 11:38:12 kernel: [    0.370301] acpi PNP0A03:00: _OSC: not requesting OS control; OS requires [ExtendedConfig ASPM ClockPM MSI]
Mar 30 11:38:12 kernel: [    0.370308] acpi PNP0A03:00: fail to add MMCONFIG information, can't access extended PCI configuration space under this bridge.
Mar 30 11:38:12 kernel: [    0.370643] PCI host bridge to bus 0000:00
Mar 30 11:38:12 kernel: [    0.370645] pci_bus 0000:00: root bus resource [io  0x0000-0x0cf7 window]
Mar 30 11:38:12 kernel: [    0.370647] pci_bus 0000:00: root bus resource [io  0x0d00-0xffff window]
Mar 30 11:38:12 kernel: [    0.370648] pci_bus 0000:00: root bus resource [mem 0x000a0000-0x000bffff window]
Mar 30 11:38:12 kernel: [    0.370650] pci_bus 0000:00: root bus resource [mem 0x80000000-0xfdffffff window]
Mar 30 11:38:12 kernel: [    0.370651] pci_bus 0000:00: root bus resource [bus 00-ff]
Mar 30 11:38:12 kernel: [    0.370696] pci 0000:00:00.0: [8086:1237] type 00 class 0x060000
Mar 30 11:38:12 kernel: [    0.372271] pci 0000:00:01.0: [8086:7000] type 00 class 0x060100
Mar 30 11:38:12 kernel: [    0.372927] pci 0000:00:01.1: [8086:7111] type 00 class 0x01018a
Mar 30 11:38:12 kernel: [    0.373399] pci 0000:00:01.1: reg 0x20: [io  0xd000-0xd00f]
Mar 30 11:38:12 kernel: [    0.373580] pci 0000:00:01.1: legacy IDE quirk: reg 0x10: [io  0x01f0-0x01f7]
Mar 30 11:38:12 kernel: [    0.373582] pci 0000:00:01.1: legacy IDE quirk: reg 0x14: [io  0x03f6]
Mar 30 11:38:12 kernel: [    0.373583] pci 0000:00:01.1: legacy IDE quirk: reg 0x18: [io  0x0170-0x0177]
Mar 30 11:38:12 kernel: [    0.373584] pci 0000:00:01.1: legacy IDE quirk: reg 0x1c: [io  0x0376]
Mar 30 11:38:12 kernel: [    0.373844] pci 0000:00:02.0: [80ee:beef] type 00 class 0x030000
Mar 30 11:38:12 kernel: [    0.375662] pci 0000:00:02.0: reg 0x10: [mem 0xe0000000-0xe0ffffff pref]
Mar 30 11:38:12 kernel: [    0.382785] pci 0000:00:03.0: [8086:100e] type 00 class 0x020000
Mar 30 11:38:12 kernel: [    0.384238] pci 0000:00:03.0: reg 0x10: [mem 0xf0000000-0xf001ffff]
Mar 30 11:38:12 kernel: [    0.386059] pci 0000:00:03.0: reg 0x18: [io  0xd010-0xd017]
Mar 30 11:38:12 kernel: [    0.389448] pci 0000:00:04.0: [80ee:cafe] type 00 class 0x088000
Mar 30 11:38:12 kernel: [    0.390995] pci 0000:00:04.0: reg 0x10: [io  0xd020-0xd03f]
Mar 30 11:38:12 kernel: [    0.392229] pci 0000:00:04.0: reg 0x14: [mem 0xf0400000-0xf07fffff]
Mar 30 11:38:12 kernel: [    0.393186] pci 0000:00:04.0: reg 0x18: [mem 0xf0800000-0xf0803fff pref]
Mar 30 11:38:12 kernel: [    0.397254] pci 0000:00:05.0: [8086:2415] type 00 class 0x040100
Mar 30 11:38:12 kernel: [    0.397377] pci 0000:00:05.0: reg 0x10: [io  0xd100-0xd1ff]
Mar 30 11:38:12 kernel: [    0.397436] pci 0000:00:05.0: reg 0x14: [io  0xd200-0xd23f]
Mar 30 11:38:12 kernel: [    0.397911] pci 0000:00:06.0: [106b:003f] type 00 class 0x0c0310
Mar 30 11:38:12 kernel: [    0.400160] pci 0000:00:06.0: reg 0x10: [mem 0xf0804000-0xf0804fff]
Mar 30 11:38:12 kernel: [    0.407800] pci 0000:00:07.0: [8086:7113] type 00 class 0x068000
Mar 30 11:38:12 kernel: [    0.408380] pci 0000:00:07.0: quirk: [io  0x4000-0x403f] claimed by PIIX4 ACPI
Mar 30 11:38:12 kernel: [    0.408391] pci 0000:00:07.0: quirk: [io  0x4100-0x410f] claimed by PIIX4 SMB
Mar 30 11:38:12 kernel: [    0.408718] pci 0000:00:0b.0: [8086:265c] type 00 class 0x0c0320
Mar 30 11:38:12 kernel: [    0.410273] pci 0000:00:0b.0: reg 0x10: [mem 0xf0805000-0xf0805fff]
Mar 30 11:38:12 kernel: [    0.417841] pci 0000:00:0d.0: [8086:2829] type 00 class 0x010601
Mar 30 11:38:12 kernel: [    0.419190] pci 0000:00:0d.0: reg 0x10: [io  0xd240-0xd247]
Mar 30 11:38:12 kernel: [    0.420280] pci 0000:00:0d.0: reg 0x14: [io  0xd248-0xd24b]
Mar 30 11:38:12 kernel: [    0.421192] pci 0000:00:0d.0: reg 0x18: [io  0xd250-0xd257]
Mar 30 11:38:12 kernel: [    0.422260] pci 0000:00:0d.0: reg 0x1c: [io  0xd258-0xd25b]
Mar 30 11:38:12 kernel: [    0.424270] pci 0000:00:0d.0: reg 0x20: [io  0xd260-0xd26f]
Mar 30 11:38:12 kernel: [    0.425670] pci 0000:00:0d.0: reg 0x24: [mem 0xf0806000-0xf0807fff]
Mar 30 11:38:12 kernel: [    0.428839] ACPI: PCI Interrupt Link [LNKA] (IRQs 5 9 10 *11)
Mar 30 11:38:12 kernel: [    0.429154] ACPI: PCI Interrupt Link [LNKB] (IRQs 5 9 *10 11)
Mar 30 11:38:12 kernel: [    0.429225] ACPI: PCI Interrupt Link [LNKC] (IRQs 5 *9 10 11)
Mar 30 11:38:12 kernel: [    0.429294] ACPI: PCI Interrupt Link [LNKD] (IRQs 5 9 10 *11)
Mar 30 11:38:12 kernel: [    0.430025] pci 0000:00:02.0: vgaarb: setting as boot VGA device
Mar 30 11:38:12 kernel: [    0.430027] pci 0000:00:02.0: vgaarb: VGA device added: decodes=io+mem,owns=io+mem,locks=none
Mar 30 11:38:12 kernel: [    0.430029] pci 0000:00:02.0: vgaarb: bridge control possible
Mar 30 11:38:12 kernel: [    0.430029] vgaarb: loaded
Mar 30 11:38:12 kernel: [    0.430082] pps_core: LinuxPPS API ver. 1 registered
Mar 30 11:38:12 kernel: [    0.430082] pps_core: Software ver. 5.3.6 - Copyright 2005-2007 Rodolfo Giometti <giometti@linux.it>
Mar 30 11:38:12 kernel: [    0.430086] PTP clock support registered
Mar 30 11:38:12 kernel: [    0.430092] EDAC MC: Ver: 3.0.0
Mar 30 11:38:12 kernel: [    0.430333] PCI: Using ACPI for IRQ routing
Mar 30 11:38:12 kernel: [    0.430334] PCI: pci_cache_line_size set to 64 bytes
Mar 30 11:38:12 kernel: [    0.430491] e820: reserve RAM buffer [mem 0x0009fc00-0x0009ffff]
Mar 30 11:38:12 kernel: [    0.430494] e820: reserve RAM buffer [mem 0x7fff0000-0x7fffffff]
Mar 30 11:38:12 kernel: [    0.430637] clocksource: Switched to clocksource kvm-clock
Mar 30 11:38:12 kernel: [    0.436420] VFS: Disk quotas dquot_6.6.0
Mar 30 11:38:12 kernel: [    0.436420] VFS: Dquot-cache hash table entries: 512 (order 0, 4096 bytes)
Mar 30 11:38:12 kernel: [    0.436420] AppArmor: AppArmor Filesystem Enabled
Mar 30 11:38:12 kernel: [    0.436420] pnp: PnP ACPI init
Mar 30 11:38:12 kernel: [    0.436420] pnp 00:00: Plug and Play ACPI device, IDs PNP0303 (active)
Mar 30 11:38:12 kernel: [    0.436760] pnp 00:01: Plug and Play ACPI device, IDs PNP0f03 (active)
Mar 30 11:38:12 kernel: [    0.437234] pnp: PnP ACPI: found 2 devices
Mar 30 11:38:12 kernel: [    0.442628] clocksource: acpi_pm: mask: 0xffffff max_cycles: 0xffffff, max_idle_ns: 2085701024 ns
Mar 30 11:38:12 kernel: [    0.442638] pci_bus 0000:00: resource 4 [io  0x0000-0x0cf7 window]
Mar 30 11:38:12 kernel: [    0.442639] pci_bus 0000:00: resource 5 [io  0x0d00-0xffff window]
Mar 30 11:38:12 kernel: [    0.442640] pci_bus 0000:00: resource 6 [mem 0x000a0000-0x000bffff window]
Mar 30 11:38:12 kernel: [    0.442641] pci_bus 0000:00: resource 7 [mem 0x80000000-0xfdffffff window]
Mar 30 11:38:12 kernel: [    0.442682] NET: Registered protocol family 2
Mar 30 11:38:12 kernel: [    0.442798] tcp_listen_portaddr_hash hash table entries: 1024 (order: 2, 16384 bytes)
Mar 30 11:38:12 kernel: [    0.442804] TCP established hash table entries: 16384 (order: 5, 131072 bytes)
Mar 30 11:38:12 kernel: [    0.442822] TCP bind hash table entries: 16384 (order: 6, 262144 bytes)
Mar 30 11:38:12 kernel: [    0.442842] TCP: Hash tables configured (established 16384 bind 16384)
Mar 30 11:38:12 kernel: [    0.442861] UDP hash table entries: 1024 (order: 3, 32768 bytes)
Mar 30 11:38:12 kernel: [    0.442866] UDP-Lite hash table entries: 1024 (order: 3, 32768 bytes)
Mar 30 11:38:12 kernel: [    0.442890] NET: Registered protocol family 1
Mar 30 11:38:12 kernel: [    0.442894] NET: Registered protocol family 44
Mar 30 11:38:12 kernel: [    0.442915] pci 0000:00:00.0: Limiting direct PCI/PCI transfers
Mar 30 11:38:12 kernel: [    0.442925] pci 0000:00:01.0: Activating ISA DMA hang workarounds
Mar 30 11:38:12 kernel: [    0.442966] pci 0000:00:02.0: Video device with shadowed ROM at [mem 0x000c0000-0x000dffff]
Mar 30 11:38:12 kernel: [    0.444652] PCI: CLS 0 bytes, default 64
Mar 30 11:38:12 kernel: [    0.444694] Unpacking initramfs...
Mar 30 11:38:12 kernel: [    0.768199] Freeing initrd memory: 19148K
Mar 30 11:38:12 kernel: [    0.768199] clocksource: tsc: mask: 0xffffffffffffffff max_cycles: 0x255cb518234, max_idle_ns: 440795279333 ns
Mar 30 11:38:12 kernel: [    0.768199] platform rtc_cmos: registered platform RTC device (no PNP device found)
Mar 30 11:38:12 kernel: [    0.772970] Initialise system trusted keyrings
Mar 30 11:38:12 kernel: [    0.772978] Key type blacklist registered
Mar 30 11:38:12 kernel: [    0.773035] workingset: timestamp_bits=40 max_order=19 bucket_order=0
Mar 30 11:38:12 kernel: [    0.774312] zbud: loaded
Mar 30 11:38:12 kernel: [    0.898174] Key type asymmetric registered
Mar 30 11:38:12 kernel: [    0.898174] Asymmetric key parser 'x509' registered
Mar 30 11:38:12 kernel: [    0.898174] Block layer SCSI generic (bsg) driver version 0.4 loaded (major 247)
Mar 30 11:38:12 kernel: [    0.898174] io scheduler noop registered
Mar 30 11:38:12 kernel: [    0.898174] io scheduler deadline registered
Mar 30 11:38:12 kernel: [    0.898174] io scheduler cfq registered (default)
Mar 30 11:38:12 kernel: [    0.898174] io scheduler mq-deadline registered
Mar 30 11:38:12 kernel: [    0.898174] shpchp: Standard Hot Plug PCI Controller Driver version: 0.4
Mar 30 11:38:12 kernel: [    0.898174] vesafb: mode is 800x600x16, linelength=1600, pages=16
Mar 30 11:38:12 kernel: [    0.898174] vesafb: scrolling: redraw
Mar 30 11:38:12 kernel: [    0.898174] vesafb: Truecolor: size=0:5:6:5, shift=0:11:5:0
Mar 30 11:38:12 kernel: [    0.898174] vesafb: framebuffer at 0xe0000000, mapped to 0x0000000016f950df, using 1875k, total 16384k
Mar 30 11:38:12 kernel: [    0.898174] Console: switching to colour frame buffer device 100x37
Mar 30 11:38:12 kernel: [    0.898174] fb0: VESA VGA frame buffer device
Mar 30 11:38:12 kernel: [    0.904306] Serial: 8250/16550 driver, 4 ports, IRQ sharing enabled
Mar 30 11:38:12 kernel: [    0.904517] Linux agpgart interface v0.103
Mar 30 11:38:12 kernel: [    0.904589] AMD IOMMUv2 driver by Joerg Roedel <jroedel@suse.de>
Mar 30 11:38:12 kernel: [    0.904590] AMD IOMMUv2 functionality not available on this system
Mar 30 11:38:12 kernel: [    0.904689] i8042: PNP: PS/2 Controller [PNP0303:PS2K,PNP0f03:PS2M] at 0x60,0x64 irq 1,12
Mar 30 11:38:12 kernel: [    0.905154] serio: i8042 KBD port at 0x60,0x64 irq 1
Mar 30 11:38:12 kernel: [    0.905190] serio: i8042 AUX port at 0x60,0x64 irq 12
Mar 30 11:38:12 kernel: [    0.905266] mousedev: PS/2 mouse device common for all mice
Mar 30 11:38:12 kernel: [    0.905557] input: AT Translated Set 2 keyboard as /devices/platform/i8042/serio0/input/input0
Mar 30 11:38:12 kernel: [    0.906042] rtc_cmos rtc_cmos: registered as rtc0
Mar 30 11:38:12 kernel: [    0.906053] rtc_cmos rtc_cmos: alarms up to one day, 114 bytes nvram
Mar 30 11:38:12 kernel: [    0.906065] ledtrig-cpu: registered to indicate activity on CPUs
Mar 30 11:38:12 kernel: [    0.906280] NET: Registered protocol family 10
Mar 30 11:38:12 kernel: [    0.908202] Segment Routing with IPv6
Mar 30 11:38:12 kernel: [    0.908202] mip6: Mobile IPv6
Mar 30 11:38:12 kernel: [    0.908202] NET: Registered protocol family 17
Mar 30 11:38:12 kernel: [    0.908202] mpls_gso: MPLS GSO support
Mar 30 11:38:12 kernel: [    0.908202] mce: Using 0 MCE banks
Mar 30 11:38:12 kernel: [    0.908202] sched_clock: Marking stable (902473619, 1728633)->(909228844, -5026592)
Mar 30 11:38:12 kernel: [    0.909523] registered taskstats version 1
Mar 30 11:38:12 kernel: [    0.909523] Loading compiled-in X.509 certificates
Mar 30 11:38:12 kernel: [    0.941185] Loaded X.509 cert 'Debian Secure Boot CA: 6ccece7e4c6c0d1f6149f3dd27dfcc5cbb419ea1'
Mar 30 11:38:12 kernel: [    0.941201] Loaded X.509 cert 'Debian Secure Boot Signer: 00a7468def'
Mar 30 11:38:12 kernel: [    0.941221] zswap: loaded using pool lzo/zbud
Mar 30 11:38:12 kernel: [    0.941276] AppArmor: AppArmor sha1 policy hashing enabled
Mar 30 11:38:12 kernel: [    0.941641] rtc_cmos rtc_cmos: setting system clock to 2020-03-30 11:38:11 UTC (1585568291)
Mar 30 11:38:12 kernel: [    0.942902] Freeing unused kernel image memory: 1592K
Mar 30 11:38:12 kernel: [    0.948239] Write protecting the kernel read-only data: 16384k
Mar 30 11:38:12 kernel: [    0.948730] Freeing unused kernel image memory: 2028K
Mar 30 11:38:12 kernel: [    0.948852] Freeing unused kernel image memory: 776K
Mar 30 11:38:12 kernel: [    0.954149] x86/mm: Checked W+X mappings: passed, no W+X pages found.
Mar 30 11:38:12 kernel: [    0.954150] x86/mm: Checking user space page tables
Mar 30 11:38:12 kernel: [    0.960667] x86/mm: Checked W+X mappings: passed, no W+X pages found.
Mar 30 11:38:12 kernel: [    0.960671] Run /init as init process
Mar 30 11:38:12 kernel: [    1.003957] SCSI subsystem initialized
Mar 30 11:38:12 kernel: [    1.063192] ACPI: bus type USB registered
Mar 30 11:38:12 kernel: [    1.063211] usbcore: registered new interface driver usbfs
Mar 30 11:38:12 kernel: [    1.063217] usbcore: registered new interface driver hub
Mar 30 11:38:12 kernel: [    1.069682] usbcore: registered new device driver usb
Mar 30 11:38:12 kernel: [    1.073527] ehci_hcd: USB 2.0 'Enhanced' Host Controller (EHCI) Driver
Mar 30 11:38:12 kernel: [    1.074887] ehci-pci: EHCI PCI platform driver
Mar 30 11:38:12 kernel: [    1.077272] libata version 3.00 loaded.
Mar 30 11:38:12 kernel: [    1.080260] ahci 0000:00:0d.0: version 3.0
Mar 30 11:38:12 kernel: [    1.081354] ata_piix 0000:00:01.1: version 2.13
Mar 30 11:38:12 kernel: [    1.091460] ohci_hcd: USB 1.1 'Open' Host Controller (OHCI) Driver
Mar 30 11:38:12 kernel: [    1.092077] scsi host0: ata_piix
Mar 30 11:38:12 kernel: [    1.092971] ehci-pci 0000:00:0b.0: EHCI Host Controller
Mar 30 11:38:12 kernel: [    1.092977] ehci-pci 0000:00:0b.0: new USB bus registered, assigned bus number 1
Mar 30 11:38:12 kernel: [    1.093860] ahci 0000:00:0d.0: SSS flag set, parallel bus scan disabled
Mar 30 11:38:12 kernel: [    1.094741] ahci 0000:00:0d.0: AHCI 0001.0100 32 slots 1 ports 3 Gbps 0x1 impl SATA mode
Mar 30 11:38:12 kernel: [    1.094744] ahci 0000:00:0d.0: flags: 64bit ncq stag only ccc 
Mar 30 11:38:12 kernel: [    1.096568] ehci-pci 0000:00:0b.0: irq 19, io mem 0xf0805000
Mar 30 11:38:12 kernel: [    1.100986] scsi host1: ata_piix
Mar 30 11:38:12 kernel: [    1.101035] ata1: PATA max UDMA/33 cmd 0x1f0 ctl 0x3f6 bmdma 0xd000 irq 14
Mar 30 11:38:12 kernel: [    1.101036] ata2: PATA max UDMA/33 cmd 0x170 ctl 0x376 bmdma 0xd008 irq 15
Mar 30 11:38:12 kernel: [    1.107652] scsi host2: ahci
Mar 30 11:38:12 kernel: [    1.107752] ata3: SATA max UDMA/133 abar m8192@0xf0806000 port 0xf0806100 irq 21
Mar 30 11:38:12 kernel: [    1.112196] ehci-pci 0000:00:0b.0: USB 2.0 started, EHCI 1.00
Mar 30 11:38:12 kernel: [    1.112324] usb usb1: New USB device found, idVendor=1d6b, idProduct=0002, bcdDevice= 4.19
Mar 30 11:38:12 kernel: [    1.112326] usb usb1: New USB device strings: Mfr=3, Product=2, SerialNumber=1
Mar 30 11:38:12 kernel: [    1.112328] usb usb1: Product: EHCI Host Controller
Mar 30 11:38:12 kernel: [    1.112329] usb usb1: Manufacturer: Linux 4.19.0-8-amd64 ehci_hcd
Mar 30 11:38:12 kernel: [    1.112330] usb usb1: SerialNumber: 0000:00:0b.0
Mar 30 11:38:12 kernel: [    1.112455] hub 1-0:1.0: USB hub found
Mar 30 11:38:12 kernel: [    1.112461] hub 1-0:1.0: 12 ports detected
Mar 30 11:38:12 kernel: [    1.113527] ohci-pci: OHCI PCI platform driver
Mar 30 11:38:12 kernel: [    1.114042] ohci-pci 0000:00:06.0: OHCI PCI host controller
Mar 30 11:38:12 kernel: [    1.114049] ohci-pci 0000:00:06.0: new USB bus registered, assigned bus number 2
Mar 30 11:38:12 kernel: [    1.114111] ohci-pci 0000:00:06.0: irq 22, io mem 0xf0804000
Mar 30 11:38:12 kernel: [    1.173719] usb usb2: New USB device found, idVendor=1d6b, idProduct=0001, bcdDevice= 4.19
Mar 30 11:38:12 kernel: [    1.173724] usb usb2: New USB device strings: Mfr=3, Product=2, SerialNumber=1
Mar 30 11:38:12 kernel: [    1.173727] usb usb2: Product: OHCI PCI host controller
Mar 30 11:38:12 kernel: [    1.173754] usb usb2: Manufacturer: Linux 4.19.0-8-amd64 ohci_hcd
Mar 30 11:38:12 kernel: [    1.173761] usb usb2: SerialNumber: 0000:00:06.0
Mar 30 11:38:12 kernel: [    1.174420] hub 2-0:1.0: USB hub found
Mar 30 11:38:12 kernel: [    1.174613] hub 2-0:1.0: 12 ports detected
Mar 30 11:38:12 kernel: [    1.264831] ata2.00: ATAPI: VBOX CD-ROM, 1.0, max UDMA/133
Mar 30 11:38:12 kernel: [    1.266527] scsi 1:0:0:0: CD-ROM            VBOX     CD-ROM           1.0  PQ: 0 ANSI: 5
Mar 30 11:38:12 kernel: [    1.423287] ata3: SATA link up 3.0 Gbps (SStatus 123 SControl 300)
Mar 30 11:38:12 kernel: [    1.423383] ata3.00: ATA-6: VBOX HARDDISK, 1.0, max UDMA/133
Mar 30 11:38:12 kernel: [    1.423385] ata3.00: 20971520 sectors, multi 128: LBA48 NCQ (depth 32)
Mar 30 11:38:12 kernel: [    1.423480] ata3.00: configured for UDMA/133
Mar 30 11:38:12 kernel: [    1.423609] scsi 2:0:0:0: Direct-Access     ATA      VBOX HARDDISK    1.0  PQ: 0 ANSI: 5
Mar 30 11:38:12 kernel: [    1.432806] sd 2:0:0:0: [sda] 20971520 512-byte logical blocks: (10.7 GB/10.0 GiB)
Mar 30 11:38:12 kernel: [    1.432813] sd 2:0:0:0: [sda] Write Protect is off
Mar 30 11:38:12 kernel: [    1.432814] sd 2:0:0:0: [sda] Mode Sense: 00 3a 00 00
Mar 30 11:38:12 kernel: [    1.432821] sd 2:0:0:0: [sda] Write cache: enabled, read cache: enabled, doesn't support DPO or FUA
Mar 30 11:38:12 kernel: [    1.434332] sr 1:0:0:0: [sr0] scsi3-mmc drive: 32x/32x xa/form2 tray
Mar 30 11:38:12 kernel: [    1.434334] cdrom: Uniform CD-ROM driver Revision: 3.20
Mar 30 11:38:12 kernel: [    1.434473] sd 2:0:0:0: [sda] Attached SCSI disk
Mar 30 11:38:12 kernel: [    1.435625] sr 1:0:0:0: Attached scsi CD-ROM sr0
Mar 30 11:38:12 kernel: [    1.634220] usb 2-1: new full-speed USB device number 2 using ohci-pci
Mar 30 11:38:12 entropy-source: haveged not needed: rdrand CPU flag detected
Mar 30 11:38:12 reopen-console: Looking at console tty0 from /proc/consoles
Mar 30 11:38:12 reopen-console:    Adding tty0 to consoles list
Mar 30 11:38:12 reopen-console:    tty0 is preferred
Mar 30 11:38:12 reopen-console: Adding inittab entry for tty0
Mar 30 11:38:12 reopen-console: Restarting init to start d-i on the consoles we found
Mar 30 11:38:12 init: reloading /etc/inittab
Mar 30 11:38:12 init: starting pid 204, tty '/dev/tty4': '/usr/bin/tail -f /var/log/syslog'
Mar 30 11:38:12 init: starting pid 205, tty '/dev/tty0': '/sbin/debian-installer'
Mar 30 11:38:12 kernel: [    1.977372] usb 2-1: New USB device found, idVendor=80ee, idProduct=0021, bcdDevice= 1.00
Mar 30 11:38:12 kernel: [    1.977373] usb 2-1: New USB device strings: Mfr=1, Product=3, SerialNumber=0
Mar 30 11:38:12 kernel: [    1.977374] usb 2-1: Product: USB Tablet
Mar 30 11:38:12 kernel: [    1.977375] usb 2-1: Manufacturer: VirtualBox
Mar 30 11:38:12 kernel: [    1.994283] hidraw: raw HID events driver (C) Jiri Kosina
Mar 30 11:38:12 kernel: [    2.007285] usbcore: registered new interface driver usbhid
Mar 30 11:38:12 kernel: [    2.007286] usbhid: USB HID core driver
Mar 30 11:38:12 kernel: [    2.008586] input: VirtualBox USB Tablet as /devices/pci0000:00/0000:00:06.0/usb2/2-1/2-1:1.0/0003:80EE:0021.0001/input/input2
Mar 30 11:38:12 kernel: [    2.008823] hid-generic 0003:80EE:0021.0001: input,hidraw0: USB HID v1.10 Mouse [VirtualBox USB Tablet] on usb-0000:00:06.0-1/input0
Mar 30 11:38:12 debconf: Setting debconf/language to en
Mar 30 11:38:12 main-menu[221]: INFO: Falling back to the package description for brltty-udeb
Mar 30 11:38:12 main-menu[221]: INFO: Menu item 'localechooser' selected
Mar 30 11:38:12 debconf: Setting debconf/language to en
Mar 30 11:38:23 localechooser: info: Language = 'es'
Mar 30 11:38:23 localechooser: info: line=es;1;ES;es_ES.UTF-8;;console-setup
Mar 30 11:38:23 localechooser: info: Set debian-installer/language = 'es'
Mar 30 11:38:23 localechooser: info: Default country = 'ES'
Mar 30 11:38:23 localechooser: info: Default locale = 'es_ES.UTF-8'
Mar 30 11:38:23 localechooser: info: Set debian-installer/consoledisplay = 'console-setup'
Mar 30 11:38:23 debconf: Setting debconf/language to es
Mar 30 11:38:28 localechooser: info: Set debian-installer/country = 'AR'
Mar 30 11:38:28 localechooser: info: Set debian-installer/locale = 'es_AR.UTF-8'
Mar 30 11:38:28 localechooser: info: System locale (debian-installer/locale) = 'es_AR.UTF-8'
Mar 30 11:38:28 localechooser: info: Set debian-installer/language = 'es_AR:es'
Mar 30 11:38:28 debconf: Setting debconf/language to es_AR:es
Mar 30 11:38:28 main-menu[221]: INFO: Falling back to the package description for brltty-udeb
Mar 30 11:38:28 main-menu[221]: INFO: Falling back to the package description for brltty-udeb
Mar 30 11:38:28 main-menu[221]: INFO: Falling back to the package description for brltty-udeb
Mar 30 11:38:28 main-menu[221]: INFO: Menu item 'brltty-udeb' selected
Mar 30 11:38:28 main-menu[221]: WARNING **: Unable to set title for brltty-udeb.
Mar 30 11:38:28 main-menu[221]: INFO: Falling back to the package description for brltty-udeb
Mar 30 11:38:28 main-menu[221]: INFO: Falling back to the package description for brltty-udeb
Mar 30 11:38:28 main-menu[221]: INFO: Menu item 'console-setup-udeb' selected
Mar 30 11:45:45 main-menu[221]: (process:1198): setupcon: gzip is not accessible. Will not save cached keyboard map.
Mar 30 11:45:45 main-menu[221]: (process:1198): setupcon: gzip is not accessible. Will not save cached keyboard map.
Mar 30 11:45:45 main-menu[221]: (process:1198): setupcon: gzip is not accessible. Will not save cached keyboard map.
Mar 30 11:45:45 main-menu[221]: (process:1198): setupcon: gzip is not accessible. Will not save cached keyboard map.
Mar 30 11:45:45 main-menu[221]: (process:1198): /bin/setupcon: line 722: can't create /etc/console-setup/cached_setup_keyboard.sh: nonexistent directory
Mar 30 11:45:45 main-menu[221]: (process:1198): /bin/setupcon: line 730: can't create /etc/console-setup/cached_setup_font.sh: nonexistent directory
Mar 30 11:45:45 main-menu[221]: (process:1198): /bin/setupcon: line 748: can't create /etc/console-setup/cached_setup_terminal.sh: nonexistent directory
Mar 30 11:45:45 main-menu[221]: (process:1198): chmod: /etc/console-setup/cached_setup_keyboard.sh: No such file or directory
Mar 30 11:45:45 main-menu[221]: (process:1198): chmod: /etc/console-setup/cached_setup_font.sh: No such file or directory
Mar 30 11:45:45 main-menu[221]: (process:1198): chmod: /etc/console-setup/cached_setup_terminal.sh: No such file or directory
Mar 30 11:45:45 main-menu[221]: INFO: Falling back to the package description for brltty-udeb
Mar 30 11:45:45 main-menu[221]: INFO: Falling back to the package description for brltty-udeb
Mar 30 11:45:45 main-menu[221]: INFO: Menu item 'cdrom-detect' selected
Mar 30 11:45:45 net/hw-detect.hotplug: Detected hotpluggable network interface lo
Mar 30 11:45:45 hw-detect: Detected module 'usb-storage' for 'USB storage'
Mar 30 11:45:45 hw-detect: insmod /lib/modules/4.19.0-8-amd64/kernel/drivers/usb/storage/usb-storage.ko 
Mar 30 11:45:45 kernel: [  454.709937] usbcore: registered new interface driver usb-storage
Mar 30 11:45:45 apt-install: Queueing package udev for later installation
Mar 30 11:45:45 apt-install: Queueing package pciutils for later installation
Mar 30 11:45:45 apt-install: Queueing package usbutils for later installation
Mar 30 11:45:45 apt-install: Queueing package eject for later installation
Mar 30 11:45:46 check-missing-firmware: looking at dmesg for the first time
Mar 30 11:45:46 check-missing-firmware: saving timestamp for a later use: [  454.709937]
Mar 30 11:45:46 check-missing-firmware: /dev/.udev/firmware-missing does not exist, skipping
Mar 30 11:45:46 check-missing-firmware: /run/udev/firmware-missing does not exist, skipping
Mar 30 11:45:46 check-missing-firmware: no missing firmware in loaded kernel modules
Mar 30 11:45:46 cdrom-detect: Searching for Debian installation media...
Mar 30 11:45:46 cdrom-detect: Devices: '/dev/sr0'
Mar 30 11:45:46 kernel: [  455.948009] ISO 9660 Extensions: Microsoft Joliet Level 3
Mar 30 11:45:46 cdrom-detect: CD-ROM mount succeeded: device=/dev/sr0 fstype=iso9660
Mar 30 11:45:46 kernel: [  455.949948] ISO 9660 Extensions: RRIP_1991A
Mar 30 11:45:46 cdrom-detect: Detected CD 'Debian GNU/Linux 10.3.0 "Buster" - Official amd64 DVD Binary-1 20200208-12:08'
Mar 30 11:45:47 cdrom-detect: Detected CD with 'stable' (buster) distribution
Mar 30 11:45:47 anna-install: Queueing udeb eject-udeb for later installation
Mar 30 11:45:47 anna-install: Queueing udeb apt-mirror-setup for later installation
Mar 30 11:45:47 anna-install: Queueing udeb apt-cdrom-setup for later installation
Mar 30 11:45:47 anna-install: Queueing udeb buster-support for later installation
Mar 30 11:45:47 main-menu[221]: INFO: Falling back to the package description for brltty-udeb
Mar 30 11:45:47 main-menu[221]: INFO: Falling back to the package description for brltty-udeb
Mar 30 11:45:47 main-menu[221]: INFO: Menu item 'load-cdrom' selected
Mar 30 11:45:47 cdrom-retriever: warning: File /cdrom/dists/buster/main/debian-installer/binary-amd64/Packages does not exist.
Mar 30 11:45:47 cdrom-retriever: warning: Unable to find contrib/debian-installer/binary-amd64/Packages in /cdrom/dists/buster/Release.
Mar 30 11:45:47 cdrom-retriever: warning: Unable to find contrib/debian-installer/binary-amd64/Packages.gz in /cdrom/dists/buster/Release.
Mar 30 11:45:47 anna[1964]: DEBUG: resolver (fat-modules): package doesn't exist (ignored)
Mar 30 11:45:47 anna[1964]: DEBUG: resolver (scsi-modules): package doesn't exist (ignored)
Mar 30 11:45:47 anna[1964]: DEBUG: resolver (fat-modules): package doesn't exist (ignored)
Mar 30 11:45:47 anna[1964]: DEBUG: resolver (scsi-modules): package doesn't exist (ignored)
Mar 30 11:45:47 anna[1964]: DEBUG: retrieving apt-cdrom-setup 1:0.151~deb10u1
Mar 30 11:45:47 anna[1964]: DEBUG: retrieving apt-mirror-setup 1:0.151~deb10u1
Mar 30 11:45:47 anna[1964]: DEBUG: retrieving apt-setup-udeb 1:0.151~deb10u1
Mar 30 11:45:47 anna[1964]: DEBUG: retrieving base-installer 1.189
Mar 30 11:45:47 anna[1964]: DEBUG: retrieving bootstrap-base 1.189
Mar 30 11:45:48 anna[1964]: DEBUG: retrieving btrfs-progs-udeb 4.20.1-2
Mar 30 11:45:48 anna[1964]: DEBUG: retrieving choose-mirror-bin 2.99
Mar 30 11:45:48 anna[1964]: DEBUG: retrieving clock-setup 0.141
Mar 30 11:45:48 anna[1964]: DEBUG: retrieving debian-archive-keyring-udeb 2019.1
Mar 30 11:45:48 anna[1964]: DEBUG: retrieving di-utils-mapdevfs 1.132
Mar 30 11:45:48 anna[1964]: DEBUG: retrieving debootstrap-udeb 1.0.114
Mar 30 11:45:48 anna[1964]: DEBUG: retrieving dmidecode-udeb 3.2-1
Mar 30 11:45:48 anna[1964]: DEBUG: retrieving dosfstools-udeb 4.1-2
Mar 30 11:45:48 anna[1964]: DEBUG: retrieving e2fsprogs-udeb 1.44.5-1+deb10u3
Mar 30 11:45:48 anna[1964]: DEBUG: retrieving eject-udeb 2.1.5+deb1+cvs20081104-13.2
Mar 30 11:45:48 anna[1964]: DEBUG: retrieving finish-install 2.100
Mar 30 11:45:49 anna[1964]: DEBUG: retrieving fuse-udeb 2.9.9-1
Mar 30 11:45:49 anna[1964]: DEBUG: retrieving libfuse2-udeb 2.9.9-1
Mar 30 11:45:49 anna[1964]: DEBUG: retrieving gpgv-udeb 2.2.12-1+deb10u1
Mar 30 11:45:49 anna[1964]: DEBUG: retrieving grub-installer 1.165
Mar 30 11:45:49 anna[1964]: DEBUG: retrieving grub-mount-udeb 2.02+dfsg1-20
Mar 30 11:45:49 anna[1964]: DEBUG: retrieving disk-detect 1.137
Mar 30 11:45:49 anna[1964]: DEBUG: retrieving ethdetect 1.137
Mar 30 11:45:50 anna[1964]: DEBUG: retrieving jfsutils-udeb 1.1.15-4
Mar 30 11:45:50 anna[1964]: DEBUG: retrieving kickseed-common 0.63
Mar 30 11:45:50 anna[1964]: DEBUG: retrieving libbsd0-udeb 0.9.1-2
Mar 30 11:45:50 anna[1964]: DEBUG: retrieving libgcrypt20-udeb 1.8.4-5
Mar 30 11:45:50 anna[1964]: DEBUG: retrieving libgpg-error0-udeb 1.35-1
Mar 30 11:45:50 anna[1964]: DEBUG: retrieving libnl-3-200-udeb 3.4.0-1
Mar 30 11:45:50 anna[1964]: DEBUG: retrieving libnl-genl-3-200-udeb 3.4.0-1
Mar 30 11:45:50 anna[1964]: DEBUG: retrieving libzstd1-udeb 1.3.8+dfsg-3
Mar 30 11:45:50 anna[1964]: DEBUG: retrieving btrfs-modules-4.19.0-8-amd64-di 4.19.98-1
Mar 30 11:45:50 anna[1964]: DEBUG: retrieving compress-modules-4.19.0-8-amd64-di 4.19.98-1
Mar 30 11:45:50 anna[1964]: DEBUG: retrieving crypto-modules-4.19.0-8-amd64-di 4.19.98-1
Mar 30 11:45:50 anna[1964]: DEBUG: retrieving efi-modules-4.19.0-8-amd64-di 4.19.98-1
Mar 30 11:45:50 anna[1964]: DEBUG: retrieving ext4-modules-4.19.0-8-amd64-di 4.19.98-1
Mar 30 11:45:50 anna[1964]: DEBUG: retrieving jfs-modules-4.19.0-8-amd64-di 4.19.98-1
Mar 30 11:45:50 anna[1964]: DEBUG: retrieving loop-modules-4.19.0-8-amd64-di 4.19.98-1
Mar 30 11:45:50 anna[1964]: DEBUG: retrieving md-modules-4.19.0-8-amd64-di 4.19.98-1
Mar 30 11:45:50 anna[1964]: DEBUG: retrieving mtd-core-modules-4.19.0-8-amd64-di 4.19.98-1
Mar 30 11:45:50 anna[1964]: DEBUG: retrieving nic-modules-4.19.0-8-amd64-di 4.19.98-1
Mar 30 11:45:51 anna[1964]: DEBUG: retrieving nic-pcmcia-modules-4.19.0-8-amd64-di 4.19.98-1
Mar 30 11:45:51 anna[1964]: DEBUG: retrieving nic-shared-modules-4.19.0-8-amd64-di 4.19.98-1
Mar 30 11:45:51 anna[1964]: DEBUG: retrieving nic-usb-modules-4.19.0-8-amd64-di 4.19.98-1
Mar 30 11:45:51 anna[1964]: DEBUG: retrieving nic-wireless-modules-4.19.0-8-amd64-di 4.19.98-1
Mar 30 11:45:51 anna[1964]: DEBUG: retrieving xfs-modules-4.19.0-8-amd64-di 4.19.98-1
Mar 30 11:45:52 anna[1964]: DEBUG: retrieving libdevmapper1.02.1-udeb 2:1.02.155-3
Mar 30 11:45:52 anna[1964]: DEBUG: retrieving liblzo2-2-udeb 2.10-0.1
Mar 30 11:45:52 anna[1964]: DEBUG: retrieving mdadm-udeb 4.1-1
Mar 30 11:45:52 anna[1964]: DEBUG: retrieving ndisc6-udeb 1.0.4-1
Mar 30 11:45:52 anna[1964]: DEBUG: retrieving rdnssd-udeb 1.0.4-1
Mar 30 11:45:52 anna[1964]: DEBUG: retrieving netcfg 1.160
Mar 30 11:45:52 anna[1964]: DEBUG: retrieving nobootloader 1.56
Mar 30 11:45:52 anna[1964]: DEBUG: retrieving ntfs-3g-udeb 1:2017.3.23AR.3-3
Mar 30 11:45:52 anna[1964]: DEBUG: retrieving open-iscsi-udeb 2.0.874-7.1
Mar 30 11:45:52 anna[1964]: DEBUG: retrieving libisns-nocrypto0-udeb 0.97-3
Mar 30 11:45:52 anna[1964]: DEBUG: retrieving os-prober-udeb 1.77
Mar 30 11:45:52 anna[1964]: DEBUG: retrieving libparted-fs-resize0-udeb 3.2-25
Mar 30 11:45:52 anna[1964]: DEBUG: retrieving libparted2-udeb 3.2-25
Mar 30 11:45:53 anna[1964]: DEBUG: retrieving partman-auto 149
Mar 30 11:45:53 anna[1964]: DEBUG: retrieving partman-auto-raid 41
Mar 30 11:45:53 anna[1964]: DEBUG: retrieving partman-base 208
Mar 30 11:45:53 anna[1964]: DEBUG: retrieving partman-utils 208
Mar 30 11:45:53 anna[1964]: DEBUG: retrieving partman-basicfilesystems 148
Mar 30 11:45:54 anna[1964]: DEBUG: retrieving partman-basicmethods 69
Mar 30 11:45:54 anna[1964]: DEBUG: retrieving partman-btrfs 49
Mar 30 11:45:55 anna[1964]: DEBUG: retrieving partman-efi 80
Mar 30 11:45:55 anna[1964]: DEBUG: retrieving partman-ext3 103
Mar 30 11:45:55 anna[1964]: DEBUG: retrieving partman-iscsi 61
Mar 30 11:45:56 anna[1964]: DEBUG: retrieving partman-jfs 57
Mar 30 11:45:56 anna[1964]: DEBUG: retrieving partman-md 90
Mar 30 11:45:57 anna[1964]: DEBUG: retrieving partman-partitioning 130
Mar 30 11:45:57 anna[1964]: DEBUG: retrieving partman-target 115
Mar 30 11:45:58 anna[1964]: DEBUG: retrieving partman-xfs 66
Mar 30 11:45:58 anna[1964]: DEBUG: retrieving pkgsel 0.66
Mar 30 11:45:58 anna[1964]: DEBUG: retrieving network-preseed 1.102
Mar 30 11:45:59 anna[1964]: DEBUG: retrieving rdate-udeb 1:1.2-6
Mar 30 11:45:59 anna[1964]: DEBUG: retrieving tzsetup-udeb 1:0.111
Mar 30 11:45:59 anna[1964]: DEBUG: retrieving user-setup-udeb 1.81
Mar 30 11:46:00 anna[1964]: DEBUG: retrieving wide-dhcpv6-client-udeb 20080615-22
Mar 30 11:46:00 anna[1964]: DEBUG: retrieving libiw30-udeb 30~pre9-13
Mar 30 11:46:00 anna[1964]: DEBUG: retrieving wpasupplicant-udeb 2:2.7+git20190128+0c1e29f-6+deb10u1
Mar 30 11:46:00 anna[1964]: DEBUG: retrieving xfsprogs-udeb 4.20.0-1
Mar 30 11:46:01 main-menu[221]: INFO: Falling back to the package description for brltty-udeb
Mar 30 11:46:01 main-menu[221]: INFO: Falling back to the package description for brltty-udeb
Mar 30 11:46:01 main-menu[221]: INFO: Menu item 'ethdetect' selected
Mar 30 11:46:01 kernel: [  471.035211] e1000: Intel(R) PRO/1000 Network Driver - version 7.3.21-k8-NAPI
Mar 30 11:46:01 kernel: [  471.035213] e1000: Copyright (c) 1999-2006 Intel Corporation.
Mar 30 11:46:01 net/hw-detect.hotplug: Detected hotpluggable network interface lo
Mar 30 11:46:02 kernel: [  471.455999] e1000 0000:00:03.0 eth0: (PCI:33MHz:32-bit) 08:00:27:ec:98:dc
Mar 30 11:46:02 kernel: [  471.456004] e1000 0000:00:03.0 eth0: Intel(R) PRO/1000 Network Connection
Mar 30 11:46:02 kernel: [  471.456962] e1000 0000:00:03.0 enp0s3: renamed from eth0
Mar 30 11:46:02 net/hw-detect.hotplug: Detected hotpluggable network interface enp0s3
Mar 30 11:46:03 check-missing-firmware: looking at dmesg again, restarting from \[  454.709937\]
Mar 30 11:46:03 check-missing-firmware: timestamp found, truncating dmesg accordingly
Mar 30 11:46:03 check-missing-firmware: saving timestamp for a later use: [  471.456962]
Mar 30 11:46:03 check-missing-firmware: /dev/.udev/firmware-missing does not exist, skipping
Mar 30 11:46:03 check-missing-firmware: /run/udev/firmware-missing does not exist, skipping
Mar 30 11:46:03 check-missing-firmware: no missing firmware in loaded kernel modules
Mar 30 11:46:03 check-missing-firmware: taking network interface enp0s3 up/down
Mar 30 11:46:03 kernel: [  472.723223] IPv6: ADDRCONF(NETDEV_UP): enp0s3: link is not ready
Mar 30 11:46:04 check-missing-firmware: looking at dmesg again, restarting from \[  471.456962\]
Mar 30 11:46:04 check-missing-firmware: timestamp found, truncating dmesg accordingly
Mar 30 11:46:04 check-missing-firmware: saving timestamp for a later use: [  472.723223]
Mar 30 11:46:04 check-missing-firmware: /dev/.udev/firmware-missing does not exist, skipping
Mar 30 11:46:04 check-missing-firmware: /run/udev/firmware-missing does not exist, skipping
Mar 30 11:46:04 check-missing-firmware: no missing firmware in loaded kernel modules
Mar 30 11:46:04 main-menu[221]: INFO: Falling back to the package description for brltty-udeb
Mar 30 11:46:04 main-menu[221]: INFO: Falling back to the package description for brltty-udeb
Mar 30 11:46:04 main-menu[221]: INFO: Menu item 'netcfg' selected
Mar 30 11:46:04 netcfg[3790]: INFO: Starting netcfg v.1.160
Mar 30 11:46:04 netcfg[3790]: WARNING **: Couldn't read Wpasupplicant pid file, not trying to kill.
Mar 30 11:46:04 netcfg[3790]: INFO: Could not find valid BOOTIF= entry in /proc/cmdline
Mar 30 11:46:04 netcfg[3790]: INFO: Taking down interface enp0s3
Mar 30 11:46:04 netcfg[3790]: INFO: Taking down interface lo
Mar 30 11:46:04 netcfg[3790]: INFO: Activating interface enp0s3
Mar 30 11:46:04 netcfg[3790]: DEBUG: State is now 0
Mar 30 11:46:04 netcfg[3790]: DEBUG: Want link on enp0s3
Mar 30 11:46:04 netcfg[3790]: INFO: Waiting time set to 3
Mar 30 11:46:04 kernel: [  474.393302] IPv6: ADDRCONF(NETDEV_UP): enp0s3: link is not ready
Mar 30 11:46:05 netcfg[3790]: INFO: ethtool-lite: enp0s3: carrier down
Mar 30 11:46:05 netcfg[3790]: INFO: ethtool-lite: enp0s3: carrier down
Mar 30 11:46:05 netcfg[3790]: INFO: ethtool-lite: enp0s3: carrier down
Mar 30 11:46:05 netcfg[3790]: INFO: ethtool-lite: enp0s3: carrier down
Mar 30 11:46:06 netcfg[3790]: INFO: ethtool-lite: enp0s3: carrier down
Mar 30 11:46:06 netcfg[3790]: INFO: ethtool-lite: enp0s3: carrier down
Mar 30 11:46:06 netcfg[3790]: INFO: ethtool-lite: enp0s3: carrier down
Mar 30 11:46:06 netcfg[3790]: INFO: ethtool-lite: enp0s3: carrier down
Mar 30 11:46:06 kernel: [  476.432918] e1000: enp0s3 NIC Link is Up 1000 Mbps Full Duplex, Flow Control: RX
Mar 30 11:46:06 kernel: [  476.433603] IPv6: ADDRCONF(NETDEV_CHANGE): enp0s3: link becomes ready
Mar 30 11:46:07 netcfg[3790]: INFO: ethtool-lite: enp0s3: carrier up
Mar 30 11:46:07 netcfg[3790]: INFO: Found link on enp0s3
Mar 30 11:46:07 netcfg[3790]: DEBUG: Commencing network autoconfiguration on enp0s3
Mar 30 11:46:07 netcfg[3790]: DEBUG: rdnssd started; PID: 3800
Mar 30 11:46:07 netcfg[3790]: DEBUG: nc_v6_interface_configured(enp0s3, scope local)
Mar 30 11:46:07 netcfg[3790]: DEBUG: Running ip addr show enp0s3 to look for address
Mar 30 11:46:07 netcfg[3790]: DEBUG: ip line: 2: enp0s3: <BROADCAST,MULTICAST,UP,LOWER_UP> mtu 1500 qdisc pfifo_fast qlen 1000
Mar 30 11:46:07 netcfg[3790]: DEBUG: ip line:     link/ether 08:00:27:ec:98:dc brd ff:ff:ff:ff:ff:ff
Mar 30 11:46:07 netcfg[3790]: DEBUG: ip line:     inet6 fe80::a00:27ff:feec:98dc/64 scope link tentative 
Mar 30 11:46:07 netcfg[3790]: DEBUG: ip line:        valid_lft forever preferred_lft forever
Mar 30 11:46:07 netcfg[3790]: DEBUG: nc_v6_interface_configured(enp0s3, scope local)
Mar 30 11:46:07 netcfg[3790]: DEBUG: Running ip addr show enp0s3 to look for address
Mar 30 11:46:07 netcfg[3790]: DEBUG: ip line: 2: enp0s3: <BROADCAST,MULTICAST,UP,LOWER_UP> mtu 1500 qdisc pfifo_fast qlen 1000
Mar 30 11:46:07 netcfg[3790]: DEBUG: ip line:     link/ether 08:00:27:ec:98:dc brd ff:ff:ff:ff:ff:ff
Mar 30 11:46:07 netcfg[3790]: DEBUG: ip line:     inet6 fe80::a00:27ff:feec:98dc/64 scope link tentative 
Mar 30 11:46:07 netcfg[3790]: DEBUG: ip line:        valid_lft forever preferred_lft forever
Mar 30 11:46:07 netcfg[3790]: DEBUG: nc_v6_interface_configured(enp0s3, scope local)
Mar 30 11:46:07 netcfg[3790]: DEBUG: Running ip addr show enp0s3 to look for address
Mar 30 11:46:07 netcfg[3790]: DEBUG: ip line: 2: enp0s3: <BROADCAST,MULTICAST,UP,LOWER_UP> mtu 1500 qdisc pfifo_fast qlen 1000
Mar 30 11:46:07 netcfg[3790]: DEBUG: ip line:     link/ether 08:00:27:ec:98:dc brd ff:ff:ff:ff:ff:ff
Mar 30 11:46:07 netcfg[3790]: DEBUG: ip line:     inet6 fe80::a00:27ff:feec:98dc/64 scope link tentative 
Mar 30 11:46:07 netcfg[3790]: DEBUG: ip line:        valid_lft forever preferred_lft forever
Mar 30 11:46:08 netcfg[3790]: DEBUG: nc_v6_interface_configured(enp0s3, scope local)
Mar 30 11:46:08 netcfg[3790]: DEBUG: Running ip addr show enp0s3 to look for address
Mar 30 11:46:08 netcfg[3790]: DEBUG: ip line: 2: enp0s3: <BROADCAST,MULTICAST,UP,LOWER_UP> mtu 1500 qdisc pfifo_fast qlen 1000
Mar 30 11:46:08 netcfg[3790]: DEBUG: ip line:     link/ether 08:00:27:ec:98:dc brd ff:ff:ff:ff:ff:ff
Mar 30 11:46:08 netcfg[3790]: DEBUG: ip line:     inet6 fe80::a00:27ff:feec:98dc/64 scope link tentative 
Mar 30 11:46:08 netcfg[3790]: DEBUG: ip line:        valid_lft forever preferred_lft forever
Mar 30 11:46:08 netcfg[3790]: DEBUG: nc_v6_interface_configured(enp0s3, scope local)
Mar 30 11:46:08 netcfg[3790]: DEBUG: Running ip addr show enp0s3 to look for address
Mar 30 11:46:08 netcfg[3790]: DEBUG: ip line: 2: enp0s3: <BROADCAST,MULTICAST,UP,LOWER_UP> mtu 1500 qdisc pfifo_fast qlen 1000
Mar 30 11:46:08 netcfg[3790]: DEBUG: ip line:     link/ether 08:00:27:ec:98:dc brd ff:ff:ff:ff:ff:ff
Mar 30 11:46:08 netcfg[3790]: DEBUG: ip line:     inet6 fe80::a00:27ff:feec:98dc/64 scope link tentative 
Mar 30 11:46:08 netcfg[3790]: DEBUG: ip line:        valid_lft forever preferred_lft forever
Mar 30 11:46:08 netcfg[3790]: DEBUG: nc_v6_interface_configured(enp0s3, scope local)
Mar 30 11:46:08 netcfg[3790]: DEBUG: Running ip addr show enp0s3 to look for address
Mar 30 11:46:08 netcfg[3790]: DEBUG: ip line: 2: enp0s3: <BROADCAST,MULTICAST,UP,LOWER_UP> mtu 1500 qdisc pfifo_fast qlen 1000
Mar 30 11:46:08 netcfg[3790]: DEBUG: ip line:     link/ether 08:00:27:ec:98:dc brd ff:ff:ff:ff:ff:ff
Mar 30 11:46:08 netcfg[3790]: DEBUG: ip line:     inet6 fe80::a00:27ff:feec:98dc/64 scope link tentative 
Mar 30 11:46:08 netcfg[3790]: DEBUG: ip line:        valid_lft forever preferred_lft forever
Mar 30 11:46:09 netcfg[3790]: DEBUG: nc_v6_interface_configured(enp0s3, scope local)
Mar 30 11:46:09 netcfg[3790]: DEBUG: Running ip addr show enp0s3 to look for address
Mar 30 11:46:09 netcfg[3790]: DEBUG: ip line: 2: enp0s3: <BROADCAST,MULTICAST,UP,LOWER_UP> mtu 1500 qdisc pfifo_fast qlen 1000
Mar 30 11:46:09 netcfg[3790]: DEBUG: ip line:     link/ether 08:00:27:ec:98:dc brd ff:ff:ff:ff:ff:ff
Mar 30 11:46:09 netcfg[3790]: DEBUG: ip line:     inet6 fe80::a00:27ff:feec:98dc/64 scope link 
Mar 30 11:46:09 netcfg[3790]: DEBUG: Configured address found
Mar 30 11:46:09 netcfg[3790]: DEBUG: ip line:        valid_lft forever preferred_lft forever
Mar 30 11:46:09 netcfg[3790]: DEBUG: Running rdisc6 -1 -r 1 -w 500 -n enp0s3 to get IPv6 config flags
Mar 30 11:46:09 netcfg[3790]: DEBUG: rdisc6 line: Soliciting ff02::2 (ff02::2) on enp0s3...
Mar 30 11:46:09 netcfg[3790]: DEBUG: rdisc6 line: Timed out.
Mar 30 11:46:09 netcfg[3790]: DEBUG: rdisc6 line: No response.
Mar 30 11:46:09 netcfg[3790]: DEBUG: rdisc6 parsing finished
Mar 30 11:46:10 netcfg[3790]: DEBUG: rdisc6 line: Soliciting ff02::2 (ff02::2) on enp0s3...
Mar 30 11:46:10 netcfg[3790]: DEBUG: rdisc6 line: Timed out.
Mar 30 11:46:10 netcfg[3790]: DEBUG: rdisc6 line: No response.
Mar 30 11:46:10 netcfg[3790]: DEBUG: rdisc6 parsing finished
Mar 30 11:46:10 netcfg[3790]: DEBUG: rdisc6 line: Soliciting ff02::2 (ff02::2) on enp0s3...
Mar 30 11:46:10 netcfg[3790]: DEBUG: rdisc6 line: Timed out.
Mar 30 11:46:10 netcfg[3790]: DEBUG: rdisc6 line: No response.
Mar 30 11:46:10 netcfg[3790]: DEBUG: rdisc6 parsing finished
Mar 30 11:46:11 netcfg[3790]: DEBUG: rdisc6 line: Soliciting ff02::2 (ff02::2) on enp0s3...
Mar 30 11:46:11 netcfg[3790]: DEBUG: rdisc6 line: Timed out.
Mar 30 11:46:11 netcfg[3790]: DEBUG: rdisc6 line: No response.
Mar 30 11:46:11 netcfg[3790]: DEBUG: rdisc6 parsing finished
Mar 30 11:46:11 netcfg[3790]: DEBUG: rdisc6 line: Soliciting ff02::2 (ff02::2) on enp0s3...
Mar 30 11:46:11 netcfg[3790]: DEBUG: rdisc6 line: Timed out.
Mar 30 11:46:11 netcfg[3790]: DEBUG: rdisc6 line: No response.
Mar 30 11:46:11 netcfg[3790]: DEBUG: rdisc6 parsing finished
Mar 30 11:46:12 netcfg[3790]: DEBUG: rdisc6 line: Soliciting ff02::2 (ff02::2) on enp0s3...
Mar 30 11:46:12 netcfg[3790]: DEBUG: rdisc6 line: Timed out.
Mar 30 11:46:12 netcfg[3790]: DEBUG: rdisc6 line: No response.
Mar 30 11:46:12 netcfg[3790]: DEBUG: rdisc6 parsing finished
Mar 30 11:46:12 netcfg[3790]: DEBUG: rdisc6 line: Soliciting ff02::2 (ff02::2) on enp0s3...
Mar 30 11:46:12 netcfg[3790]: DEBUG: rdisc6 line: Timed out.
Mar 30 11:46:12 netcfg[3790]: DEBUG: rdisc6 line: No response.
Mar 30 11:46:12 netcfg[3790]: DEBUG: rdisc6 parsing finished
Mar 30 11:46:13 netcfg[3790]: DEBUG: rdisc6 line: Soliciting ff02::2 (ff02::2) on enp0s3...
Mar 30 11:46:13 netcfg[3790]: DEBUG: rdisc6 line: Timed out.
Mar 30 11:46:13 netcfg[3790]: DEBUG: rdisc6 line: No response.
Mar 30 11:46:13 netcfg[3790]: DEBUG: rdisc6 parsing finished
Mar 30 11:46:13 netcfg[3790]: DEBUG: rdisc6 line: Soliciting ff02::2 (ff02::2) on enp0s3...
Mar 30 11:46:13 netcfg[3790]: DEBUG: rdisc6 line: Timed out.
Mar 30 11:46:13 netcfg[3790]: DEBUG: rdisc6 line: No response.
Mar 30 11:46:13 netcfg[3790]: DEBUG: rdisc6 parsing finished
Mar 30 11:46:14 netcfg[3790]: DEBUG: rdisc6 line: Soliciting ff02::2 (ff02::2) on enp0s3...
Mar 30 11:46:14 netcfg[3790]: DEBUG: rdisc6 line: Timed out.
Mar 30 11:46:14 netcfg[3790]: DEBUG: rdisc6 line: No response.
Mar 30 11:46:14 netcfg[3790]: DEBUG: rdisc6 parsing finished
Mar 30 11:46:14 netcfg[3790]: DEBUG: rdisc6 line: Soliciting ff02::2 (ff02::2) on enp0s3...
Mar 30 11:46:14 netcfg[3790]: DEBUG: rdisc6 line: Timed out.
Mar 30 11:46:14 netcfg[3790]: DEBUG: rdisc6 line: No response.
Mar 30 11:46:14 netcfg[3790]: DEBUG: rdisc6 parsing finished
Mar 30 11:46:15 netcfg[3790]: DEBUG: rdisc6 line: Soliciting ff02::2 (ff02::2) on enp0s3...
Mar 30 11:46:15 netcfg[3790]: DEBUG: rdisc6 line: Timed out.
Mar 30 11:46:15 netcfg[3790]: DEBUG: rdisc6 line: No response.
Mar 30 11:46:15 netcfg[3790]: DEBUG: rdisc6 parsing finished
Mar 30 11:46:15 netcfg[3790]: DEBUG: Stopping rdnssd, PID 3800
Mar 30 11:46:15 netcfg[3790]: DEBUG: No RA received; attempting IPv4 autoconfig
Mar 30 11:46:15 netcfg[3790]: WARNING **: Started DHCP client; PID is 3821
Mar 30 11:46:15 udhcpc: Got IP 10.0.2.15 (using enp0s3) and routing through 10.0.2.2
Mar 30 11:46:18 netcfg[3790]: DEBUG: Reading domain name returned via DHCP
Mar 30 11:46:18 netcfg[3790]: DEBUG: Reading nameservers from /etc/resolv.conf
Mar 30 11:46:18 netcfg[3790]: DEBUG: Read nameserver 10.0.2.3
Mar 30 11:46:18 netcfg[3790]: DEBUG: State is now 1
Mar 30 11:46:18 netcfg[3790]: DEBUG: State is now 2
Mar 30 11:46:18 netcfg[3790]: DEBUG: State is now 5
Mar 30 11:46:18 netcfg[3790]: DEBUG: Using DNS to try and obtain default hostname
Mar 30 11:46:18 netcfg[3790]: DEBUG: Getting default hostname from rDNS lookup of autoconfigured address 10.0.2.15
Mar 30 11:46:18 netcfg[3790]: DEBUG: getnameinfo() returned -2 (Name or service not known)
Mar 30 11:46:18 netcfg[3790]: DEBUG: Getting default hostname from rDNS lookup of autoconfigured address fe80::a00:27ff:feec:98dc
Mar 30 11:46:18 netcfg[3790]: DEBUG: getnameinfo() returned -2 (Name or service not known)
Mar 30 11:52:36 netcfg[3790]: DEBUG: State is now 6
Mar 30 11:52:41 netcfg[3790]: DEBUG: Network config complete
Mar 30 11:52:41 netcfg[3790]: DEBUG: No interface given; clearing /etc/network/interfaces
Mar 30 11:52:41 netcfg[3790]: DEBUG: Writing informative header
Mar 30 11:52:41 netcfg[3790]: DEBUG: Success!
Mar 30 11:52:41 netcfg[3790]: DEBUG: Writing loopback interface
Mar 30 11:52:41 netcfg[3790]: DEBUG: Success!
Mar 30 11:52:41 netcfg[3790]: DEBUG: Writing DHCP stanza for enp0s3
Mar 30 11:52:41 netcfg[3790]: INFO: Detected enp0s3 as a hotpluggable device
Mar 30 11:52:41 netcfg[3790]: DEBUG: Success!
Mar 30 11:52:42 main-menu[221]: (process:3789): udhcpc: started, v1.30.1
Mar 30 11:52:42 main-menu[221]: (process:3789): udhcpc: sending discover
Mar 30 11:52:42 main-menu[221]: (process:3789): udhcpc: sending select for 10.0.2.15
Mar 30 11:52:42 main-menu[221]: (process:3789): udhcpc: lease of 10.0.2.15 obtained, lease time 86400
Mar 30 11:52:42 main-menu[221]: INFO: Falling back to the package description for brltty-udeb
Mar 30 11:52:42 main-menu[221]: INFO: Falling back to the package description for brltty-udeb
Mar 30 11:52:42 main-menu[221]: INFO: Menu item 'user-setup-udeb' selected
Mar 30 11:54:17 main-menu[221]: INFO: Falling back to the package description for brltty-udeb
Mar 30 11:54:17 main-menu[221]: INFO: Falling back to the package description for brltty-udeb
Mar 30 11:54:17 main-menu[221]: INFO: Menu item 'clock-setup' selected
Mar 30 11:54:17 clock-setup: rdate called using NTP server 0.debian.pool.ntp.org.
Mar 30 11:54:20 clock-setup: rdate: Inconsistent times received from NTP server
Mar 30 11:54:29 clock-setup: Mon Mar 30 11:54:29 UTC 2020
Mar 30 11:54:29 clock-setup: rdate: adjust local clock by 1.793468 seconds
Mar 30 11:54:29 main-menu[221]: INFO: Falling back to the package description for brltty-udeb
Mar 30 11:54:29 main-menu[221]: INFO: Falling back to the package description for brltty-udeb
Mar 30 11:54:29 main-menu[221]: INFO: Menu item 'disk-detect' selected
Mar 30 11:54:30 net/hw-detect.hotplug: Detected hotpluggable network interface enp0s3
Mar 30 11:54:30 net/hw-detect.hotplug: Detected hotpluggable network interface lo
Mar 30 11:54:31 check-missing-firmware: looking at dmesg again, restarting from \[  472.723223\]
Mar 30 11:54:31 check-missing-firmware: timestamp found, truncating dmesg accordingly
Mar 30 11:54:31 check-missing-firmware: saving timestamp for a later use: [  476.433603]
Mar 30 11:54:31 check-missing-firmware: /dev/.udev/firmware-missing does not exist, skipping
Mar 30 11:54:31 check-missing-firmware: /run/udev/firmware-missing does not exist, skipping
Mar 30 11:54:31 check-missing-firmware: no missing firmware in loaded kernel modules
Mar 30 11:54:32 check-missing-firmware: looking at dmesg again, restarting from \[  476.433603\]
Mar 30 11:54:32 check-missing-firmware: timestamp found, truncating dmesg accordingly
Mar 30 11:54:32 check-missing-firmware: saving timestamp for a later use: 
Mar 30 11:54:33 check-missing-firmware: /dev/.udev/firmware-missing does not exist, skipping
Mar 30 11:54:33 check-missing-firmware: /run/udev/firmware-missing does not exist, skipping
Mar 30 11:54:33 check-missing-firmware: no missing firmware in loaded kernel modules
Mar 30 11:54:33 main-menu[221]: INFO: Falling back to the package description for brltty-udeb
Mar 30 11:54:33 main-menu[221]: INFO: Falling back to the package description for brltty-udeb
Mar 30 11:54:33 main-menu[221]: INFO: Menu item 'partman-base' selected
Mar 30 11:54:33 anna-install: Installing partman-auto-lvm
Mar 30 11:54:33 anna[4210]: DEBUG: resolver (cdebconf-udeb): package doesn't exist (ignored)
Mar 30 11:54:33 anna[4210]: DEBUG: resolver (di-utils): package doesn't exist (ignored)
Mar 30 11:54:33 anna[4210]: DEBUG: resolver (kernel-image-4.19.0-8-amd64-di): package doesn't exist (ignored)
Mar 30 11:54:33 anna[4210]: DEBUG: resolver (fat-modules): package doesn't exist (ignored)
Mar 30 11:54:33 anna[4210]: DEBUG: resolver (libdebian-installer4-udeb): package doesn't exist (ignored)
Mar 30 11:54:33 anna[4210]: DEBUG: resolver (archdetect): package doesn't exist (ignored)
Mar 30 11:54:33 anna[4210]: DEBUG: resolver (hw-detect): package doesn't exist (ignored)
Mar 30 11:54:33 anna[4210]: DEBUG: retrieving libaio1-udeb 0.3.112-3
Mar 30 11:54:33 anna[4210]: DEBUG: retrieving lvm2-udeb 2.03.02-3
Mar 30 11:54:33 anna[4210]: DEBUG: retrieving partman-auto-lvm 76
Mar 30 11:54:34 anna[4210]: DEBUG: retrieving partman-lvm 130
Mar 30 11:54:34 anna-install: Installing partman-auto-crypto
Mar 30 11:54:34 anna[4304]: DEBUG: resolver (cdebconf-udeb): package doesn't exist (ignored)
Mar 30 11:54:34 anna[4304]: DEBUG: resolver (di-utils): package doesn't exist (ignored)
Mar 30 11:54:34 anna[4304]: DEBUG: resolver (kernel-image-4.19.0-8-amd64-di): package doesn't exist (ignored)
Mar 30 11:54:34 anna[4304]: DEBUG: resolver (fat-modules): package doesn't exist (ignored)
Mar 30 11:54:34 anna[4304]: DEBUG: resolver (libdebian-installer4-udeb): package doesn't exist (ignored)
Mar 30 11:54:34 anna[4304]: DEBUG: resolver (archdetect): package doesn't exist (ignored)
Mar 30 11:54:34 anna[4304]: DEBUG: resolver (hw-detect): package doesn't exist (ignored)
Mar 30 11:54:34 anna[4304]: DEBUG: retrieving partman-auto-crypto 30
Mar 30 11:54:35 anna[4304]: DEBUG: retrieving partman-crypto 103
Mar 30 11:54:36 kernel: [  983.847329] raid6: sse2x1   gen()  9819 MB/s
Mar 30 11:54:36 kernel: [  983.912520] raid6: sse2x1   xor()  6719 MB/s
Mar 30 11:54:36 kernel: [  983.982500] raid6: sse2x2   gen() 11150 MB/s
Mar 30 11:54:36 kernel: [  984.057327] raid6: sse2x2   xor()  8774 MB/s
Mar 30 11:54:36 kernel: [  984.127404] raid6: sse2x4   gen() 12497 MB/s
Mar 30 11:54:36 kernel: [  984.203280] raid6: sse2x4   xor()  8390 MB/s
Mar 30 11:54:36 kernel: [  984.277370] raid6: avx2x1   gen() 22175 MB/s
Mar 30 11:54:36 kernel: [  984.347280] raid6: avx2x1   xor() 14234 MB/s
Mar 30 11:54:36 kernel: [  984.417009] raid6: avx2x2   gen() 23558 MB/s
Mar 30 11:54:36 kernel: [  984.495715] raid6: avx2x2   xor() 15569 MB/s
Mar 30 11:54:36 kernel: [  984.563531] raid6: avx2x4   gen() 25754 MB/s
Mar 30 11:54:36 kernel: [  984.637329] raid6: avx2x4   xor() 15812 MB/s
Mar 30 11:54:36 kernel: [  984.637331] raid6: using algorithm avx2x4 gen() 25754 MB/s
Mar 30 11:54:36 kernel: [  984.637331] raid6: .... xor() 15812 MB/s, rmw enabled
Mar 30 11:54:36 kernel: [  984.637332] raid6: using avx2x2 recovery algorithm
Mar 30 11:54:36 kernel: [  984.646137] xor: automatically using best checksumming function   avx       
Mar 30 11:54:37 kernel: [  984.704281] Btrfs loaded, crc32c=crc32c-generic
Mar 30 11:54:37 kernel: [  984.728772] JFS: nTxBlock = 8192, nTxLock = 65536
Mar 30 11:54:37 kernel: [  984.796749] SGI XFS with ACLs, security attributes, realtime, no debug enabled
Mar 30 11:54:37 md-devices: mdadm: No arrays found in config file or automatically
Mar 30 11:54:37 kernel: [  985.148503] device-mapper: uevent: version 1.0.3
Mar 30 11:54:37 kernel: [  985.148884] device-mapper: ioctl: 4.39.0-ioctl (2018-04-03) initialised: dm-devel@redhat.com
Mar 30 11:54:37 partman:   No matching physical volumes found
Mar 30 11:54:37 partman:   Reading all physical volumes.  This may take a while...
Mar 30 12:00:57 net/hw-detect.hotplug: Detected hotpluggable network interface enp0s3
Mar 30 12:00:57 net/hw-detect.hotplug: Detected hotpluggable network interface lo
Mar 30 12:00:58 kernel: [ 1365.663279] Adding 2095100k swap on /dev/sda5.  Priority:-2 extents:1 across:2095100k FS
Mar 30 12:00:58 partman: mke2fs 1.44.5 (15-Dec-2018)
Mar 30 12:00:59 kernel: [ 1366.771270] EXT4-fs (sda1): mounted filesystem with ordered data mode. Opts: errors=remount-ro
Mar 30 12:00:59 apt-install: Queueing package e2fsprogs for later installation
Mar 30 12:00:59 main-menu[221]: (process:4196): File descriptor 3 (pipe:[9974]) leaked on pvs invocation.
Mar 30 12:00:59 main-menu[221]: (process:4196):  Parent PID 6139: /bin/sh
Mar 30 12:00:59 main-menu[221]: (process:4196): File descriptor 4 (/dev/pts/0) leaked on pvs invocation.
Mar 30 12:00:59 main-menu[221]: (process:4196):  Parent PID 6139: /bin/sh
Mar 30 12:00:59 main-menu[221]: (process:4196): File descriptor 5 (/dev/pts/0) leaked on pvs invocation.
Mar 30 12:00:59 main-menu[221]: (process:4196):  Parent PID 6139: /bin/sh
Mar 30 12:00:59 main-menu[221]: (process:4196): File descriptor 3 (pipe:[9974]) leaked on pvs invocation.
Mar 30 12:00:59 main-menu[221]: (process:4196):  Parent PID 6178: /bin/sh
Mar 30 12:00:59 main-menu[221]: (process:4196): File descriptor 4 (/dev/pts/0) leaked on pvs invocation.
Mar 30 12:00:59 main-menu[221]: (process:4196):  Parent PID 6178: /bin/sh
Mar 30 12:00:59 main-menu[221]: (process:4196): File descriptor 5 (/dev/pts/0) leaked on pvs invocation.
Mar 30 12:00:59 main-menu[221]: (process:4196):  Parent PID 6178: /bin/sh
Mar 30 12:01:00 main-menu[221]: INFO: Falling back to the package description for brltty-udeb
Mar 30 12:01:00 main-menu[221]: INFO: Falling back to the package description for brltty-udeb
Mar 30 12:01:00 main-menu[221]: INFO: Menu item 'bootstrap-base' selected
Mar 30 12:01:00 debootstrap: /usr/sbin/debootstrap --components=main --debian-installer --resolve-deps --no-check-gpg buster /target file:///cdrom/
Mar 30 12:01:08 debootstrap: dpkg: warning: parsing file '/var/lib/dpkg/status' near line 5 package 'dpkg':
Mar 30 12:01:08 debootstrap:  missing 'Description' field
Mar 30 12:01:08 debootstrap: dpkg: warning: parsing file '/var/lib/dpkg/status' near line 5 package 'dpkg':
Mar 30 12:01:08 debootstrap:  missing 'Architecture' field
Mar 30 12:01:10 debootstrap: Selecting previously unselected package base-passwd.
Mar 30 12:01:10 debootstrap: (Reading database ... 0 files and directories currently installed.)
Mar 30 12:01:10 debootstrap: Preparing to unpack .../base-passwd_3.5.46_amd64.deb ...
Mar 30 12:01:11 debootstrap: Unpacking base-passwd (3.5.46) ...
Mar 30 12:01:12 debootstrap: dpkg: base-passwd: dependency problems, but configuring anyway as you requested:
Mar 30 12:01:12 debootstrap:  base-passwd depends on libc6 (>= 2.8); however:
Mar 30 12:01:12 debootstrap:   Package libc6 is not installed.
Mar 30 12:01:12 debootstrap:  base-passwd depends on libdebconfclient0 (>= 0.145); however:
Mar 30 12:01:12 debootstrap:   Package libdebconfclient0 is not installed.
Mar 30 12:01:12 debootstrap: 
Mar 30 12:01:12 debootstrap: Setting up base-passwd (3.5.46) ...
Mar 30 12:01:14 debootstrap: dpkg: warning: parsing file '/var/lib/dpkg/status' near line 24 package 'dpkg':
Mar 30 12:01:14 debootstrap:  missing 'Description' field
Mar 30 12:01:14 debootstrap: dpkg: warning: parsing file '/var/lib/dpkg/status' near line 24 package 'dpkg':
Mar 30 12:01:14 debootstrap:  missing 'Architecture' field
Mar 30 12:01:14 debootstrap: Selecting previously unselected package base-files.
Mar 30 12:01:14 debootstrap: (Reading database ... 41 files and directories currently installed.)
Mar 30 12:01:14 debootstrap: Preparing to unpack .../base-files_10.3+deb10u3_amd64.deb ...
Mar 30 12:01:14 debootstrap: dpkg: regarding .../base-files_10.3+deb10u3_amd64.deb containing base-files, pre-dependency problem:
Mar 30 12:01:14 debootstrap:  base-files pre-depends on awk
Mar 30 12:01:14 debootstrap:   awk is not installed.
Mar 30 12:01:14 debootstrap: 
Mar 30 12:01:14 debootstrap: dpkg: warning: ignoring pre-dependency problem!
Mar 30 12:01:14 debootstrap: Unpacking base-files (10.3+deb10u3) ...
Mar 30 12:01:22 debootstrap: dpkg: base-files: dependency problems, but configuring anyway as you requested:
Mar 30 12:01:22 debootstrap:  base-files depends on awk; however:
Mar 30 12:01:22 debootstrap:   Package awk is not installed.
Mar 30 12:01:22 debootstrap: 
Mar 30 12:01:22 debootstrap: Setting up base-files (10.3+deb10u3) ...
Mar 30 12:01:25 debootstrap: dpkg: warning: parsing file '/var/lib/dpkg/status' near line 51 package 'dpkg':
Mar 30 12:01:25 debootstrap:  missing 'Description' field
Mar 30 12:01:25 debootstrap: dpkg: warning: parsing file '/var/lib/dpkg/status' near line 51 package 'dpkg':
Mar 30 12:01:25 debootstrap:  missing 'Architecture' field
Mar 30 12:01:26 debootstrap: (Reading database ... 121 files and directories currently installed.)
Mar 30 12:01:26 debootstrap: Preparing to unpack .../archives/dpkg_1.19.7_amd64.deb ...
Mar 30 12:01:26 debootstrap: dpkg: regarding .../archives/dpkg_1.19.7_amd64.deb containing dpkg, pre-dependency problem:
Mar 30 12:01:26 debootstrap:  dpkg pre-depends on libbz2-1.0
Mar 30 12:01:26 debootstrap:   libbz2-1.0 is not installed.
Mar 30 12:01:26 debootstrap: 
Mar 30 12:01:26 debootstrap: dpkg: warning: ignoring pre-dependency problem!
Mar 30 12:01:26 debootstrap: dpkg: regarding .../archives/dpkg_1.19.7_amd64.deb containing dpkg, pre-dependency problem:
Mar 30 12:01:26 debootstrap:  dpkg pre-depends on libc6 (>= 2.15)
Mar 30 12:01:26 debootstrap:   libc6 is not installed.
Mar 30 12:01:26 debootstrap: 
Mar 30 12:01:26 debootstrap: dpkg: warning: ignoring pre-dependency problem!
Mar 30 12:01:26 debootstrap: dpkg: regarding .../archives/dpkg_1.19.7_amd64.deb containing dpkg, pre-dependency problem:
Mar 30 12:01:26 debootstrap:  dpkg pre-depends on liblzma5 (>= 5.2.2)
Mar 30 12:01:26 debootstrap:   liblzma5 is not installed.
Mar 30 12:01:26 debootstrap: 
Mar 30 12:01:26 debootstrap: dpkg: warning: ignoring pre-dependency problem!
Mar 30 12:01:26 debootstrap: dpkg: regarding .../archives/dpkg_1.19.7_amd64.deb containing dpkg, pre-dependency problem:
Mar 30 12:01:26 debootstrap:  dpkg pre-depends on libselinux1 (>= 2.3)
Mar 30 12:01:26 debootstrap:   libselinux1 is not installed.
Mar 30 12:01:26 debootstrap: 
Mar 30 12:01:26 debootstrap: dpkg: warning: ignoring pre-dependency problem!
Mar 30 12:01:26 debootstrap: dpkg: regarding .../archives/dpkg_1.19.7_amd64.deb containing dpkg, pre-dependency problem:
Mar 30 12:01:26 debootstrap:  dpkg pre-depends on zlib1g (>= 1:1.1.4)
Mar 30 12:01:26 debootstrap:   zlib1g is not installed.
Mar 30 12:01:26 debootstrap: 
Mar 30 12:01:26 debootstrap: dpkg: warning: ignoring pre-dependency problem!
Mar 30 12:01:26 debootstrap: Unpacking dpkg (1.19.7) over (1.19.7) ...
Mar 30 12:01:32 debootstrap: dpkg: dpkg: dependency problems, but configuring anyway as you requested:
Mar 30 12:01:32 debootstrap:  dpkg depends on libbz2-1.0; however:
Mar 30 12:01:32 debootstrap:   Package libbz2-1.0 is not installed.
Mar 30 12:01:32 debootstrap:  dpkg depends on libc6 (>= 2.15); however:
Mar 30 12:01:32 debootstrap:   Package libc6 is not installed.
Mar 30 12:01:32 debootstrap:  dpkg depends on liblzma5 (>= 5.2.2); however:
Mar 30 12:01:32 debootstrap:   Package liblzma5 is not installed.
Mar 30 12:01:32 debootstrap:  dpkg depends on libselinux1 (>= 2.3); however:
Mar 30 12:01:32 debootstrap:   Package libselinux1 is not installed.
Mar 30 12:01:32 debootstrap:  dpkg depends on zlib1g (>= 1:1.1.4); however:
Mar 30 12:01:32 debootstrap:   Package zlib1g is not installed.
Mar 30 12:01:32 debootstrap:  dpkg depends on tar (>= 1.28-1); however:
Mar 30 12:01:32 debootstrap:   Package tar is not installed.
Mar 30 12:01:32 debootstrap: 
Mar 30 12:01:32 debootstrap: Setting up dpkg (1.19.7) ...
Mar 30 12:01:36 debootstrap: Selecting previously unselected package libc6:amd64.
Mar 30 12:01:36 debootstrap: (Reading database ... 364 files and directories currently installed.)
Mar 30 12:01:36 debootstrap: Preparing to unpack .../libc6_2.28-10_amd64.deb ...
Mar 30 12:01:36 debootstrap: Unpacking libc6:amd64 (2.28-10) ...
Mar 30 12:01:49 debootstrap: dpkg: libc6:amd64: dependency problems, but configuring anyway as you requested:
Mar 30 12:01:49 debootstrap:  libc6:amd64 depends on libgcc1; however:
Mar 30 12:01:49 debootstrap:   Package libgcc1 is not installed.
Mar 30 12:01:49 debootstrap: 
Mar 30 12:01:49 debootstrap: Setting up libc6:amd64 (2.28-10) ...
Mar 30 12:01:51 debootstrap: Selecting previously unselected package perl-base.
Mar 30 12:01:51 debootstrap: (Reading database ... 680 files and directories currently installed.)
Mar 30 12:01:51 debootstrap: Preparing to unpack .../perl-base_5.28.1-6_amd64.deb ...
Mar 30 12:01:52 debootstrap: Unpacking perl-base (5.28.1-6) ...
Mar 30 12:02:15 debootstrap: Setting up perl-base (5.28.1-6) ...
Mar 30 12:02:17 debootstrap: Selecting previously unselected package mawk.
Mar 30 12:02:17 debootstrap: (Reading database ... 1340 files and directories currently installed.)
Mar 30 12:02:17 debootstrap: Preparing to unpack .../mawk_1.3.3-17+b3_amd64.deb ...
Mar 30 12:02:17 debootstrap: Unpacking mawk (1.3.3-17+b3) ...
Mar 30 12:02:19 debootstrap: Setting up mawk (1.3.3-17+b3) ...
Mar 30 12:02:21 debootstrap: Selecting previously unselected package debconf.
Mar 30 12:02:21 debootstrap: (Reading database ... 1360 files and directories currently installed.)
Mar 30 12:02:21 debootstrap: Preparing to unpack .../debconf_1.5.71_all.deb ...
Mar 30 12:02:21 debootstrap: Unpacking debconf (1.5.71) ...
Mar 30 12:02:27 debootstrap: Setting up debconf (1.5.71) ...
Mar 30 12:02:30 debootstrap: Selecting previously unselected package libaudit-common.
Mar 30 12:02:30 debootstrap: (Reading database ... 1521 files and directories currently installed.)
Mar 30 12:02:30 debootstrap: Preparing to unpack .../libaudit-common_1%3a2.8.4-3_all.deb ...
Mar 30 12:02:30 debootstrap: Unpacking libaudit-common (1:2.8.4-3) ...
Mar 30 12:02:31 debootstrap: Selecting previously unselected package gcc-8-base:amd64.
Mar 30 12:02:31 debootstrap: Preparing to unpack .../gcc-8-base_8.3.0-6_amd64.deb ...
Mar 30 12:02:31 debootstrap: Unpacking gcc-8-base:amd64 (8.3.0-6) ...
Mar 30 12:02:33 debootstrap: Selecting previously unselected package libgcc1:amd64.
Mar 30 12:02:33 debootstrap: Preparing to unpack .../libgcc1_1%3a8.3.0-6_amd64.deb ...
Mar 30 12:02:33 debootstrap: Unpacking libgcc1:amd64 (1:8.3.0-6) ...
Mar 30 12:02:35 debootstrap: Preparing to unpack .../libc6_2.28-10_amd64.deb ...
Mar 30 12:02:36 debootstrap: Unpacking libc6:amd64 (2.28-10) over (2.28-10) ...
Mar 30 12:02:50 debootstrap: Selecting previously unselected package libcap-ng0:amd64.
Mar 30 12:02:50 debootstrap: Preparing to unpack .../libcap-ng0_0.7.9-2_amd64.deb ...
Mar 30 12:02:50 debootstrap: Unpacking libcap-ng0:amd64 (0.7.9-2) ...
Mar 30 12:02:51 debootstrap: Selecting previously unselected package libaudit1:amd64.
Mar 30 12:02:51 debootstrap: Preparing to unpack .../libaudit1_1%3a2.8.4-3_amd64.deb ...
Mar 30 12:02:52 debootstrap: Unpacking libaudit1:amd64 (1:2.8.4-3) ...
Mar 30 12:02:53 debootstrap: Selecting previously unselected package libbz2-1.0:amd64.
Mar 30 12:02:53 debootstrap: Preparing to unpack .../libbz2-1.0_1.0.6-9.2~deb10u1_amd64.deb ...
Mar 30 12:02:53 debootstrap: Unpacking libbz2-1.0:amd64 (1.0.6-9.2~deb10u1) ...
Mar 30 12:02:55 debootstrap: Selecting previously unselected package liblzma5:amd64.
Mar 30 12:02:55 debootstrap: Preparing to unpack .../liblzma5_5.2.4-1_amd64.deb ...
Mar 30 12:02:55 debootstrap: Unpacking liblzma5:amd64 (5.2.4-1) ...
Mar 30 12:02:57 debootstrap: Selecting previously unselected package libpcre3:amd64.
Mar 30 12:02:57 debootstrap: Preparing to unpack .../libpcre3_2%3a8.39-12_amd64.deb ...
Mar 30 12:02:57 debootstrap: Unpacking libpcre3:amd64 (2:8.39-12) ...
Mar 30 12:02:59 debootstrap: Selecting previously unselected package libattr1:amd64.
Mar 30 12:02:59 debootstrap: Preparing to unpack .../libattr1_1%3a2.4.48-4_amd64.deb ...
Mar 30 12:02:59 debootstrap: Unpacking libattr1:amd64 (1:2.4.48-4) ...
Mar 30 12:03:01 debootstrap: Selecting previously unselected package libacl1:amd64.
Mar 30 12:03:01 debootstrap: Preparing to unpack .../libacl1_2.2.53-4_amd64.deb ...
Mar 30 12:03:01 debootstrap: Unpacking libacl1:amd64 (2.2.53-4) ...
Mar 30 12:03:03 debootstrap: dpkg: regarding .../archives/dpkg_1.19.7_amd64.deb containing dpkg, pre-dependency problem:
Mar 30 12:03:03 debootstrap:  dpkg pre-depends on libbz2-1.0
Mar 30 12:03:03 debootstrap:   libbz2-1.0:amd64 is unpacked, but has never been configured.
Mar 30 12:03:03 debootstrap: 
Mar 30 12:03:03 debootstrap: dpkg: warning: ignoring pre-dependency problem!
Mar 30 12:03:03 debootstrap: dpkg: regarding .../archives/dpkg_1.19.7_amd64.deb containing dpkg, pre-dependency problem:
Mar 30 12:03:03 debootstrap:  dpkg pre-depends on liblzma5 (>= 5.2.2)
Mar 30 12:03:03 debootstrap:   liblzma5:amd64 is unpacked, but has never been configured.
Mar 30 12:03:03 debootstrap: 
Mar 30 12:03:03 debootstrap: dpkg: warning: ignoring pre-dependency problem!
Mar 30 12:03:03 debootstrap: dpkg: regarding .../archives/dpkg_1.19.7_amd64.deb containing dpkg, pre-dependency problem:
Mar 30 12:03:03 debootstrap:  dpkg pre-depends on libselinux1 (>= 2.3)
Mar 30 12:03:03 debootstrap:   libselinux1 is not installed.
Mar 30 12:03:03 debootstrap: 
Mar 30 12:03:03 debootstrap: dpkg: warning: ignoring pre-dependency problem!
Mar 30 12:03:03 debootstrap: dpkg: regarding .../archives/dpkg_1.19.7_amd64.deb containing dpkg, pre-dependency problem:
Mar 30 12:03:03 debootstrap:  dpkg pre-depends on zlib1g (>= 1:1.1.4)
Mar 30 12:03:03 debootstrap:   zlib1g is not installed.
Mar 30 12:03:03 debootstrap: 
Mar 30 12:03:03 debootstrap: dpkg: warning: ignoring pre-dependency problem!
Mar 30 12:03:03 debootstrap: Preparing to unpack .../archives/dpkg_1.19.7_amd64.deb ...
Mar 30 12:03:04 debootstrap: Unpacking dpkg (1.19.7) over (1.19.7) ...
Mar 30 12:03:11 debootstrap: Preparing to unpack .../debconf_1.5.71_all.deb ...
Mar 30 12:03:12 debootstrap: Unpacking debconf (1.5.71) over (1.5.71) ...
Mar 30 12:03:19 debootstrap: Selecting previously unselected package libpam0g:amd64.
Mar 30 12:03:19 debootstrap: Preparing to unpack .../libpam0g_1.3.1-5_amd64.deb ...
Mar 30 12:03:19 debootstrap: Unpacking libpam0g:amd64 (1.3.1-5) ...
Mar 30 12:03:21 debootstrap: Selecting previously unselected package libdb5.3:amd64.
Mar 30 12:03:21 debootstrap: Preparing to unpack .../libdb5.3_5.3.28+dfsg1-0.5_amd64.deb ...
Mar 30 12:03:21 debootstrap: Unpacking libdb5.3:amd64 (5.3.28+dfsg1-0.5) ...
Mar 30 12:03:23 debootstrap: Selecting previously unselected package libpam-modules-bin.
Mar 30 12:03:23 debootstrap: Preparing to unpack .../libpam-modules-bin_1.3.1-5_amd64.deb ...
Mar 30 12:03:23 debootstrap: Unpacking libpam-modules-bin (1.3.1-5) ...
Mar 30 12:03:25 debootstrap: Selecting previously unselected package libpam-modules:amd64.
Mar 30 12:03:25 debootstrap: dpkg: regarding .../libpam-modules_1.3.1-5_amd64.deb containing libpam-modules:amd64, pre-dependency problem:
Mar 30 12:03:25 debootstrap:  libpam-modules pre-depends on libaudit1 (>= 1:2.2.1)
Mar 30 12:03:25 debootstrap:   libaudit1:amd64 is unpacked, but has never been configured.
Mar 30 12:03:25 debootstrap: 
Mar 30 12:03:25 debootstrap: dpkg: warning: ignoring pre-dependency problem!
Mar 30 12:03:25 debootstrap: dpkg: regarding .../libpam-modules_1.3.1-5_amd64.deb containing libpam-modules:amd64, pre-dependency problem:
Mar 30 12:03:25 debootstrap:  libpam-modules pre-depends on libdb5.3
Mar 30 12:03:25 debootstrap:   libdb5.3:amd64 is unpacked, but has never been configured.
Mar 30 12:03:25 debootstrap: 
Mar 30 12:03:25 debootstrap: dpkg: warning: ignoring pre-dependency problem!
Mar 30 12:03:25 debootstrap: dpkg: regarding .../libpam-modules_1.3.1-5_amd64.deb containing libpam-modules:amd64, pre-dependency problem:
Mar 30 12:03:25 debootstrap:  libpam-modules pre-depends on libpam0g (>= 1.3.1)
Mar 30 12:03:25 debootstrap:   libpam0g:amd64 is unpacked, but has never been configured.
Mar 30 12:03:25 debootstrap: 
Mar 30 12:03:25 debootstrap: dpkg: warning: ignoring pre-dependency problem!
Mar 30 12:03:25 debootstrap: dpkg: regarding .../libpam-modules_1.3.1-5_amd64.deb containing libpam-modules:amd64, pre-dependency problem:
Mar 30 12:03:25 debootstrap:  libpam-modules pre-depends on libselinux1 (>= 2.1.9)
Mar 30 12:03:25 debootstrap:   libselinux1 is not installed.
Mar 30 12:03:25 debootstrap: 
Mar 30 12:03:25 debootstrap: dpkg: warning: ignoring pre-dependency problem!
Mar 30 12:03:25 debootstrap: dpkg: regarding .../libpam-modules_1.3.1-5_amd64.deb containing libpam-modules:amd64, pre-dependency problem:
Mar 30 12:03:25 debootstrap:  libpam-modules pre-depends on libpam-modules-bin (= 1.3.1-5)
Mar 30 12:03:25 debootstrap:   libpam-modules-bin is unpacked, but has never been configured.
Mar 30 12:03:25 debootstrap: 
Mar 30 12:03:25 debootstrap: dpkg: warning: ignoring pre-dependency problem!
Mar 30 12:03:25 debootstrap: Preparing to unpack .../libpam-modules_1.3.1-5_amd64.deb ...
Mar 30 12:03:26 debootstrap: Unpacking libpam-modules:amd64 (1.3.1-5) ...
Mar 30 12:03:31 debootstrap: Selecting previously unselected package adduser.
Mar 30 12:03:31 debootstrap: Preparing to unpack .../archives/adduser_3.118_all.deb ...
Mar 30 12:03:32 debootstrap: Unpacking adduser (3.118) ...
Mar 30 12:03:37 debootstrap: Selecting previously unselected package libidn2-0:amd64.
Mar 30 12:03:37 debootstrap: Preparing to unpack .../libidn2-0_2.0.5-1+deb10u1_amd64.deb ...
Mar 30 12:03:37 debootstrap: Unpacking libidn2-0:amd64 (2.0.5-1+deb10u1) ...
Mar 30 12:03:39 debootstrap: Selecting previously unselected package libgpg-error0:amd64.
Mar 30 12:03:39 debootstrap: Preparing to unpack .../libgpg-error0_1.35-1_amd64.deb ...
Mar 30 12:03:40 debootstrap: Unpacking libgpg-error0:amd64 (1.35-1) ...
Mar 30 12:03:41 debootstrap: Selecting previously unselected package libgcrypt20:amd64.
Mar 30 12:03:41 debootstrap: Preparing to unpack .../libgcrypt20_1.8.4-5_amd64.deb ...
Mar 30 12:03:42 debootstrap: Unpacking libgcrypt20:amd64 (1.8.4-5) ...
Mar 30 12:03:43 debootstrap: Selecting previously unselected package gpgv.
Mar 30 12:03:43 debootstrap: Preparing to unpack .../gpgv_2.2.12-1+deb10u1_amd64.deb ...
Mar 30 12:03:43 debootstrap: Unpacking gpgv (2.2.12-1+deb10u1) ...
Mar 30 12:03:45 debootstrap: Selecting previously unselected package debian-archive-keyring.
Mar 30 12:03:45 debootstrap: Preparing to unpack .../debian-archive-keyring_2019.1_all.deb ...
Mar 30 12:03:46 debootstrap: Unpacking debian-archive-keyring (2019.1) ...
Mar 30 12:03:48 debootstrap: Selecting previously unselected package liblz4-1:amd64.
Mar 30 12:03:48 debootstrap: Preparing to unpack .../liblz4-1_1.8.3-1_amd64.deb ...
Mar 30 12:03:48 debootstrap: Unpacking liblz4-1:amd64 (1.8.3-1) ...
Mar 30 12:03:49 debootstrap: Selecting previously unselected package libapt-pkg5.0:amd64.
Mar 30 12:03:49 debootstrap: Preparing to unpack .../libapt-pkg5.0_1.8.2_amd64.deb ...
Mar 30 12:03:50 debootstrap: Unpacking libapt-pkg5.0:amd64 (1.8.2) ...
Mar 30 12:03:53 debootstrap: Selecting previously unselected package libgmp10:amd64.
Mar 30 12:03:53 debootstrap: Preparing to unpack .../libgmp10_2%3a6.1.2+dfsg-4_amd64.deb ...
Mar 30 12:03:53 debootstrap: Unpacking libgmp10:amd64 (2:6.1.2+dfsg-4) ...
Mar 30 12:03:55 debootstrap: Selecting previously unselected package libnettle6:amd64.
Mar 30 12:03:55 debootstrap: Preparing to unpack .../libnettle6_3.4.1-1_amd64.deb ...
Mar 30 12:03:55 debootstrap: Unpacking libnettle6:amd64 (3.4.1-1) ...
Mar 30 12:03:57 debootstrap: Selecting previously unselected package libhogweed4:amd64.
Mar 30 12:03:57 debootstrap: Preparing to unpack .../libhogweed4_3.4.1-1_amd64.deb ...
Mar 30 12:03:57 debootstrap: Unpacking libhogweed4:amd64 (3.4.1-1) ...
Mar 30 12:03:59 debootstrap: Selecting previously unselected package libffi6:amd64.
Mar 30 12:03:59 debootstrap: Preparing to unpack .../libffi6_3.2.1-9_amd64.deb ...
Mar 30 12:03:59 debootstrap: Unpacking libffi6:amd64 (3.2.1-9) ...
Mar 30 12:04:01 debootstrap: Selecting previously unselected package libp11-kit0:amd64.
Mar 30 12:04:01 debootstrap: Preparing to unpack .../libp11-kit0_0.23.15-2_amd64.deb ...
Mar 30 12:04:01 debootstrap: Unpacking libp11-kit0:amd64 (0.23.15-2) ...
Mar 30 12:04:03 debootstrap: Selecting previously unselected package libgnutls30:amd64.
Mar 30 12:04:03 debootstrap: Preparing to unpack .../libgnutls30_3.6.7-4+deb10u2_amd64.deb ...
Mar 30 12:04:03 debootstrap: Unpacking libgnutls30:amd64 (3.6.7-4+deb10u2) ...
Mar 30 12:04:06 debootstrap: Selecting previously unselected package apt.
Mar 30 12:04:06 debootstrap: Preparing to unpack .../archives/apt_1.8.2_amd64.deb ...
Mar 30 12:04:07 debootstrap: Unpacking apt (1.8.2) ...
Mar 30 12:04:16 debootstrap: Selecting previously unselected package libncursesw6:amd64.
Mar 30 12:04:16 debootstrap: Preparing to unpack .../libncursesw6_6.1+20181013-2+deb10u2_amd64.deb ...
Mar 30 12:04:16 debootstrap: Unpacking libncursesw6:amd64 (6.1+20181013-2+deb10u2) ...
Mar 30 12:04:17 debootstrap: Selecting previously unselected package coreutils.
Mar 30 12:04:17 debootstrap: dpkg: regarding .../coreutils_8.30-3_amd64.deb containing coreutils, pre-dependency problem:
Mar 30 12:04:17 debootstrap:  coreutils pre-depends on libacl1 (>= 2.2.23)
Mar 30 12:04:17 debootstrap:   libacl1:amd64 is unpacked, but has never been configured.
Mar 30 12:04:17 debootstrap: 
Mar 30 12:04:17 debootstrap: dpkg: warning: ignoring pre-dependency problem!
Mar 30 12:04:17 debootstrap: dpkg: regarding .../coreutils_8.30-3_amd64.deb containing coreutils, pre-dependency problem:
Mar 30 12:04:17 debootstrap:  coreutils pre-depends on libattr1 (>= 1:2.4.44)
Mar 30 12:04:17 debootstrap:   libattr1:amd64 is unpacked, but has never been configured.
Mar 30 12:04:17 debootstrap: 
Mar 30 12:04:17 debootstrap: dpkg: warning: ignoring pre-dependency problem!
Mar 30 12:04:17 debootstrap: dpkg: regarding .../coreutils_8.30-3_amd64.deb containing coreutils, pre-dependency problem:
Mar 30 12:04:17 debootstrap:  coreutils pre-depends on libselinux1 (>= 2.1.13)
Mar 30 12:04:17 debootstrap:   libselinux1 is not installed.
Mar 30 12:04:17 debootstrap: 
Mar 30 12:04:17 debootstrap: dpkg: warning: ignoring pre-dependency problem!
Mar 30 12:04:17 debootstrap: Preparing to unpack .../coreutils_8.30-3_amd64.deb ...
Mar 30 12:04:18 debootstrap: Unpacking coreutils (8.30-3) ...
Mar 30 12:04:29 debootstrap: Preparing to unpack .../base-files_10.3+deb10u3_amd64.deb ...
Mar 30 12:04:30 debootstrap: Unpacking base-files (10.3+deb10u3) over (10.3+deb10u3) ...
Mar 30 12:04:33 debootstrap: Selecting previously unselected package libdebconfclient0:amd64.
Mar 30 12:04:33 debootstrap: Preparing to unpack .../libdebconfclient0_0.249_amd64.deb ...
Mar 30 12:04:33 debootstrap: Unpacking libdebconfclient0:amd64 (0.249) ...
Mar 30 12:04:35 debootstrap: Preparing to unpack .../base-passwd_3.5.46_amd64.deb ...
Mar 30 12:04:36 debootstrap: Unpacking base-passwd (3.5.46) over (3.5.46) ...
Mar 30 12:04:38 debootstrap: Selecting previously unselected package debianutils.
Mar 30 12:04:38 debootstrap: Preparing to unpack .../debianutils_4.8.6.1_amd64.deb ...
Mar 30 12:04:38 debootstrap: Unpacking debianutils (4.8.6.1) ...
Mar 30 12:04:42 debootstrap: Selecting previously unselected package bash.
Mar 30 12:04:42 debootstrap: dpkg: regarding .../archives/bash_5.0-4_amd64.deb containing bash, pre-dependency problem:
Mar 30 12:04:42 debootstrap:  bash pre-depends on libtinfo6 (>= 6)
Mar 30 12:04:42 debootstrap:   libtinfo6 is not installed.
Mar 30 12:04:42 debootstrap: 
Mar 30 12:04:42 debootstrap: dpkg: warning: ignoring pre-dependency problem!
Mar 30 12:04:42 debootstrap: Preparing to unpack .../archives/bash_5.0-4_amd64.deb ...
Mar 30 12:04:43 debootstrap: Unpacking bash (5.0-4) ...
Mar 30 12:04:47 debootstrap: Selecting previously unselected package libcom-err2:amd64.
Mar 30 12:04:47 debootstrap: Preparing to unpack .../libcom-err2_1.44.5-1+deb10u3_amd64.deb ...
Mar 30 12:04:47 debootstrap: Unpacking libcom-err2:amd64 (1.44.5-1+deb10u3) ...
Mar 30 12:04:48 debootstrap: Selecting previously unselected package bsdutils.
Mar 30 12:04:48 debootstrap: dpkg: regarding .../bsdutils_1%3a2.33.1-0.1_amd64.deb containing bsdutils, pre-dependency problem:
Mar 30 12:04:48 debootstrap:  bsdutils pre-depends on libsystemd0
Mar 30 12:04:48 debootstrap:   libsystemd0 is not installed.
Mar 30 12:04:48 debootstrap: 
Mar 30 12:04:48 debootstrap: dpkg: warning: ignoring pre-dependency problem!
Mar 30 12:04:48 debootstrap: Preparing to unpack .../bsdutils_1%3a2.33.1-0.1_amd64.deb ...
Mar 30 12:04:49 debootstrap: Unpacking bsdutils (1:2.33.1-0.1) ...
Mar 30 12:04:51 debootstrap: Selecting previously unselected package init-system-helpers.
Mar 30 12:04:51 debootstrap: Preparing to unpack .../init-system-helpers_1.56+nmu1_all.deb ...
Mar 30 12:04:51 debootstrap: Unpacking init-system-helpers (1.56+nmu1) ...
Mar 30 12:04:53 debootstrap: Selecting previously unselected package libpam-runtime.
Mar 30 12:04:53 debootstrap: Preparing to unpack .../libpam-runtime_1.3.1-5_all.deb ...
Mar 30 12:04:53 debootstrap: Unpacking libpam-runtime (1.3.1-5) ...
Mar 30 12:05:00 debootstrap: Selecting previously unselected package dash.
Mar 30 12:05:00 debootstrap: Preparing to unpack .../dash_0.5.10.2-5_amd64.deb ...
Mar 30 12:05:00 debootstrap: Unpacking dash (0.5.10.2-5) ...
Mar 30 12:05:02 debootstrap: Selecting previously unselected package diffutils.
Mar 30 12:05:02 debootstrap: Preparing to unpack .../diffutils_1%3a3.7-3_amd64.deb ...
Mar 30 12:05:02 debootstrap: Unpacking diffutils (1:3.7-3) ...
Mar 30 12:05:05 debootstrap: Selecting previously unselected package libblkid1:amd64.
Mar 30 12:05:05 debootstrap: Preparing to unpack .../libblkid1_2.33.1-0.1_amd64.deb ...
Mar 30 12:05:06 debootstrap: Unpacking libblkid1:amd64 (2.33.1-0.1) ...
Mar 30 12:05:07 debootstrap: Selecting previously unselected package libext2fs2:amd64.
Mar 30 12:05:07 debootstrap: Preparing to unpack .../libext2fs2_1.44.5-1+deb10u3_amd64.deb ...
Mar 30 12:05:07 debootstrap: Unpacking libext2fs2:amd64 (1.44.5-1+deb10u3) ...
Mar 30 12:05:09 debootstrap: Selecting previously unselected package e2fsprogs.
Mar 30 12:05:09 debootstrap: dpkg: regarding .../e2fsprogs_1.44.5-1+deb10u3_amd64.deb containing e2fsprogs, pre-dependency problem:
Mar 30 12:05:09 debootstrap:  e2fsprogs pre-depends on libblkid1 (>= 2.17.2)
Mar 30 12:05:09 debootstrap:   libblkid1:amd64 is unpacked, but has never been configured.
Mar 30 12:05:09 debootstrap: 
Mar 30 12:05:09 debootstrap: dpkg: warning: ignoring pre-dependency problem!
Mar 30 12:05:09 debootstrap: dpkg: regarding .../e2fsprogs_1.44.5-1+deb10u3_amd64.deb containing e2fsprogs, pre-dependency problem:
Mar 30 12:05:09 debootstrap:  e2fsprogs pre-depends on libcom-err2 (>= 1.43.9)
Mar 30 12:05:09 debootstrap:   libcom-err2:amd64 is unpacked, but has never been configured.
Mar 30 12:05:09 debootstrap: 
Mar 30 12:05:09 debootstrap: dpkg: warning: ignoring pre-dependency problem!
Mar 30 12:05:09 debootstrap: dpkg: regarding .../e2fsprogs_1.44.5-1+deb10u3_amd64.deb containing e2fsprogs, pre-dependency problem:
Mar 30 12:05:09 debootstrap:  e2fsprogs pre-depends on libext2fs2 (= 1.44.5-1+deb10u3)
Mar 30 12:05:09 debootstrap:   libext2fs2:amd64 is unpacked, but has never been configured.
Mar 30 12:05:09 debootstrap: 
Mar 30 12:05:09 debootstrap: dpkg: warning: ignoring pre-dependency problem!
Mar 30 12:05:09 debootstrap: dpkg: regarding .../e2fsprogs_1.44.5-1+deb10u3_amd64.deb containing e2fsprogs, pre-dependency problem:
Mar 30 12:05:09 debootstrap:  e2fsprogs pre-depends on libss2 (>= 1.38)
Mar 30 12:05:09 debootstrap:   libss2 is not installed.
Mar 30 12:05:09 debootstrap: 
Mar 30 12:05:09 debootstrap: dpkg: warning: ignoring pre-dependency problem!
Mar 30 12:05:09 debootstrap: dpkg: regarding .../e2fsprogs_1.44.5-1+deb10u3_amd64.deb containing e2fsprogs, pre-dependency problem:
Mar 30 12:05:09 debootstrap:  e2fsprogs pre-depends on libuuid1 (>= 2.16)
Mar 30 12:05:09 debootstrap:   libuuid1 is not installed.
Mar 30 12:05:09 debootstrap: 
Mar 30 12:05:09 debootstrap: dpkg: warning: ignoring pre-dependency problem!
Mar 30 12:05:09 debootstrap: Preparing to unpack .../e2fsprogs_1.44.5-1+deb10u3_amd64.deb ...
Mar 30 12:05:09 debootstrap: Unpacking e2fsprogs (1.44.5-1+deb10u3) ...
Mar 30 12:05:12 debootstrap: Selecting previously unselected package findutils.
Mar 30 12:05:12 debootstrap: dpkg: regarding .../findutils_4.6.0+git+20190209-2_amd64.deb containing findutils, pre-dependency problem:
Mar 30 12:05:12 debootstrap:  findutils pre-depends on libselinux1 (>= 1.32)
Mar 30 12:05:12 debootstrap:   libselinux1 is not installed.
Mar 30 12:05:12 debootstrap: 
Mar 30 12:05:12 debootstrap: dpkg: warning: ignoring pre-dependency problem!
Mar 30 12:05:12 debootstrap: Preparing to unpack .../findutils_4.6.0+git+20190209-2_amd64.deb ...
Mar 30 12:05:13 debootstrap: Unpacking findutils (4.6.0+git+20190209-2) ...
Mar 30 12:05:16 debootstrap: Selecting previously unselected package libc-bin.
Mar 30 12:05:16 debootstrap: Preparing to unpack .../libc-bin_2.28-10_amd64.deb ...
Mar 30 12:05:17 debootstrap: Unpacking libc-bin (2.28-10) ...
Mar 30 12:05:20 debootstrap: Selecting previously unselected package grep.
Mar 30 12:05:20 debootstrap: dpkg: regarding .../archives/grep_3.3-1_amd64.deb containing grep, pre-dependency problem:
Mar 30 12:05:20 debootstrap:  grep pre-depends on libpcre3
Mar 30 12:05:20 debootstrap:   libpcre3:amd64 is unpacked, but has never been configured.
Mar 30 12:05:20 debootstrap: 
Mar 30 12:05:20 debootstrap: dpkg: warning: ignoring pre-dependency problem!
Mar 30 12:05:20 debootstrap: Preparing to unpack .../archives/grep_3.3-1_amd64.deb ...
Mar 30 12:05:20 debootstrap: Unpacking grep (3.3-1) ...
Mar 30 12:05:23 debootstrap: Selecting previously unselected package gzip.
Mar 30 12:05:23 debootstrap: Preparing to unpack .../archives/gzip_1.9-3_amd64.deb ...
Mar 30 12:05:24 debootstrap: Unpacking gzip (1.9-3) ...
Mar 30 12:05:26 debootstrap: Selecting previously unselected package hostname.
Mar 30 12:05:26 debootstrap: Preparing to unpack .../hostname_3.21_amd64.deb ...
Mar 30 12:05:26 debootstrap: Unpacking hostname (3.21) ...
Mar 30 12:05:28 debootstrap: Selecting previously unselected package libmount1:amd64.
Mar 30 12:05:28 debootstrap: Preparing to unpack .../libmount1_2.33.1-0.1_amd64.deb ...
Mar 30 12:05:28 debootstrap: Unpacking libmount1:amd64 (2.33.1-0.1) ...
Mar 30 12:05:30 debootstrap: Selecting previously unselected package libfdisk1:amd64.
Mar 30 12:05:30 debootstrap: Preparing to unpack .../libfdisk1_2.33.1-0.1_amd64.deb ...
Mar 30 12:05:30 debootstrap: Unpacking libfdisk1:amd64 (2.33.1-0.1) ...
Mar 30 12:05:31 debootstrap: Selecting previously unselected package fdisk.
Mar 30 12:05:31 debootstrap: Preparing to unpack .../fdisk_2.33.1-0.1_amd64.deb ...
Mar 30 12:05:31 debootstrap: Unpacking fdisk (2.33.1-0.1) ...
Mar 30 12:05:33 debootstrap: Selecting previously unselected package libselinux1:amd64.
Mar 30 12:05:33 debootstrap: Preparing to unpack .../libselinux1_2.8-1+b1_amd64.deb ...
Mar 30 12:05:34 debootstrap: Unpacking libselinux1:amd64 (2.8-1+b1) ...
Mar 30 12:05:35 debootstrap: Selecting previously unselected package zlib1g:amd64.
Mar 30 12:05:35 debootstrap: Preparing to unpack .../zlib1g_1%3a1.2.11.dfsg-1_amd64.deb ...
Mar 30 12:05:35 debootstrap: Unpacking zlib1g:amd64 (1:1.2.11.dfsg-1) ...
Mar 30 12:05:37 debootstrap: Selecting previously unselected package tar.
Mar 30 12:05:37 debootstrap: dpkg: regarding .../tar_1.30+dfsg-6_amd64.deb containing tar, pre-dependency problem:
Mar 30 12:05:37 debootstrap:  tar pre-depends on libacl1 (>= 2.2.23)
Mar 30 12:05:37 debootstrap:   libacl1:amd64 is unpacked, but has never been configured.
Mar 30 12:05:37 debootstrap: 
Mar 30 12:05:37 debootstrap: dpkg: warning: ignoring pre-dependency problem!
Mar 30 12:05:37 debootstrap: dpkg: regarding .../tar_1.30+dfsg-6_amd64.deb containing tar, pre-dependency problem:
Mar 30 12:05:37 debootstrap:  tar pre-depends on libselinux1 (>= 1.32)
Mar 30 12:05:37 debootstrap:   libselinux1:amd64 is unpacked, but has never been configured.
Mar 30 12:05:37 debootstrap: 
Mar 30 12:05:37 debootstrap: dpkg: warning: ignoring pre-dependency problem!
Mar 30 12:05:37 debootstrap: Preparing to unpack .../tar_1.30+dfsg-6_amd64.deb ...
Mar 30 12:05:37 debootstrap: Unpacking tar (1.30+dfsg-6) ...
